******************************************************************************
            TI ARM Clang Linker PC v4.0.4                      
******************************************************************************
>> Linked Thu May  7 18:22:18 2026

OUTPUT FILE NAME:   <10_DC_MOTOR_PID_2.out>
ENTRY POINT SYMBOL: "_c_int00_noargs"  address: 00001b99


MEMORY CONFIGURATION

         name            origin    length      used     unused   attr    fill
----------------------  --------  ---------  --------  --------  ----  --------
  FLASH                 00000000   00020000  000023b0  0001dc50  R  X
  SRAM                  20200000   00008000  000007fe  00007802  RW X
  BCR_CONFIG            41c00000   000000ff  00000000  000000ff  R   
  BSL_CONFIG            41c00100   00000080  00000000  00000080  R   


SEGMENT ALLOCATION MAP

run origin  load origin   length   init length attrs members
----------  ----------- ---------- ----------- ----- -------
00000000    00000000    000023b0   000023b0    r-x
  00000000    00000000    000000c0   000000c0    r-- .intvecs
  000000c0    000000c0    00002240   00002240    r-x .text
  00002300    00002300    00000078   00000078    r-- .rodata
  00002378    00002378    00000038   00000038    r-- .cinit
20200000    20200000    000005fe   00000000    rw-
  20200000    20200000    000005dc   00000000    rw- .bss
  202005dc    202005dc    00000022   00000000    rw- .data
20207e00    20207e00    00000200   00000000    rw-
  20207e00    20207e00    00000200   00000000    rw- .stack


SECTION ALLOCATION MAP

 output                                  attributes/
section   page    origin      length       input sections
--------  ----  ----------  ----------   ----------------
.intvecs   0    00000000    000000c0     
                  00000000    000000c0     startup_mspm0g350x_ticlang.o (.intvecs)

.text      0    000000c0    00002240     
                  000000c0    00000150     ti_msp_dl_config.o (.text.SYSCFG_DL_GPIO_init)
                  00000210    00000104     driverlib.a : dl_timer.o (.text.DL_Timer_initFourCCPWMMode)
                  00000314    000000fc                 : dl_timer.o (.text.DL_Timer_initTimerMode)
                  00000410    000000f8     oled.o (.text.OLED_Init)
                  00000508    000000e8     ti_msp_dl_config.o (.text.SYSCFG_DL_SYSCTL_SYSPLL_init)
                  000005f0    000000e4     libclang_rt.builtins.a : muldf3.S.obj (.text.__muldf3)
                  000006d4    000000dc     driverlib.a : dl_sysctl_mspm0g1x0x_g3x0x.o (.text.DL_SYSCTL_configSYSPLL)
                  000007b0    000000d8     libclang_rt.builtins.a : addsf3.S.obj (.text)
                  00000888    000000b0     ti_msp_dl_config.o (.text.SYSCFG_DL_initPower)
                  00000938    000000a8     motor.o (.text.DC_MOTOR_PID)
                  000009e0    000000a0     motor.o (.text.motor_set_direction)
                  00000a80    0000008c     libclang_rt.builtins.a : mulsf3.S.obj (.text.__mulsf3)
                  00000b0c    0000008c     main.o (.text.main)
                  00000b98    00000082     libclang_rt.builtins.a : divsf3.S.obj (.text.__divsf3)
                  00000c1a    00000002                            : aeabi_div0.c.obj (.text.__aeabi_idiv0)
                  00000c1c    00000080     motor.o (.text.calculate_speed)
                  00000c9c    0000007c     oled.o (.text.OLED_Refresh)
                  00000d18    0000007c     libc.a : copy_decompress_lzss.c.obj (.text:decompress:lzss)
                  00000d94    00000078     motor.o (.text.motor_init)
                  00000e0c    00000074     key.o (.text.GROUP1_IRQHandler)
                  00000e80    00000074     oled.o (.text.OLED_WR_Byte)
                  00000ef4    00000074     ti_msp_dl_config.o (.text.SYSCFG_DL_SYSCTL_init)
                  00000f68    00000074     libclang_rt.builtins.a : comparedf2.c.obj (.text.__gedf2)
                  00000fdc    00000004     startup_mspm0g350x_ticlang.o (.text.Default_Handler)
                  00000fe0    00000074     libclang_rt.builtins.a : truncdfsf2.S.obj (.text.__truncdfsf2)
                  00001054    0000006c     ti_msp_dl_config.o (.text.SYSCFG_DL_SERVO_init)
                  000010c0    00000068     libclang_rt.builtins.a : comparedf2.c.obj (.text.__ledf2)
                  00001128    00000064     ti_msp_dl_config.o (.text.DL_ADC12_initSingleSample)
                  0000118c    00000064     driverlib.a : dl_sysctl_mspm0g1x0x_g3x0x.o (.text.DL_SYSCTL_setHFCLKSourceHFXTParams)
                  000011f0    00000064     ti_msp_dl_config.o (.text.SYSCFG_DL_PWMA_init)
                  00001254    00000062     libclang_rt.builtins.a : aeabi_dcmp.S.obj (.text.__aeabi_dcmp)
                  000012b6    00000002     --HOLE-- [fill = 0]
                  000012b8    00000060     oled.o (.text.OLED_Clear)
                  00001318    00000060     ti_msp_dl_config.o (.text.SYSCFG_DL_OLED_init)
                  00001378    0000005e     driverlib.a : dl_i2c.o (.text.DL_I2C_fillControllerTXFIFO)
                  000013d6    00000002     --HOLE-- [fill = 0]
                  000013d8    00000056     libclang_rt.builtins.a : aeabi_idivmod.S.obj (.text.__aeabi_idivmod)
                  0000142e    00000002     --HOLE-- [fill = 0]
                  00001430    00000050     ti_msp_dl_config.o (.text.DL_GPIO_initPeripheralInputFunctionFeatures)
                  00001480    00000050     oled.o (.text.DL_I2C_startControllerTransfer)
                  000014d0    0000004c     ti_msp_dl_config.o (.text.DL_GPIO_initDigitalInputFeatures)
                  0000151c    0000004c     ti_msp_dl_config.o (.text.DL_UART_setBaudRateDivisor)
                  00001568    0000004c     ti_msp_dl_config.o (.text.SYSCFG_DL_xuanniu_init)
                  000015b4    0000004c     motor.o (.text.motor_set_duty)
                  00001600    0000004a     ti_msp_dl_config.o (.text.DL_ADC12_configConversionMem)
                  0000164a    00000002     --HOLE-- [fill = 0]
                  0000164c    00000048     driverlib.a : dl_uart.o (.text.DL_UART_init)
                  00001694    00000048     oled.o (.text.OLED_DisplayTurn)
                  000016dc    00000048     ti_msp_dl_config.o (.text.SYSCFG_DL_PRINT_init)
                  00001724    00000044     driverlib.a : dl_sysctl_mspm0g1x0x_g3x0x.o (.text.DL_SYSCTL_switchMCLKfromSYSOSCtoHSCLK)
                  00001768    00000044     ti_msp_dl_config.o (.text.SYSCFG_DL_init)
                  000017ac    00000040     driverlib.a : dl_adc12.o (.text.DL_ADC12_setClockConfig)
                  000017ec    00000040     libclang_rt.builtins.a : aeabi_uidivmod.S.obj (.text.__aeabi_uidivmod)
                  0000182c    00000040                            : extendsfdf2.S.obj (.text.__extendsfdf2)
                  0000186c    0000003c     ti_msp_dl_config.o (.text.DL_Timer_setCounterControl)
                  000018a8    0000003c     libc.a : autoinit.c.obj (.text:__TI_auto_init_nobinit_nopinit)
                  000018e4    0000003a     libclang_rt.builtins.a : muldsi3.S.obj (.text.__muldsi3)
                  0000191e    00000002     --HOLE-- [fill = 0]
                  00001920    00000038                            : fixsfsi.S.obj (.text.__fixsfsi)
                  00001958    00000034     oled.o (.text.OLED_ColorTurn)
                  0000198c    00000034     ti_msp_dl_config.o (.text.SYSCFG_DL_MOTOR_PID_init)
                  000019c0    00000034     uart.o (.text.UART0_IRQHandler)
                  000019f4    00000030     driverlib.a : dl_uart.o (.text.DL_UART_transmitDataBlocking)
                  00001a24    0000002c     motor.o (.text.TIMA0_IRQHandler)
                  00001a50    0000002c     main.o (.text.__NVIC_EnableIRQ)
                  00001a7c    0000002c     motor.o (.text.__NVIC_EnableIRQ)
                  00001aa8    00000028     oled.o (.text.DL_Common_updateReg)
                  00001ad0    00000028     ti_msp_dl_config.o (.text.DL_Common_updateReg)
                  00001af8    00000028     ti_msp_dl_config.o (.text.DL_I2C_setControllerRXFIFOThreshold)
                  00001b20    00000028     ti_msp_dl_config.o (.text.DL_I2C_setControllerTXFIFOThreshold)
                  00001b48    00000028     ti_msp_dl_config.o (.text.SYSCFG_DL_VREF_init)
                  00001b70    00000028     libclang_rt.builtins.a : floatunsisf.S.obj (.text.__floatunsisf)
                  00001b98    00000028     libc.a : boot_cortex_m.c.obj (.text:_c_int00_noargs)
                  00001bc0    00000026     ti_msp_dl_config.o (.text.DL_I2C_setAnalogGlitchFilterPulseWidth)
                  00001be6    00000026     driverlib.a : dl_i2c.o (.text.DL_I2C_setClockConfig)
                  00001c0c    00000024     ti_msp_dl_config.o (.text.DL_I2C_setDigitalGlitchFilterPulseWidth)
                  00001c30    00000024     libclang_rt.builtins.a : floatunsidf.S.obj (.text.__floatunsidf)
                  00001c54    00000022     driverlib.a : dl_vref.o (.text.DL_VREF_configReference)
                  00001c76    00000002     --HOLE-- [fill = 0]
                  00001c78    00000020     ti_msp_dl_config.o (.text.DL_GPIO_initPeripheralInputFunction)
                  00001c98    00000020     ti_msp_dl_config.o (.text.DL_SYSCTL_setFlashWaitState)
                  00001cb8    0000001e     ti_msp_dl_config.o (.text.DL_UART_setOversampling)
                  00001cd6    00000002     --HOLE-- [fill = 0]
                  00001cd8    0000001c     ti_msp_dl_config.o (.text.DL_GPIO_clearInterruptStatus)
                  00001cf4    0000001c     ti_msp_dl_config.o (.text.DL_GPIO_enableHiZ)
                  00001d10    0000001c     ti_msp_dl_config.o (.text.DL_GPIO_enableInterrupt)
                  00001d2c    0000001c     ti_msp_dl_config.o (.text.DL_GPIO_initPeripheralOutputFunction)
                  00001d48    0000001c     ti_msp_dl_config.o (.text.DL_GPIO_setLowerPinsPolarity)
                  00001d64    0000001c     driverlib.a : dl_sysctl_mspm0g1x0x_g3x0x.o (.text.DL_SYSCTL_configFCC)
                  00001d80    0000001c     ti_msp_dl_config.o (.text.DL_SYSCTL_setFCCPeriods)
                  00001d9c    0000001c     ti_msp_dl_config.o (.text.DL_SYSCTL_setSYSOSCFreq)
                  00001db8    0000001c     ti_msp_dl_config.o (.text.DL_SYSCTL_setULPCLKDivider)
                  00001dd4    0000001c     ti_msp_dl_config.o (.text.DL_Timer_enableInterrupt)
                  00001df0    0000001c     driverlib.a : dl_timer.o (.text.DL_Timer_setCaptCompUpdateMethod)
                  00001e0c    0000001c                 : dl_timer.o (.text.DL_Timer_setClockConfig)
                  00001e28    0000001c     ti_msp_dl_config.o (.text.DL_UART_enableInterrupt)
                  00001e44    0000001c     uart.o (.text.UART_send_char)
                  00001e60    0000001c     delay.o (.text.delay_ms)
                  00001e7c    00000018     ti_msp_dl_config.o (.text.DL_ADC12_enablePower)
                  00001e94    00000018     ti_msp_dl_config.o (.text.DL_ADC12_reset)
                  00001eac    00000018     ti_msp_dl_config.o (.text.DL_GPIO_enableOutput)
                  00001ec4    00000018     ti_msp_dl_config.o (.text.DL_GPIO_enablePower)
                  00001edc    00000018     ti_msp_dl_config.o (.text.DL_GPIO_initDigitalOutput)
                  00001ef4    00000018     ti_msp_dl_config.o (.text.DL_GPIO_initPeripheralAnalogFunction)
                  00001f0c    00000018     ti_msp_dl_config.o (.text.DL_GPIO_reset)
                  00001f24    00000018     motor.o (.text.DL_GPIO_setPins)
                  00001f3c    00000018     ti_msp_dl_config.o (.text.DL_GPIO_setUpperPinsPolarity)
                  00001f54    00000018     ti_msp_dl_config.o (.text.DL_I2C_enableAnalogGlitchFilter)
                  00001f6c    00000018     ti_msp_dl_config.o (.text.DL_I2C_enableController)
                  00001f84    00000018     ti_msp_dl_config.o (.text.DL_I2C_enableControllerClockStretching)
                  00001f9c    00000018     ti_msp_dl_config.o (.text.DL_I2C_enablePower)
                  00001fb4    00000018     ti_msp_dl_config.o (.text.DL_I2C_reset)
                  00001fcc    00000018     ti_msp_dl_config.o (.text.DL_I2C_setTimerPeriod)
                  00001fe4    00000018     ti_msp_dl_config.o (.text.DL_SYSCTL_setBORThreshold)
                  00001ffc    00000018     ti_msp_dl_config.o (.text.DL_Timer_enablePower)
                  00002014    00000018     ti_msp_dl_config.o (.text.DL_Timer_reset)
                  0000202c    00000018     driverlib.a : dl_timer.o (.text.DL_Timer_setCaptureCompareOutCtl)
                  00002044    00000018     main.o (.text.DL_Timer_startCounter)
                  0000205c    00000018     motor.o (.text.DL_Timer_startCounter)
                  00002074    00000018     ti_msp_dl_config.o (.text.DL_UART_enablePower)
                  0000208c    00000018     ti_msp_dl_config.o (.text.DL_UART_reset)
                  000020a4    00000018     ti_msp_dl_config.o (.text.DL_VREF_enablePower)
                  000020bc    00000018     ti_msp_dl_config.o (.text.DL_VREF_reset)
                  000020d4    00000016     main.o (.text.DL_ADC12_enableConversions)
                  000020ea    00000016     ti_msp_dl_config.o (.text.DL_ADC12_enableConversions)
                  00002100    00000016     ti_msp_dl_config.o (.text.DL_UART_enable)
                  00002116    00000014     motor.o (.text.DL_GPIO_clearPins)
                  0000212a    00000014     ti_msp_dl_config.o (.text.DL_GPIO_clearPins)
                  0000213e    00000002     --HOLE-- [fill = 0]
                  00002140    00000014     oled.o (.text.DL_I2C_getControllerStatus)
                  00002154    00000014     ti_msp_dl_config.o (.text.DL_I2C_resetControllerTransfer)
                  00002168    00000014     ti_msp_dl_config.o (.text.DL_SYSCTL_disableSYSPLL)
                  0000217c    00000014     ti_msp_dl_config.o (.text.DL_SYSCTL_enableSYSPLL)
                  00002190    00000014     ti_msp_dl_config.o (.text.DL_Timer_enableClock)
                  000021a4    00000014     ti_msp_dl_config.o (.text.DL_Timer_setCCPDirection)
                  000021b8    00000014     uart.o (.text.DL_UART_receiveData)
                  000021cc    00000012     key.o (.text.DL_GPIO_getPendingInterrupt)
                  000021de    00000012     motor.o (.text.DL_Timer_getPendingInterrupt)
                  000021f0    00000012     uart.o (.text.DL_UART_getPendingInterrupt)
                  00002202    00000012     driverlib.a : dl_uart.o (.text.DL_UART_setClockConfig)
                  00002214    00000012                 : dl_vref.o (.text.DL_VREF_setClockConfig)
                  00002226    00000012     libc.a : memcpy16.S.obj (.text:TI_memcpy_small)
                  00002238    00000012            : copy_decompress_none.c.obj (.text:decompress:none)
                  0000224a    00000002     --HOLE-- [fill = 0]
                  0000224c    00000010     ti_msp_dl_config.o (.text.DL_SYSCTL_disableHFXT)
                  0000225c    00000010     ti_msp_dl_config.o (.text.DL_SYSCTL_isFCCDone)
                  0000226c    00000010     ti_msp_dl_config.o (.text.DL_SYSCTL_startFCC)
                  0000227c    00000010     driverlib.a : dl_timer.o (.text.DL_Timer_setCaptureCompareValue)
                  0000228c    00000010     libc.a : copy_zero_init.c.obj (.text:decompress:ZI)
                  0000229c    0000000e            : memset16.S.obj (.text:TI_memset_small)
                  000022aa    00000002     --HOLE-- [fill = 0]
                  000022ac    0000000c     ti_msp_dl_config.o (.text.DL_SYSCTL_getClockStatus)
                  000022b8    0000000c     ti_msp_dl_config.o (.text.DL_SYSCTL_readFCC)
                  000022c4    0000000c     libclang_rt.builtins.a : aeabi_memset.S.obj (.text.__aeabi_memclr)
                  000022d0    0000000a     driverlib.a : dl_common.o (.text.DL_Common_delayCycles)
                  000022da    00000002     --HOLE-- [fill = 0]
                  000022dc    00000008     libclang_rt.builtins.a : aeabi_memcpy.S.obj (.text.__aeabi_memcpy)
                  000022e4    00000006     libc.a : exit.c.obj (.text:abort)
                  000022ea    00000004     libsysbm.a : hostexit.c.obj (.text.HOSTexit)
                  000022ee    00000004     startup_mspm0g350x_ticlang.o (.text.Reset_Handler)
                  000022f2    00000004     libc.a : pre_init.c.obj (.text._system_pre_init)
                  000022f6    0000000a     --HOLE-- [fill = 0]

.cinit     0    00002378    00000038     
                  00002378    00000013     (.cinit..data.load) [load image, compression = lzss]
                  0000238b    00000001     --HOLE-- [fill = 0]
                  0000238c    0000000c     (__TI_handler_table)
                  00002398    00000008     (.cinit..bss.load) [load image, compression = zero_init]
                  000023a0    00000010     (__TI_cinit_table)

.rodata    0    00002300    00000078     
                  00002300    00000028     ti_msp_dl_config.o (.rodata.gSYSPLLConfig)
                  00002328    00000014     ti_msp_dl_config.o (.rodata.gMOTOR_PIDTimerConfig)
                  0000233c    0000000a     ti_msp_dl_config.o (.rodata.gPRINTConfig)
                  00002346    00000002     ti_msp_dl_config.o (.rodata.gOLEDClockConfig)
                  00002348    00000008     ti_msp_dl_config.o (.rodata.gPWMAConfig)
                  00002350    00000008     ti_msp_dl_config.o (.rodata.gSERVOConfig)
                  00002358    00000008     ti_msp_dl_config.o (.rodata.gVREFConfig)
                  00002360    00000008     ti_msp_dl_config.o (.rodata.gxuanniuClockConfig)
                  00002368    00000003     ti_msp_dl_config.o (.rodata.gMOTOR_PIDClockConfig)
                  0000236b    00000003     ti_msp_dl_config.o (.rodata.gPWMAClockConfig)
                  0000236e    00000003     ti_msp_dl_config.o (.rodata.gSERVOClockConfig)
                  00002371    00000002     ti_msp_dl_config.o (.rodata.gPRINTClockConfig)
                  00002373    00000002     ti_msp_dl_config.o (.rodata.gVREFClockConfig)
                  00002375    00000003     --HOLE-- [fill = 0]

.init_array 
*          0    00000000    00000000     UNINITIALIZED

.binit     0    00000000    00000000     

.bss       0    20200000    000005dc     UNINITIALIZED
                  20200000    00000480     (.common:OLED_GRAM)
                  20200480    000000bc     (.common:gMOTOR_PIDBackup)
                  2020053c    000000a0     (.common:gSERVOBackup)

.data      0    202005dc    00000022     UNINITIALIZED
                  202005dc    00000004     key.o (.data.counter_1_A)
                  202005e0    00000004     motor.o (.data.current_error_1)
                  202005e4    00000004     motor.o (.data.ki)
                  202005e8    00000004     motor.o (.data.kp)
                  202005ec    00000004     motor.o (.data.last_error_1)
                  202005f0    00000004     motor.o (.data.speed_1)
                  202005f4    00000004     main.o (.data.status)
                  202005f8    00000004     motor.o (.data.target_speed_1)
                  202005fc    00000002     motor.o (.data.PWM_1_duty)

.stack     0    20207e00    00000200     UNINITIALIZED
                  20207e00    00000004     libc.a : boot_cortex_m.c.obj (.stack)
                  20207e04    000001fc     --HOLE--

__llvm_prf_cnts 
*          0    20200000    00000000     UNINITIALIZED

__llvm_prf_bits 
*          0    20200000    00000000     UNINITIALIZED

MODULE SUMMARY

       Module                         code   ro data   rw data
       ------                         ----   -------   -------
    .\
       ti_msp_dl_config.o             3246   117       348    
       main.o                         230    0         4      
       startup_mspm0g350x_ticlang.o   8      192       0      
    +--+------------------------------+------+---------+---------+
       Total:                         3484   309       352    
                                                              
    .\user_driver\
       oled.o                         848    0         1152   
       motor.o                        826    0         26     
       key.o                          134    0         4      
       uart.o                         118    0         0      
       delay.o                        28     0         0      
    +--+------------------------------+------+---------+---------+
       Total:                         1954   0         1182   
                                                              
    C:/TI/mspm0_sdk_2_10_00_04/source/ti/driverlib/lib/ticlang/m0p/mspm0g1x0x_g3x0x/driverlib.a
       dl_timer.o                     608    0         0      
       dl_sysctl_mspm0g1x0x_g3x0x.o   416    0         0      
       dl_uart.o                      138    0         0      
       dl_i2c.o                       132    0         0      
       dl_adc12.o                     64     0         0      
       dl_vref.o                      52     0         0      
       dl_common.o                    10     0         0      
    +--+------------------------------+------+---------+---------+
       Total:                         1420   0         0      
                                                              
    E:\ti\ccs2050\ccs\tools\compiler\ti-cgt-armllvm_4.0.4.LTS\lib\armv6m-ti-none-eabi/c/libc.a
       copy_decompress_lzss.c.obj     124    0         0      
       autoinit.c.obj                 60     0         0      
       boot_cortex_m.c.obj            40     0         0      
       copy_decompress_none.c.obj     18     0         0      
       memcpy16.S.obj                 18     0         0      
       copy_zero_init.c.obj           16     0         0      
       memset16.S.obj                 14     0         0      
       exit.c.obj                     6      0         0      
       pre_init.c.obj                 4      0         0      
    +--+------------------------------+------+---------+---------+
       Total:                         300    0         0      
                                                              
    E:\ti\ccs2050\ccs\tools\compiler\ti-cgt-armllvm_4.0.4.LTS\lib\armv6m-ti-none-eabi/c/libsysbm.a
       hostexit.c.obj                 4      0         0      
    +--+------------------------------+------+---------+---------+
       Total:                         4      0         0      
                                                              
    E:\ti\ccs2050\ccs\tools\compiler\ti-cgt-armllvm_4.0.4.LTS\lib\armv6m-ti-none-eabi/libclang_rt.builtins.a
       muldf3.S.obj                   228    0         0      
       comparedf2.c.obj               220    0         0      
       addsf3.S.obj                   216    0         0      
       mulsf3.S.obj                   140    0         0      
       divsf3.S.obj                   130    0         0      
       truncdfsf2.S.obj               116    0         0      
       aeabi_dcmp.S.obj               98     0         0      
       aeabi_idivmod.S.obj            86     0         0      
       aeabi_uidivmod.S.obj           64     0         0      
       extendsfdf2.S.obj              64     0         0      
       muldsi3.S.obj                  58     0         0      
       fixsfsi.S.obj                  56     0         0      
       floatunsisf.S.obj              40     0         0      
       floatunsidf.S.obj              36     0         0      
       aeabi_memset.S.obj             12     0         0      
       aeabi_memcpy.S.obj             8      0         0      
       aeabi_div0.c.obj               2      0         0      
    +--+------------------------------+------+---------+---------+
       Total:                         1574   0         0      
                                                              
       Stack:                         0      0         512    
       Linker Generated:              0      55        0      
    +--+------------------------------+------+---------+---------+
       Grand Total:                   8736   364       2046   


LINKER GENERATED COPY TABLES

__TI_cinit_table @ 000023a0 records: 2, size/record: 8, table size: 16
	.data: load addr=00002378, load size=00000013 bytes, run addr=202005dc, run size=00000022 bytes, compression=lzss
	.bss: load addr=00002398, load size=00000008 bytes, run addr=20200000, run size=000005dc bytes, compression=zero_init


LINKER GENERATED HANDLER TABLE

__TI_handler_table @ 0000238c records: 3, size/record: 4, table size: 12
	index: 0, handler: __TI_decompress_lzss
	index: 1, handler: __TI_decompress_none
	index: 2, handler: __TI_zero_init


GLOBAL SYMBOLS: SORTED ALPHABETICALLY BY Name 

address   name                                 
-------   ----                                 
00000fdd  ADC0_IRQHandler                      
00000fdd  ADC1_IRQHandler                      
00000fdd  AES_IRQHandler                       
000022ea  C$$EXIT                              
00000fdd  CANFD0_IRQHandler                    
00000fdd  DAC0_IRQHandler                      
00000939  DC_MOTOR_PID                         
000017ad  DL_ADC12_setClockConfig              
000022d1  DL_Common_delayCycles                
00001379  DL_I2C_fillControllerTXFIFO          
00001be7  DL_I2C_setClockConfig                
00001d65  DL_SYSCTL_configFCC                  
000006d5  DL_SYSCTL_configSYSPLL               
0000118d  DL_SYSCTL_setHFCLKSourceHFXTParams   
00001725  DL_SYSCTL_switchMCLKfromSYSOSCtoHSCLK
00000211  DL_Timer_initFourCCPWMMode           
00000315  DL_Timer_initTimerMode               
00001df1  DL_Timer_setCaptCompUpdateMethod     
0000202d  DL_Timer_setCaptureCompareOutCtl     
0000227d  DL_Timer_setCaptureCompareValue      
00001e0d  DL_Timer_setClockConfig              
0000164d  DL_UART_init                         
00002203  DL_UART_setClockConfig               
000019f5  DL_UART_transmitDataBlocking         
00001c55  DL_VREF_configReference              
00002215  DL_VREF_setClockConfig               
00000fdd  DMA_IRQHandler                       
00000fdd  Default_Handler                      
00000fdd  GROUP0_IRQHandler                    
00000e0d  GROUP1_IRQHandler                    
000022eb  HOSTexit                             
00000fdd  HardFault_Handler                    
00000fdd  I2C0_IRQHandler                      
00000fdd  I2C1_IRQHandler                      
00000fdd  NMI_Handler                          
000012b9  OLED_Clear                           
00001959  OLED_ColorTurn                       
00001695  OLED_DisplayTurn                     
20200000  OLED_GRAM                            
00000411  OLED_Init                            
00000c9d  OLED_Refresh                         
00000e81  OLED_WR_Byte                         
202005fc  PWM_1_duty                           
00000fdd  PendSV_Handler                       
00000fdd  RTC_IRQHandler                       
000022ef  Reset_Handler                        
00000fdd  SPI0_IRQHandler                      
00000fdd  SPI1_IRQHandler                      
00000fdd  SVC_Handler                          
000000c1  SYSCFG_DL_GPIO_init                  
0000198d  SYSCFG_DL_MOTOR_PID_init             
00001319  SYSCFG_DL_OLED_init                  
000016dd  SYSCFG_DL_PRINT_init                 
000011f1  SYSCFG_DL_PWMA_init                  
00001055  SYSCFG_DL_SERVO_init                 
00000509  SYSCFG_DL_SYSCTL_SYSPLL_init         
00000ef5  SYSCFG_DL_SYSCTL_init                
00001b49  SYSCFG_DL_VREF_init                  
00001769  SYSCFG_DL_init                       
00000889  SYSCFG_DL_initPower                  
00001569  SYSCFG_DL_xuanniu_init               
00000fdd  SysTick_Handler                      
00001a25  TIMA0_IRQHandler                     
00000fdd  TIMA1_IRQHandler                     
00000fdd  TIMG0_IRQHandler                     
00000fdd  TIMG12_IRQHandler                    
00000fdd  TIMG6_IRQHandler                     
00000fdd  TIMG7_IRQHandler                     
00000fdd  TIMG8_IRQHandler                     
00002227  TI_memcpy_small                      
0000229d  TI_memset_small                      
000019c1  UART0_IRQHandler                     
00000fdd  UART1_IRQHandler                     
00000fdd  UART2_IRQHandler                     
00000fdd  UART3_IRQHandler                     
00001e45  UART_send_char                       
20208000  __STACK_END                          
00000200  __STACK_SIZE                         
00000000  __TI_ATRegion0_region_sz             
00000000  __TI_ATRegion0_src_addr              
00000000  __TI_ATRegion0_trg_addr              
00000000  __TI_ATRegion1_region_sz             
00000000  __TI_ATRegion1_src_addr              
00000000  __TI_ATRegion1_trg_addr              
00000000  __TI_ATRegion2_region_sz             
00000000  __TI_ATRegion2_src_addr              
00000000  __TI_ATRegion2_trg_addr              
000023a0  __TI_CINIT_Base                      
000023b0  __TI_CINIT_Limit                     
000023b0  __TI_CINIT_Warm                      
0000238c  __TI_Handler_Table_Base              
00002398  __TI_Handler_Table_Limit             
000018a9  __TI_auto_init_nobinit_nopinit       
00000d19  __TI_decompress_lzss                 
00002239  __TI_decompress_none                 
ffffffff  __TI_pprof_out_hndl                  
ffffffff  __TI_prof_data_size                  
ffffffff  __TI_prof_data_start                 
00000000  __TI_static_base__                   
0000228d  __TI_zero_init                       
000007bb  __addsf3                             
00000fe1  __aeabi_d2f                          
00001255  __aeabi_dcmpeq                       
00001291  __aeabi_dcmpge                       
000012a5  __aeabi_dcmpgt                       
0000127d  __aeabi_dcmple                       
00001269  __aeabi_dcmplt                       
000005f1  __aeabi_dmul                         
0000182d  __aeabi_f2d                          
00001921  __aeabi_f2iz                         
000007bb  __aeabi_fadd                         
00000b99  __aeabi_fdiv                         
00000a81  __aeabi_fmul                         
000007b1  __aeabi_fsub                         
000013d9  __aeabi_idiv                         
00000c1b  __aeabi_idiv0                        
000013d9  __aeabi_idivmod                      
000022c5  __aeabi_memclr                       
000022c5  __aeabi_memclr4                      
000022c5  __aeabi_memclr8                      
000022dd  __aeabi_memcpy                       
000022dd  __aeabi_memcpy4                      
000022dd  __aeabi_memcpy8                      
00001c31  __aeabi_ui2d                         
00001b71  __aeabi_ui2f                         
000017ed  __aeabi_uidiv                        
000017ed  __aeabi_uidivmod                     
ffffffff  __binit__                            
000010c1  __cmpdf2                             
00000b99  __divsf3                             
000010c1  __eqdf2                              
0000182d  __extendsfdf2                        
00001921  __fixsfsi                            
00001c31  __floatunsidf                        
00001b71  __floatunsisf                        
00000f69  __gedf2                              
00000f69  __gtdf2                              
000010c1  __ledf2                              
000010c1  __ltdf2                              
UNDEFED   __mpu_init                           
000005f1  __muldf3                             
000018e5  __muldsi3                            
00000a81  __mulsf3                             
000010c1  __nedf2                              
20207e00  __stack                              
20200000  __start___llvm_prf_bits              
20200000  __start___llvm_prf_cnts              
20200000  __stop___llvm_prf_bits               
20200000  __stop___llvm_prf_cnts               
000007b1  __subsf3                             
00000fe1  __truncdfsf2                         
00001b99  _c_int00_noargs                      
UNDEFED   _system_post_cinit                   
000022f3  _system_pre_init                     
000022e5  abort                                
ffffffff  binit                                
00000c1d  calculate_speed                      
202005dc  counter_1_A                          
202005e0  current_error_1                      
00001e61  delay_ms                             
20200480  gMOTOR_PIDBackup                     
2020053c  gSERVOBackup                         
00000000  interruptVectors                     
202005e4  ki                                   
202005e8  kp                                   
202005ec  last_error_1                         
00000b0d  main                                 
00000d95  motor_init                           
000009e1  motor_set_direction                  
000015b5  motor_set_duty                       
202005f0  speed_1                              
202005f4  status                               
202005f8  target_speed_1                       


GLOBAL SYMBOLS: SORTED BY Symbol Address 

address   name                                 
-------   ----                                 
00000000  __TI_ATRegion0_region_sz             
00000000  __TI_ATRegion0_src_addr              
00000000  __TI_ATRegion0_trg_addr              
00000000  __TI_ATRegion1_region_sz             
00000000  __TI_ATRegion1_src_addr              
00000000  __TI_ATRegion1_trg_addr              
00000000  __TI_ATRegion2_region_sz             
00000000  __TI_ATRegion2_src_addr              
00000000  __TI_ATRegion2_trg_addr              
00000000  __TI_static_base__                   
00000000  interruptVectors                     
000000c1  SYSCFG_DL_GPIO_init                  
00000200  __STACK_SIZE                         
00000211  DL_Timer_initFourCCPWMMode           
00000315  DL_Timer_initTimerMode               
00000411  OLED_Init                            
00000509  SYSCFG_DL_SYSCTL_SYSPLL_init         
000005f1  __aeabi_dmul                         
000005f1  __muldf3                             
000006d5  DL_SYSCTL_configSYSPLL               
000007b1  __aeabi_fsub                         
000007b1  __subsf3                             
000007bb  __addsf3                             
000007bb  __aeabi_fadd                         
00000889  SYSCFG_DL_initPower                  
00000939  DC_MOTOR_PID                         
000009e1  motor_set_direction                  
00000a81  __aeabi_fmul                         
00000a81  __mulsf3                             
00000b0d  main                                 
00000b99  __aeabi_fdiv                         
00000b99  __divsf3                             
00000c1b  __aeabi_idiv0                        
00000c1d  calculate_speed                      
00000c9d  OLED_Refresh                         
00000d19  __TI_decompress_lzss                 
00000d95  motor_init                           
00000e0d  GROUP1_IRQHandler                    
00000e81  OLED_WR_Byte                         
00000ef5  SYSCFG_DL_SYSCTL_init                
00000f69  __gedf2                              
00000f69  __gtdf2                              
00000fdd  ADC0_IRQHandler                      
00000fdd  ADC1_IRQHandler                      
00000fdd  AES_IRQHandler                       
00000fdd  CANFD0_IRQHandler                    
00000fdd  DAC0_IRQHandler                      
00000fdd  DMA_IRQHandler                       
00000fdd  Default_Handler                      
00000fdd  GROUP0_IRQHandler                    
00000fdd  HardFault_Handler                    
00000fdd  I2C0_IRQHandler                      
00000fdd  I2C1_IRQHandler                      
00000fdd  NMI_Handler                          
00000fdd  PendSV_Handler                       
00000fdd  RTC_IRQHandler                       
00000fdd  SPI0_IRQHandler                      
00000fdd  SPI1_IRQHandler                      
00000fdd  SVC_Handler                          
00000fdd  SysTick_Handler                      
00000fdd  TIMA1_IRQHandler                     
00000fdd  TIMG0_IRQHandler                     
00000fdd  TIMG12_IRQHandler                    
00000fdd  TIMG6_IRQHandler                     
00000fdd  TIMG7_IRQHandler                     
00000fdd  TIMG8_IRQHandler                     
00000fdd  UART1_IRQHandler                     
00000fdd  UART2_IRQHandler                     
00000fdd  UART3_IRQHandler                     
00000fe1  __aeabi_d2f                          
00000fe1  __truncdfsf2                         
00001055  SYSCFG_DL_SERVO_init                 
000010c1  __cmpdf2                             
000010c1  __eqdf2                              
000010c1  __ledf2                              
000010c1  __ltdf2                              
000010c1  __nedf2                              
0000118d  DL_SYSCTL_setHFCLKSourceHFXTParams   
000011f1  SYSCFG_DL_PWMA_init                  
00001255  __aeabi_dcmpeq                       
00001269  __aeabi_dcmplt                       
0000127d  __aeabi_dcmple                       
00001291  __aeabi_dcmpge                       
000012a5  __aeabi_dcmpgt                       
000012b9  OLED_Clear                           
00001319  SYSCFG_DL_OLED_init                  
00001379  DL_I2C_fillControllerTXFIFO          
000013d9  __aeabi_idiv                         
000013d9  __aeabi_idivmod                      
00001569  SYSCFG_DL_xuanniu_init               
000015b5  motor_set_duty                       
0000164d  DL_UART_init                         
00001695  OLED_DisplayTurn                     
000016dd  SYSCFG_DL_PRINT_init                 
00001725  DL_SYSCTL_switchMCLKfromSYSOSCtoHSCLK
00001769  SYSCFG_DL_init                       
000017ad  DL_ADC12_setClockConfig              
000017ed  __aeabi_uidiv                        
000017ed  __aeabi_uidivmod                     
0000182d  __aeabi_f2d                          
0000182d  __extendsfdf2                        
000018a9  __TI_auto_init_nobinit_nopinit       
000018e5  __muldsi3                            
00001921  __aeabi_f2iz                         
00001921  __fixsfsi                            
00001959  OLED_ColorTurn                       
0000198d  SYSCFG_DL_MOTOR_PID_init             
000019c1  UART0_IRQHandler                     
000019f5  DL_UART_transmitDataBlocking         
00001a25  TIMA0_IRQHandler                     
00001b49  SYSCFG_DL_VREF_init                  
00001b71  __aeabi_ui2f                         
00001b71  __floatunsisf                        
00001b99  _c_int00_noargs                      
00001be7  DL_I2C_setClockConfig                
00001c31  __aeabi_ui2d                         
00001c31  __floatunsidf                        
00001c55  DL_VREF_configReference              
00001d65  DL_SYSCTL_configFCC                  
00001df1  DL_Timer_setCaptCompUpdateMethod     
00001e0d  DL_Timer_setClockConfig              
00001e45  UART_send_char                       
00001e61  delay_ms                             
0000202d  DL_Timer_setCaptureCompareOutCtl     
00002203  DL_UART_setClockConfig               
00002215  DL_VREF_setClockConfig               
00002227  TI_memcpy_small                      
00002239  __TI_decompress_none                 
0000227d  DL_Timer_setCaptureCompareValue      
0000228d  __TI_zero_init                       
0000229d  TI_memset_small                      
000022c5  __aeabi_memclr                       
000022c5  __aeabi_memclr4                      
000022c5  __aeabi_memclr8                      
000022d1  DL_Common_delayCycles                
000022dd  __aeabi_memcpy                       
000022dd  __aeabi_memcpy4                      
000022dd  __aeabi_memcpy8                      
000022e5  abort                                
000022ea  C$$EXIT                              
000022eb  HOSTexit                             
000022ef  Reset_Handler                        
000022f3  _system_pre_init                     
0000238c  __TI_Handler_Table_Base              
00002398  __TI_Handler_Table_Limit             
000023a0  __TI_CINIT_Base                      
000023b0  __TI_CINIT_Limit                     
000023b0  __TI_CINIT_Warm                      
20200000  OLED_GRAM                            
20200000  __start___llvm_prf_bits              
20200000  __start___llvm_prf_cnts              
20200000  __stop___llvm_prf_bits               
20200000  __stop___llvm_prf_cnts               
20200480  gMOTOR_PIDBackup                     
2020053c  gSERVOBackup                         
202005dc  counter_1_A                          
202005e0  current_error_1                      
202005e4  ki                                   
202005e8  kp                                   
202005ec  last_error_1                         
202005f0  speed_1                              
202005f4  status                               
202005f8  target_speed_1                       
202005fc  PWM_1_duty                           
20207e00  __stack                              
20208000  __STACK_END                          
ffffffff  __TI_pprof_out_hndl                  
ffffffff  __TI_prof_data_size                  
ffffffff  __TI_prof_data_start                 
ffffffff  __binit__                            
ffffffff  binit                                
UNDEFED   __mpu_init                           
UNDEFED   _system_post_cinit                   

[173 symbols]
