******************************************************************************
            TI ARM Clang Linker PC v4.0.4                      
******************************************************************************
>> Linked Sat Jul 25 15:59:13 2026

OUTPUT FILE NAME:   <11_PID_car.out>
ENTRY POINT SYMBOL: "_c_int00_noargs"  address: 00002325


MEMORY CONFIGURATION

         name            origin    length      used     unused   attr    fill
----------------------  --------  ---------  --------  --------  ----  --------
  FLASH                 00000000   00020000  00002ba0  0001d460  R  X
  SRAM                  20200000   00008000  000003a4  00007c5c  RW X
  BCR_CONFIG            41c00000   000000ff  00000000  000000ff  R   
  BSL_CONFIG            41c00100   00000080  00000000  00000080  R   


SEGMENT ALLOCATION MAP

run origin  load origin   length   init length attrs members
----------  ----------- ---------- ----------- ----- -------
00000000    00000000    00002ba0   00002ba0    r-x
  00000000    00000000    000000c0   000000c0    r-- .intvecs
  000000c0    000000c0    00002a00   00002a00    r-x .text
  00002ac0    00002ac0    000000a0   000000a0    r-- .rodata
  00002b60    00002b60    00000040   00000040    r-- .cinit
20200000    20200000    000001a4   00000000    rw-
  20200000    20200000    0000015c   00000000    rw- .bss
  2020015c    2020015c    00000048   00000000    rw- .data
20207e00    20207e00    00000200   00000000    rw-
  20207e00    20207e00    00000200   00000000    rw- .stack


SECTION ALLOCATION MAP

 output                                  attributes/
section   page    origin      length       input sections
--------  ----  ----------  ----------   ----------------
.intvecs   0    00000000    000000c0     
                  00000000    000000c0     startup_mspm0g350x_ticlang.o (.intvecs)

.text      0    000000c0    00002a00     
                  000000c0    00000318     huidu.o (.text.adjust_motor)
                  000003d8    00000284     libc.a : _printfi.c.obj (.text:__TI_printfi_minimal)
                  0000065c    0000019c     motor.o (.text.DC_MOTOR_PID)
                  000007f8    00000180     ti_msp_dl_config.o (.text.SYSCFG_DL_GPIO_init)
                  00000978    00000104     driverlib.a : dl_timer.o (.text.DL_Timer_initFourCCPWMMode)
                  00000a7c    00000100     huidu.o (.text.huidu_get_value)
                  00000b7c    00000100     motor.o (.text.motor_set_direction)
                  00000c7c    000000fc     driverlib.a : dl_timer.o (.text.DL_Timer_initTimerMode)
                  00000d78    000000e8     ti_msp_dl_config.o (.text.SYSCFG_DL_SYSCTL_SYSPLL_init)
                  00000e60    000000e4     libclang_rt.builtins.a : muldf3.S.obj (.text.__muldf3)
                  00000f44    000000dc     driverlib.a : dl_sysctl_mspm0g1x0x_g3x0x.o (.text.DL_SYSCTL_configSYSPLL)
                  00001020    000000d8     libclang_rt.builtins.a : addsf3.S.obj (.text)
                  000010f8    000000c4     motor.o (.text.calculate_speed)
                  000011bc    000000b0     ti_msp_dl_config.o (.text.SYSCFG_DL_initPower)
                  0000126c    000000a8     key.o (.text.GROUP1_IRQHandler)
                  00001314    000000a4     motor.o (.text.motor_init)
                  000013b8    0000009c     main.o (.text.main)
                  00001454    0000008c     ti_msp_dl_config.o (.text.SYSCFG_DL_PWMAB_init)
                  000014e0    0000008c     libclang_rt.builtins.a : mulsf3.S.obj (.text.__mulsf3)
                  0000156c    00000082                            : divsf3.S.obj (.text.__divsf3)
                  000015ee    00000002                            : aeabi_div0.c.obj (.text.__aeabi_idiv0)
                  000015f0    0000007c     libc.a : copy_decompress_lzss.c.obj (.text:decompress:lzss)
                  0000166c    00000074     ti_msp_dl_config.o (.text.SYSCFG_DL_SYSCTL_init)
                  000016e0    00000074     libclang_rt.builtins.a : comparedf2.c.obj (.text.__gedf2)
                  00001754    0000000c     ti_msp_dl_config.o (.text.DL_SYSCTL_getClockStatus)
                  00001760    00000074     libclang_rt.builtins.a : truncdfsf2.S.obj (.text.__truncdfsf2)
                  000017d4    0000006c     ti_msp_dl_config.o (.text.SYSCFG_DL_SERVO_init)
                  00001840    00000068     libclang_rt.builtins.a : comparedf2.c.obj (.text.__ledf2)
                  000018a8    00000064     ti_msp_dl_config.o (.text.DL_ADC12_initSingleSample)
                  0000190c    00000064     driverlib.a : dl_sysctl_mspm0g1x0x_g3x0x.o (.text.DL_SYSCTL_setHFCLKSourceHFXTParams)
                  00001970    00000062     libclang_rt.builtins.a : aeabi_dcmp.S.obj (.text.__aeabi_dcmp)
                  000019d2    00000002     --HOLE-- [fill = 0]
                  000019d4    00000062                            : aeabi_fcmp.S.obj (.text.__aeabi_fcmp)
                  00001a36    00000002     --HOLE-- [fill = 0]
                  00001a38    00000060     ti_msp_dl_config.o (.text.SYSCFG_DL_HUIDU_init)
                  00001a98    0000005e     driverlib.a : dl_i2c.o (.text.DL_I2C_fillControllerTXFIFO)
                  00001af6    00000002     --HOLE-- [fill = 0]
                  00001af8    00000056     libclang_rt.builtins.a : aeabi_idivmod.S.obj (.text.__aeabi_idivmod)
                  00001b4e    00000002     --HOLE-- [fill = 0]
                  00001b50    00000050     ti_msp_dl_config.o (.text.DL_GPIO_initPeripheralInputFunctionFeatures)
                  00001ba0    00000050     huidu.o (.text.DL_I2C_startControllerTransfer)
                  00001bf0    0000004c     ti_msp_dl_config.o (.text.DL_GPIO_initDigitalInputFeatures)
                  00001c3c    0000004c     ti_msp_dl_config.o (.text.DL_UART_setBaudRateDivisor)
                  00001c88    0000004c     ti_msp_dl_config.o (.text.SYSCFG_DL_xuanniu_init)
                  00001cd4    0000004c     motor.o (.text.motor_set_duty)
                  00001d20    0000004a     ti_msp_dl_config.o (.text.DL_ADC12_configConversionMem)
                  00001d6a    00000002     --HOLE-- [fill = 0]
                  00001d6c    00000048     driverlib.a : dl_uart.o (.text.DL_UART_init)
                  00001db4    00000048     ti_msp_dl_config.o (.text.SYSCFG_DL_DEBUG_init)
                  00001dfc    00000044     driverlib.a : dl_sysctl_mspm0g1x0x_g3x0x.o (.text.DL_SYSCTL_switchMCLKfromSYSOSCtoHSCLK)
                  00001e40    00000044     ti_msp_dl_config.o (.text.SYSCFG_DL_init)
                  00001e84    00000040     driverlib.a : dl_adc12.o (.text.DL_ADC12_setClockConfig)
                  00001ec4    00000040     libclang_rt.builtins.a : aeabi_uidivmod.S.obj (.text.__aeabi_uidivmod)
                  00001f04    00000040                            : extendsfdf2.S.obj (.text.__extendsfdf2)
                  00001f44    0000003c     ti_msp_dl_config.o (.text.DL_Timer_setCounterControl)
                  00001f80    0000003c     motor.o (.text.TIMA0_IRQHandler)
                  00001fbc    0000003c     libclang_rt.builtins.a : comparesf2.S.obj (.text.__gtsf2)
                  00001ff8    0000003c     libc.a : autoinit.c.obj (.text:__TI_auto_init_nobinit_nopinit)
                  00002034    0000003a     libclang_rt.builtins.a : comparesf2.S.obj (.text.__eqsf2)
                  0000206e    00000002     --HOLE-- [fill = 0]
                  00002070    0000003a                            : muldsi3.S.obj (.text.__muldsi3)
                  000020aa    00000002     --HOLE-- [fill = 0]
                  000020ac    00000038                            : fixsfsi.S.obj (.text.__fixsfsi)
                  000020e4    00000038     libc.a : sprintf.c.obj (.text.sprintf)
                  0000211c    00000034     ti_msp_dl_config.o (.text.SYSCFG_DL_MOTOR_PID_init)
                  00002150    00000030     driverlib.a : dl_uart.o (.text.DL_UART_transmitDataBlocking)
                  00002180    00000030     motor.o (.text.limit_duty)
                  000021b0    0000002c     main.o (.text.__NVIC_EnableIRQ)
                  000021dc    0000002c     motor.o (.text.__NVIC_EnableIRQ)
                  00002208    0000002a     uart.o (.text.UART_send_string)
                  00002232    00000028     huidu.o (.text.DL_Common_updateReg)
                  0000225a    00000028     ti_msp_dl_config.o (.text.DL_Common_updateReg)
                  00002282    00000002     --HOLE-- [fill = 0]
                  00002284    00000028     ti_msp_dl_config.o (.text.DL_I2C_setControllerRXFIFOThreshold)
                  000022ac    00000028     ti_msp_dl_config.o (.text.DL_I2C_setControllerTXFIFOThreshold)
                  000022d4    00000028     ti_msp_dl_config.o (.text.SYSCFG_DL_VREF_init)
                  000022fc    00000028     libclang_rt.builtins.a : floatunsisf.S.obj (.text.__floatunsisf)
                  00002324    00000028     libc.a : boot_cortex_m.c.obj (.text:_c_int00_noargs)
                  0000234c    00000026     ti_msp_dl_config.o (.text.DL_I2C_setAnalogGlitchFilterPulseWidth)
                  00002372    00000026     driverlib.a : dl_i2c.o (.text.DL_I2C_setClockConfig)
                  00002398    00000024     ti_msp_dl_config.o (.text.DL_I2C_setDigitalGlitchFilterPulseWidth)
                  000023bc    00000024     libclang_rt.builtins.a : floatunsidf.S.obj (.text.__floatunsidf)
                  000023e0    00000022     driverlib.a : dl_vref.o (.text.DL_VREF_configReference)
                  00002402    00000022     libc.a : memccpy.c.obj (.text.memccpy)
                  00002424    00000020     ti_msp_dl_config.o (.text.DL_GPIO_initPeripheralInputFunction)
                  00002444    00000020     ti_msp_dl_config.o (.text.DL_SYSCTL_setFlashWaitState)
                  00002464    0000001e     ti_msp_dl_config.o (.text.DL_UART_setOversampling)
                  00002482    00000002     --HOLE-- [fill = 0]
                  00002484    0000001c     ti_msp_dl_config.o (.text.DL_GPIO_clearInterruptStatus)
                  000024a0    0000001c     ti_msp_dl_config.o (.text.DL_GPIO_enableHiZ)
                  000024bc    0000001c     ti_msp_dl_config.o (.text.DL_GPIO_enableInterrupt)
                  000024d8    0000001c     ti_msp_dl_config.o (.text.DL_GPIO_initPeripheralOutputFunction)
                  000024f4    0000001c     ti_msp_dl_config.o (.text.DL_GPIO_setLowerPinsPolarity)
                  00002510    0000001c     driverlib.a : dl_sysctl_mspm0g1x0x_g3x0x.o (.text.DL_SYSCTL_configFCC)
                  0000252c    0000001c     ti_msp_dl_config.o (.text.DL_SYSCTL_setFCCPeriods)
                  00002548    0000001c     ti_msp_dl_config.o (.text.DL_SYSCTL_setSYSOSCFreq)
                  00002564    0000001c     ti_msp_dl_config.o (.text.DL_SYSCTL_setULPCLKDivider)
                  00002580    0000001c     ti_msp_dl_config.o (.text.DL_Timer_enableInterrupt)
                  0000259c    0000001c     driverlib.a : dl_timer.o (.text.DL_Timer_setCaptCompUpdateMethod)
                  000025b8    0000001c                 : dl_timer.o (.text.DL_Timer_setClockConfig)
                  000025d4    0000001c     ti_msp_dl_config.o (.text.DL_UART_enableInterrupt)
                  000025f0    0000001c     uart.o (.text.UART_send_char)
                  0000260c    0000001c     delay.o (.text.delay_ms)
                  00002628    00000018     ti_msp_dl_config.o (.text.DL_ADC12_enablePower)
                  00002640    00000018     ti_msp_dl_config.o (.text.DL_ADC12_reset)
                  00002658    00000018     ti_msp_dl_config.o (.text.DL_GPIO_enableOutput)
                  00002670    00000018     ti_msp_dl_config.o (.text.DL_GPIO_enablePower)
                  00002688    00000018     ti_msp_dl_config.o (.text.DL_GPIO_initDigitalOutput)
                  000026a0    00000018     ti_msp_dl_config.o (.text.DL_GPIO_initPeripheralAnalogFunction)
                  000026b8    00000018     ti_msp_dl_config.o (.text.DL_GPIO_reset)
                  000026d0    00000018     motor.o (.text.DL_GPIO_setPins)
                  000026e8    00000018     ti_msp_dl_config.o (.text.DL_GPIO_setUpperPinsPolarity)
                  00002700    00000018     ti_msp_dl_config.o (.text.DL_I2C_enableAnalogGlitchFilter)
                  00002718    00000018     ti_msp_dl_config.o (.text.DL_I2C_enableController)
                  00002730    00000018     ti_msp_dl_config.o (.text.DL_I2C_enableControllerClockStretching)
                  00002748    00000018     ti_msp_dl_config.o (.text.DL_I2C_enablePower)
                  00002760    00000018     ti_msp_dl_config.o (.text.DL_I2C_reset)
                  00002778    00000018     ti_msp_dl_config.o (.text.DL_I2C_setTimerPeriod)
                  00002790    00000018     ti_msp_dl_config.o (.text.DL_SYSCTL_setBORThreshold)
                  000027a8    00000018     ti_msp_dl_config.o (.text.DL_Timer_enablePower)
                  000027c0    00000018     ti_msp_dl_config.o (.text.DL_Timer_reset)
                  000027d8    00000018     driverlib.a : dl_timer.o (.text.DL_Timer_setCaptureCompareOutCtl)
                  000027f0    00000018     main.o (.text.DL_Timer_startCounter)
                  00002808    00000018     motor.o (.text.DL_Timer_startCounter)
                  00002820    00000018     ti_msp_dl_config.o (.text.DL_UART_enablePower)
                  00002838    00000018     ti_msp_dl_config.o (.text.DL_UART_reset)
                  00002850    00000018     ti_msp_dl_config.o (.text.DL_VREF_enablePower)
                  00002868    00000018     ti_msp_dl_config.o (.text.DL_VREF_reset)
                  00002880    00000018     libc.a : sprintf.c.obj (.text._outs)
                  00002898    00000016     main.o (.text.DL_ADC12_enableConversions)
                  000028ae    00000016     ti_msp_dl_config.o (.text.DL_ADC12_enableConversions)
                  000028c4    00000016     ti_msp_dl_config.o (.text.DL_UART_enable)
                  000028da    00000016     libc.a : copy_zero_init.c.obj (.text:decompress:ZI:__TI_zero_init_nomemset)
                  000028f0    00000014     motor.o (.text.DL_GPIO_clearPins)
                  00002904    00000014     ti_msp_dl_config.o (.text.DL_GPIO_clearPins)
                  00002918    00000014     huidu.o (.text.DL_I2C_getControllerStatus)
                  0000292c    00000014     huidu.o (.text.DL_I2C_receiveControllerData)
                  00002940    00000014     ti_msp_dl_config.o (.text.DL_I2C_resetControllerTransfer)
                  00002954    00000014     ti_msp_dl_config.o (.text.DL_SYSCTL_disableSYSPLL)
                  00002968    00000014     ti_msp_dl_config.o (.text.DL_SYSCTL_enableSYSPLL)
                  0000297c    00000014     ti_msp_dl_config.o (.text.DL_Timer_enableClock)
                  00002990    00000014     ti_msp_dl_config.o (.text.DL_Timer_setCCPDirection)
                  000029a4    00000012     key.o (.text.DL_GPIO_getPendingInterrupt)
                  000029b6    00000012     motor.o (.text.DL_Timer_getPendingInterrupt)
                  000029c8    00000012     driverlib.a : dl_uart.o (.text.DL_UART_setClockConfig)
                  000029da    00000012                 : dl_vref.o (.text.DL_VREF_setClockConfig)
                  000029ec    00000012     libc.a : memcpy16.S.obj (.text:TI_memcpy_small)
                  000029fe    00000012            : copy_decompress_none.c.obj (.text:decompress:none)
                  00002a10    00000010     ti_msp_dl_config.o (.text.DL_SYSCTL_disableHFXT)
                  00002a20    00000010     ti_msp_dl_config.o (.text.DL_SYSCTL_isFCCDone)
                  00002a30    00000010     ti_msp_dl_config.o (.text.DL_SYSCTL_startFCC)
                  00002a40    00000010     driverlib.a : dl_timer.o (.text.DL_Timer_setCaptureCompareValue)
                  00002a50    0000000e     libclang_rt.builtins.a : aeabi_memset.S.obj (.text.__aeabi_memset)
                  00002a5e    0000000e     libc.a : _printfi.c.obj (.text.strlen)
                  00002a6c    0000000e            : memset16.S.obj (.text:TI_memset_small)
                  00002a7a    00000002     --HOLE-- [fill = 0]
                  00002a7c    0000000c     ti_msp_dl_config.o (.text.DL_SYSCTL_readFCC)
                  00002a88    0000000a     driverlib.a : dl_common.o (.text.DL_Common_delayCycles)
                  00002a92    0000000a     libc.a : sprintf.c.obj (.text._outc)
                  00002a9c    00000008     libclang_rt.builtins.a : aeabi_memcpy.S.obj (.text.__aeabi_memcpy)
                  00002aa4    00000006     libc.a : exit.c.obj (.text:abort)
                  00002aaa    00000004     startup_mspm0g350x_ticlang.o (.text.Default_Handler)
                  00002aae    00000004     libsysbm.a : hostexit.c.obj (.text.HOSTexit)
                  00002ab2    00000004     startup_mspm0g350x_ticlang.o (.text.Reset_Handler)
                  00002ab6    00000004     libc.a : pre_init.c.obj (.text._system_pre_init)
                  00002aba    00000006     --HOLE-- [fill = 0]

.cinit     0    00002b60    00000040     
                  00002b60    00000018     (.cinit..data.load) [load image, compression = lzss]
                  00002b78    0000000c     (__TI_handler_table)
                  00002b84    00000008     (.cinit..bss.load) [load image, compression = zero_init]
                  00002b8c    00000010     (__TI_cinit_table)
                  00002b9c    00000004     --HOLE-- [fill = 0]

.rodata    0    00002ac0    000000a0     
                  00002ac0    00000028     ti_msp_dl_config.o (.rodata.gSYSPLLConfig)
                  00002ae8    00000014     ti_msp_dl_config.o (.rodata.gMOTOR_PIDTimerConfig)
                  00002afc    00000012     main.o (.rodata.str1.15159059442110792349.1)
                  00002b0e    00000011     libc.a : _printfi.c.obj (.rodata.str1.15363888844622738466.1)
                  00002b1f    00000001     --HOLE-- [fill = 0]
                  00002b20    0000000a     ti_msp_dl_config.o (.rodata.gDEBUGConfig)
                  00002b2a    00000002     ti_msp_dl_config.o (.rodata.gDEBUGClockConfig)
                  00002b2c    00000008     ti_msp_dl_config.o (.rodata.gPWMABConfig)
                  00002b34    00000008     ti_msp_dl_config.o (.rodata.gSERVOConfig)
                  00002b3c    00000008     ti_msp_dl_config.o (.rodata.gVREFConfig)
                  00002b44    00000008     ti_msp_dl_config.o (.rodata.gxuanniuClockConfig)
                  00002b4c    00000003     ti_msp_dl_config.o (.rodata.gMOTOR_PIDClockConfig)
                  00002b4f    00000003     ti_msp_dl_config.o (.rodata.gPWMABClockConfig)
                  00002b52    00000003     ti_msp_dl_config.o (.rodata.gSERVOClockConfig)
                  00002b55    00000002     ti_msp_dl_config.o (.rodata.gHUIDUClockConfig)
                  00002b57    00000002     ti_msp_dl_config.o (.rodata.gVREFClockConfig)
                  00002b59    00000007     --HOLE-- [fill = 0]

.init_array 
*          0    00000000    00000000     UNINITIALIZED

.binit     0    00000000    00000000     

.bss       0    20200000    0000015c     UNINITIALIZED
                  20200000    000000bc     (.common:gMOTOR_PIDBackup)
                  202000bc    000000a0     (.common:gSERVOBackup)

.data      0    2020015c    00000048     UNINITIALIZED
                  2020015c    00000008     huidu.o (.data.huidu_value)
                  20200164    00000004     motor.o (.data.PWM_1_duty)
                  20200168    00000004     motor.o (.data.PWM_2_duty)
                  2020016c    00000004     key.o (.data.counter_1_A)
                  20200170    00000004     key.o (.data.counter_2_A)
                  20200174    00000004     motor.o (.data.kd)
                  20200178    00000004     motor.o (.data.ki)
                  2020017c    00000004     motor.o (.data.kp)
                  20200180    00000004     motor.o (.data.last_error_1)
                  20200184    00000004     motor.o (.data.last_error_2)
                  20200188    00000004     motor.o (.data.prev_error_1)
                  2020018c    00000004     motor.o (.data.prev_error_2)
                  20200190    00000004     motor.o (.data.speed_1)
                  20200194    00000004     motor.o (.data.speed_2)
                  20200198    00000004     main.o (.data.status)
                  2020019c    00000004     motor.o (.data.target_speed_1)
                  202001a0    00000004     motor.o (.data.target_speed_2)

.stack     0    20207e00    00000200     UNINITIALIZED
                  20207e00    00000004     libc.a : boot_cortex_m.c.obj (.stack)
                  20207e04    000001fc     --HOLE--

__llvm_prf_cnts 
*          0    20200000    00000000     UNINITIALIZED

__llvm_prf_bits 
*          0    20200000    00000000     UNINITIALIZED

MODULE SUMMARY

       Module                         code    ro data   rw data
       ------                         ----    -------   -------
    .\
       ti_msp_dl_config.o             3334    117       348    
       main.o                         246     18        4      
       startup_mspm0g350x_ticlang.o   8       192       0      
    +--+------------------------------+-------+---------+---------+
       Total:                         3588    327       352    
                                                               
    .\user_driver\
       motor.o                        1342    0         52     
       huidu.o                        1208    0         8      
       key.o                          186     0         8      
       uart.o                         70      0         0      
       delay.o                        28      0         0      
    +--+------------------------------+-------+---------+---------+
       Total:                         2834    0         68     
                                                               
    D:/ti/ccs2050/mspm0_sdk_2_10_00_04/source/ti/driverlib/lib/ticlang/m0p/mspm0g1x0x_g3x0x/driverlib.a
       dl_timer.o                     608     0         0      
       dl_sysctl_mspm0g1x0x_g3x0x.o   416     0         0      
       dl_uart.o                      138     0         0      
       dl_i2c.o                       132     0         0      
       dl_adc12.o                     64      0         0      
       dl_vref.o                      52      0         0      
       dl_common.o                    10      0         0      
    +--+------------------------------+-------+---------+---------+
       Total:                         1420    0         0      
                                                               
    D:\ti\ccs2050\ccs\tools\compiler\ti-cgt-armllvm_4.0.4.LTS\lib\armv6m-ti-none-eabi/c/libc.a
       _printfi.c.obj                 658     17        0      
       copy_decompress_lzss.c.obj     124     0         0      
       sprintf.c.obj                  90      0         0      
       autoinit.c.obj                 60      0         0      
       boot_cortex_m.c.obj            40      0         0      
       memccpy.c.obj                  34      0         0      
       copy_zero_init.c.obj           22      0         0      
       copy_decompress_none.c.obj     18      0         0      
       memcpy16.S.obj                 18      0         0      
       memset16.S.obj                 14      0         0      
       exit.c.obj                     6       0         0      
       pre_init.c.obj                 4       0         0      
    +--+------------------------------+-------+---------+---------+
       Total:                         1088    17        0      
                                                               
    D:\ti\ccs2050\ccs\tools\compiler\ti-cgt-armllvm_4.0.4.LTS\lib\armv6m-ti-none-eabi/c/libsysbm.a
       hostexit.c.obj                 4       0         0      
    +--+------------------------------+-------+---------+---------+
       Total:                         4       0         0      
                                                               
    D:\ti\ccs2050\ccs\tools\compiler\ti-cgt-armllvm_4.0.4.LTS\lib\armv6m-ti-none-eabi/libclang_rt.builtins.a
       muldf3.S.obj                   228     0         0      
       comparedf2.c.obj               220     0         0      
       addsf3.S.obj                   216     0         0      
       mulsf3.S.obj                   140     0         0      
       divsf3.S.obj                   130     0         0      
       comparesf2.S.obj               118     0         0      
       truncdfsf2.S.obj               116     0         0      
       aeabi_dcmp.S.obj               98      0         0      
       aeabi_fcmp.S.obj               98      0         0      
       aeabi_idivmod.S.obj            86      0         0      
       aeabi_uidivmod.S.obj           64      0         0      
       extendsfdf2.S.obj              64      0         0      
       muldsi3.S.obj                  58      0         0      
       fixsfsi.S.obj                  56      0         0      
       floatunsisf.S.obj              40      0         0      
       floatunsidf.S.obj              36      0         0      
       aeabi_memset.S.obj             14      0         0      
       aeabi_memcpy.S.obj             8       0         0      
       aeabi_div0.c.obj               2       0         0      
    +--+------------------------------+-------+---------+---------+
       Total:                         1792    0         0      
                                                               
       Stack:                         0       0         512    
       Linker Generated:              0       60        0      
    +--+------------------------------+-------+---------+---------+
       Grand Total:                   10726   404       932    


LINKER GENERATED COPY TABLES

__TI_cinit_table @ 00002b8c records: 2, size/record: 8, table size: 16
	.data: load addr=00002b60, load size=00000018 bytes, run addr=2020015c, run size=00000048 bytes, compression=lzss
	.bss: load addr=00002b84, load size=00000008 bytes, run addr=20200000, run size=0000015c bytes, compression=zero_init


LINKER GENERATED HANDLER TABLE

__TI_handler_table @ 00002b78 records: 3, size/record: 4, table size: 12
	index: 0, handler: __TI_decompress_lzss
	index: 1, handler: __TI_decompress_none
	index: 2, handler: __TI_zero_init


GLOBAL SYMBOLS: SORTED ALPHABETICALLY BY Name 

address   name                                 
-------   ----                                 
00002aab  ADC0_IRQHandler                      
00002aab  ADC1_IRQHandler                      
00002aab  AES_IRQHandler                       
00002aae  C$$EXIT                              
00002aab  CANFD0_IRQHandler                    
00002aab  DAC0_IRQHandler                      
0000065d  DC_MOTOR_PID                         
00001e85  DL_ADC12_setClockConfig              
00002a89  DL_Common_delayCycles                
00001a99  DL_I2C_fillControllerTXFIFO          
00002373  DL_I2C_setClockConfig                
00002511  DL_SYSCTL_configFCC                  
00000f45  DL_SYSCTL_configSYSPLL               
0000190d  DL_SYSCTL_setHFCLKSourceHFXTParams   
00001dfd  DL_SYSCTL_switchMCLKfromSYSOSCtoHSCLK
00000979  DL_Timer_initFourCCPWMMode           
00000c7d  DL_Timer_initTimerMode               
0000259d  DL_Timer_setCaptCompUpdateMethod     
000027d9  DL_Timer_setCaptureCompareOutCtl     
00002a41  DL_Timer_setCaptureCompareValue      
000025b9  DL_Timer_setClockConfig              
00001d6d  DL_UART_init                         
000029c9  DL_UART_setClockConfig               
00002151  DL_UART_transmitDataBlocking         
000023e1  DL_VREF_configReference              
000029db  DL_VREF_setClockConfig               
00002aab  DMA_IRQHandler                       
00002aab  Default_Handler                      
00002aab  GROUP0_IRQHandler                    
0000126d  GROUP1_IRQHandler                    
00002aaf  HOSTexit                             
00002aab  HardFault_Handler                    
00002aab  I2C0_IRQHandler                      
00002aab  I2C1_IRQHandler                      
00002aab  NMI_Handler                          
20200164  PWM_1_duty                           
20200168  PWM_2_duty                           
00002aab  PendSV_Handler                       
00002aab  RTC_IRQHandler                       
00002ab3  Reset_Handler                        
00002aab  SPI0_IRQHandler                      
00002aab  SPI1_IRQHandler                      
00002aab  SVC_Handler                          
00001db5  SYSCFG_DL_DEBUG_init                 
000007f9  SYSCFG_DL_GPIO_init                  
00001a39  SYSCFG_DL_HUIDU_init                 
0000211d  SYSCFG_DL_MOTOR_PID_init             
00001455  SYSCFG_DL_PWMAB_init                 
000017d5  SYSCFG_DL_SERVO_init                 
00000d79  SYSCFG_DL_SYSCTL_SYSPLL_init         
0000166d  SYSCFG_DL_SYSCTL_init                
000022d5  SYSCFG_DL_VREF_init                  
00001e41  SYSCFG_DL_init                       
000011bd  SYSCFG_DL_initPower                  
00001c89  SYSCFG_DL_xuanniu_init               
00002aab  SysTick_Handler                      
00001f81  TIMA0_IRQHandler                     
00002aab  TIMA1_IRQHandler                     
00002aab  TIMG0_IRQHandler                     
00002aab  TIMG12_IRQHandler                    
00002aab  TIMG6_IRQHandler                     
00002aab  TIMG7_IRQHandler                     
00002aab  TIMG8_IRQHandler                     
000029ed  TI_memcpy_small                      
00002a6d  TI_memset_small                      
00002aab  UART0_IRQHandler                     
00002aab  UART1_IRQHandler                     
00002aab  UART2_IRQHandler                     
00002aab  UART3_IRQHandler                     
000025f1  UART_send_char                       
00002209  UART_send_string                     
20208000  __STACK_END                          
00000200  __STACK_SIZE                         
00000000  __TI_ATRegion0_region_sz             
00000000  __TI_ATRegion0_src_addr              
00000000  __TI_ATRegion0_trg_addr              
00000000  __TI_ATRegion1_region_sz             
00000000  __TI_ATRegion1_src_addr              
00000000  __TI_ATRegion1_trg_addr              
00000000  __TI_ATRegion2_region_sz             
00000000  __TI_ATRegion2_src_addr              
00000000  __TI_ATRegion2_trg_addr              
00002b8c  __TI_CINIT_Base                      
00002b9c  __TI_CINIT_Limit                     
00002b9c  __TI_CINIT_Warm                      
00002b78  __TI_Handler_Table_Base              
00002b84  __TI_Handler_Table_Limit             
00001ff9  __TI_auto_init_nobinit_nopinit       
000015f1  __TI_decompress_lzss                 
000029ff  __TI_decompress_none                 
ffffffff  __TI_pprof_out_hndl                  
000003d9  __TI_printfi_minimal                 
ffffffff  __TI_prof_data_size                  
ffffffff  __TI_prof_data_start                 
00000000  __TI_static_base__                   
000028db  __TI_zero_init_nomemset              
0000102b  __addsf3                             
00001761  __aeabi_d2f                          
00001971  __aeabi_dcmpeq                       
000019ad  __aeabi_dcmpge                       
000019c1  __aeabi_dcmpgt                       
00001999  __aeabi_dcmple                       
00001985  __aeabi_dcmplt                       
00000e61  __aeabi_dmul                         
00001f05  __aeabi_f2d                          
000020ad  __aeabi_f2iz                         
0000102b  __aeabi_fadd                         
000019d5  __aeabi_fcmpeq                       
00001a11  __aeabi_fcmpge                       
00001a25  __aeabi_fcmpgt                       
000019fd  __aeabi_fcmple                       
000019e9  __aeabi_fcmplt                       
0000156d  __aeabi_fdiv                         
000014e1  __aeabi_fmul                         
00001021  __aeabi_fsub                         
00001af9  __aeabi_idiv                         
000015ef  __aeabi_idiv0                        
00001af9  __aeabi_idivmod                      
00002a9d  __aeabi_memcpy                       
00002a9d  __aeabi_memcpy4                      
00002a9d  __aeabi_memcpy8                      
00002a51  __aeabi_memset                       
00002a51  __aeabi_memset4                      
00002a51  __aeabi_memset8                      
000023bd  __aeabi_ui2d                         
000022fd  __aeabi_ui2f                         
00001ec5  __aeabi_uidiv                        
00001ec5  __aeabi_uidivmod                     
ffffffff  __binit__                            
00001841  __cmpdf2                             
00002035  __cmpsf2                             
0000156d  __divsf3                             
00001841  __eqdf2                              
00002035  __eqsf2                              
00001f05  __extendsfdf2                        
000020ad  __fixsfsi                            
000023bd  __floatunsidf                        
000022fd  __floatunsisf                        
000016e1  __gedf2                              
00001fbd  __gesf2                              
000016e1  __gtdf2                              
00001fbd  __gtsf2                              
00001841  __ledf2                              
00002035  __lesf2                              
00001841  __ltdf2                              
00002035  __ltsf2                              
UNDEFED   __mpu_init                           
00000e61  __muldf3                             
00002071  __muldsi3                            
000014e1  __mulsf3                             
00001841  __nedf2                              
00002035  __nesf2                              
20207e00  __stack                              
20200000  __start___llvm_prf_bits              
20200000  __start___llvm_prf_cnts              
20200000  __stop___llvm_prf_bits               
20200000  __stop___llvm_prf_cnts               
00001021  __subsf3                             
00001761  __truncdfsf2                         
00002325  _c_int00_noargs                      
UNDEFED   _system_post_cinit                   
00002ab7  _system_pre_init                     
00002aa5  abort                                
000000c1  adjust_motor                         
ffffffff  binit                                
000010f9  calculate_speed                      
2020016c  counter_1_A                          
20200170  counter_2_A                          
0000260d  delay_ms                             
20200000  gMOTOR_PIDBackup                     
202000bc  gSERVOBackup                         
00000a7d  huidu_get_value                      
2020015c  huidu_value                          
00000000  interruptVectors                     
20200174  kd                                   
20200178  ki                                   
2020017c  kp                                   
20200180  last_error_1                         
20200184  last_error_2                         
00002181  limit_duty                           
000013b9  main                                 
00002403  memccpy                              
00001315  motor_init                           
00000b7d  motor_set_direction                  
00001cd5  motor_set_duty                       
20200188  prev_error_1                         
2020018c  prev_error_2                         
20200190  speed_1                              
20200194  speed_2                              
000020e5  sprintf                              
20200198  status                               
2020019c  target_speed_1                       
202001a0  target_speed_2                       


GLOBAL SYMBOLS: SORTED BY Symbol Address 

address   name                                 
-------   ----                                 
00000000  __TI_ATRegion0_region_sz             
00000000  __TI_ATRegion0_src_addr              
00000000  __TI_ATRegion0_trg_addr              
00000000  __TI_ATRegion1_region_sz             
00000000  __TI_ATRegion1_src_addr              
00000000  __TI_ATRegion1_trg_addr              
00000000  __TI_ATRegion2_region_sz             
00000000  __TI_ATRegion2_src_addr              
00000000  __TI_ATRegion2_trg_addr              
00000000  __TI_static_base__                   
00000000  interruptVectors                     
000000c1  adjust_motor                         
00000200  __STACK_SIZE                         
000003d9  __TI_printfi_minimal                 
0000065d  DC_MOTOR_PID                         
000007f9  SYSCFG_DL_GPIO_init                  
00000979  DL_Timer_initFourCCPWMMode           
00000a7d  huidu_get_value                      
00000b7d  motor_set_direction                  
00000c7d  DL_Timer_initTimerMode               
00000d79  SYSCFG_DL_SYSCTL_SYSPLL_init         
00000e61  __aeabi_dmul                         
00000e61  __muldf3                             
00000f45  DL_SYSCTL_configSYSPLL               
00001021  __aeabi_fsub                         
00001021  __subsf3                             
0000102b  __addsf3                             
0000102b  __aeabi_fadd                         
000010f9  calculate_speed                      
000011bd  SYSCFG_DL_initPower                  
0000126d  GROUP1_IRQHandler                    
00001315  motor_init                           
000013b9  main                                 
00001455  SYSCFG_DL_PWMAB_init                 
000014e1  __aeabi_fmul                         
000014e1  __mulsf3                             
0000156d  __aeabi_fdiv                         
0000156d  __divsf3                             
000015ef  __aeabi_idiv0                        
000015f1  __TI_decompress_lzss                 
0000166d  SYSCFG_DL_SYSCTL_init                
000016e1  __gedf2                              
000016e1  __gtdf2                              
00001761  __aeabi_d2f                          
00001761  __truncdfsf2                         
000017d5  SYSCFG_DL_SERVO_init                 
00001841  __cmpdf2                             
00001841  __eqdf2                              
00001841  __ledf2                              
00001841  __ltdf2                              
00001841  __nedf2                              
0000190d  DL_SYSCTL_setHFCLKSourceHFXTParams   
00001971  __aeabi_dcmpeq                       
00001985  __aeabi_dcmplt                       
00001999  __aeabi_dcmple                       
000019ad  __aeabi_dcmpge                       
000019c1  __aeabi_dcmpgt                       
000019d5  __aeabi_fcmpeq                       
000019e9  __aeabi_fcmplt                       
000019fd  __aeabi_fcmple                       
00001a11  __aeabi_fcmpge                       
00001a25  __aeabi_fcmpgt                       
00001a39  SYSCFG_DL_HUIDU_init                 
00001a99  DL_I2C_fillControllerTXFIFO          
00001af9  __aeabi_idiv                         
00001af9  __aeabi_idivmod                      
00001c89  SYSCFG_DL_xuanniu_init               
00001cd5  motor_set_duty                       
00001d6d  DL_UART_init                         
00001db5  SYSCFG_DL_DEBUG_init                 
00001dfd  DL_SYSCTL_switchMCLKfromSYSOSCtoHSCLK
00001e41  SYSCFG_DL_init                       
00001e85  DL_ADC12_setClockConfig              
00001ec5  __aeabi_uidiv                        
00001ec5  __aeabi_uidivmod                     
00001f05  __aeabi_f2d                          
00001f05  __extendsfdf2                        
00001f81  TIMA0_IRQHandler                     
00001fbd  __gesf2                              
00001fbd  __gtsf2                              
00001ff9  __TI_auto_init_nobinit_nopinit       
00002035  __cmpsf2                             
00002035  __eqsf2                              
00002035  __lesf2                              
00002035  __ltsf2                              
00002035  __nesf2                              
00002071  __muldsi3                            
000020ad  __aeabi_f2iz                         
000020ad  __fixsfsi                            
000020e5  sprintf                              
0000211d  SYSCFG_DL_MOTOR_PID_init             
00002151  DL_UART_transmitDataBlocking         
00002181  limit_duty                           
00002209  UART_send_string                     
000022d5  SYSCFG_DL_VREF_init                  
000022fd  __aeabi_ui2f                         
000022fd  __floatunsisf                        
00002325  _c_int00_noargs                      
00002373  DL_I2C_setClockConfig                
000023bd  __aeabi_ui2d                         
000023bd  __floatunsidf                        
000023e1  DL_VREF_configReference              
00002403  memccpy                              
00002511  DL_SYSCTL_configFCC                  
0000259d  DL_Timer_setCaptCompUpdateMethod     
000025b9  DL_Timer_setClockConfig              
000025f1  UART_send_char                       
0000260d  delay_ms                             
000027d9  DL_Timer_setCaptureCompareOutCtl     
000028db  __TI_zero_init_nomemset              
000029c9  DL_UART_setClockConfig               
000029db  DL_VREF_setClockConfig               
000029ed  TI_memcpy_small                      
000029ff  __TI_decompress_none                 
00002a41  DL_Timer_setCaptureCompareValue      
00002a51  __aeabi_memset                       
00002a51  __aeabi_memset4                      
00002a51  __aeabi_memset8                      
00002a6d  TI_memset_small                      
00002a89  DL_Common_delayCycles                
00002a9d  __aeabi_memcpy                       
00002a9d  __aeabi_memcpy4                      
00002a9d  __aeabi_memcpy8                      
00002aa5  abort                                
00002aab  ADC0_IRQHandler                      
00002aab  ADC1_IRQHandler                      
00002aab  AES_IRQHandler                       
00002aab  CANFD0_IRQHandler                    
00002aab  DAC0_IRQHandler                      
00002aab  DMA_IRQHandler                       
00002aab  Default_Handler                      
00002aab  GROUP0_IRQHandler                    
00002aab  HardFault_Handler                    
00002aab  I2C0_IRQHandler                      
00002aab  I2C1_IRQHandler                      
00002aab  NMI_Handler                          
00002aab  PendSV_Handler                       
00002aab  RTC_IRQHandler                       
00002aab  SPI0_IRQHandler                      
00002aab  SPI1_IRQHandler                      
00002aab  SVC_Handler                          
00002aab  SysTick_Handler                      
00002aab  TIMA1_IRQHandler                     
00002aab  TIMG0_IRQHandler                     
00002aab  TIMG12_IRQHandler                    
00002aab  TIMG6_IRQHandler                     
00002aab  TIMG7_IRQHandler                     
00002aab  TIMG8_IRQHandler                     
00002aab  UART0_IRQHandler                     
00002aab  UART1_IRQHandler                     
00002aab  UART2_IRQHandler                     
00002aab  UART3_IRQHandler                     
00002aae  C$$EXIT                              
00002aaf  HOSTexit                             
00002ab3  Reset_Handler                        
00002ab7  _system_pre_init                     
00002b78  __TI_Handler_Table_Base              
00002b84  __TI_Handler_Table_Limit             
00002b8c  __TI_CINIT_Base                      
00002b9c  __TI_CINIT_Limit                     
00002b9c  __TI_CINIT_Warm                      
20200000  __start___llvm_prf_bits              
20200000  __start___llvm_prf_cnts              
20200000  __stop___llvm_prf_bits               
20200000  __stop___llvm_prf_cnts               
20200000  gMOTOR_PIDBackup                     
202000bc  gSERVOBackup                         
2020015c  huidu_value                          
20200164  PWM_1_duty                           
20200168  PWM_2_duty                           
2020016c  counter_1_A                          
20200170  counter_2_A                          
20200174  kd                                   
20200178  ki                                   
2020017c  kp                                   
20200180  last_error_1                         
20200184  last_error_2                         
20200188  prev_error_1                         
2020018c  prev_error_2                         
20200190  speed_1                              
20200194  speed_2                              
20200198  status                               
2020019c  target_speed_1                       
202001a0  target_speed_2                       
20207e00  __stack                              
20208000  __STACK_END                          
ffffffff  __TI_pprof_out_hndl                  
ffffffff  __TI_prof_data_size                  
ffffffff  __TI_prof_data_start                 
ffffffff  __binit__                            
ffffffff  binit                                
UNDEFED   __mpu_init                           
UNDEFED   _system_post_cinit                   

[193 symbols]
