<?xml version="1.0" encoding="ISO-8859-1" ?>
<link_info>
   <banner>TI ARM Clang Linker PC v4.0.4.LTS</banner>
   <copyright>Copyright (c) 1996-2018 Texas Instruments Incorporated</copyright>
   <command_line>D:\ti\ccs2050\ccs\tools\compiler\ti-cgt-armllvm_4.0.4.LTS\bin\tiarmlnk -ID:\ti\ccs2050\ccs\tools\compiler\ti-cgt-armllvm_4.0.4.LTS\lib -o 11_PID_car.out -m11_PID_car.map -iD:/ti/ccs2050/mspm0_sdk_2_10_00_04/source -iC:/Users/80706/workspace_ccstheia/11_PID_car -iC:/Users/80706/workspace_ccstheia/11_PID_car/Debug/syscfg -iD:/ti/ccs2050/ccs/tools/compiler/ti-cgt-armllvm_4.0.4.LTS/lib --diag_wrap=off --display_error_number --warn_sections --xml_link_info=11_PID_car_linkInfo.xml --rom_model ./ti_msp_dl_config.o ./startup_mspm0g350x_ticlang.o ./main.o ./user_driver/delay.o ./user_driver/huidu.o ./user_driver/key.o ./user_driver/motor.o ./user_driver/uart.o -l./device_linker.cmd -ldevice.cmd.genlibs -llibc.a --start-group -llibc++.a -llibc++abi.a -llibc.a -llibsys.a -llibsysbm.a -llibclang_rt.builtins.a -llibclang_rt.profile.a --end-group --cg_opt_level=0</command_line>
   <link_time>0x6a6762c5</link_time>
   <link_errors>0x0</link_errors>
   <output_file>C:\Users\80706\workspace_ccstheia\11_PID_car\Debug\11_PID_car.out</output_file>
   <entry_point>
      <name>_c_int00_noargs</name>
      <address>0x1db1</address>
   </entry_point>
   <input_file_list>
      <input_file id="fl-1">
         <path>C:\Users\80706\workspace_ccstheia\11_PID_car\Debug\.\</path>
         <kind>object</kind>
         <file>ti_msp_dl_config.o</file>
         <name>ti_msp_dl_config.o</name>
      </input_file>
      <input_file id="fl-2">
         <path>C:\Users\80706\workspace_ccstheia\11_PID_car\Debug\.\</path>
         <kind>object</kind>
         <file>startup_mspm0g350x_ticlang.o</file>
         <name>startup_mspm0g350x_ticlang.o</name>
      </input_file>
      <input_file id="fl-3">
         <path>C:\Users\80706\workspace_ccstheia\11_PID_car\Debug\.\</path>
         <kind>object</kind>
         <file>main.o</file>
         <name>main.o</name>
      </input_file>
      <input_file id="fl-4">
         <path>C:\Users\80706\workspace_ccstheia\11_PID_car\Debug\.\user_driver\</path>
         <kind>object</kind>
         <file>delay.o</file>
         <name>delay.o</name>
      </input_file>
      <input_file id="fl-5">
         <path>C:\Users\80706\workspace_ccstheia\11_PID_car\Debug\.\user_driver\</path>
         <kind>object</kind>
         <file>huidu.o</file>
         <name>huidu.o</name>
      </input_file>
      <input_file id="fl-6">
         <path>C:\Users\80706\workspace_ccstheia\11_PID_car\Debug\.\user_driver\</path>
         <kind>object</kind>
         <file>key.o</file>
         <name>key.o</name>
      </input_file>
      <input_file id="fl-7">
         <path>C:\Users\80706\workspace_ccstheia\11_PID_car\Debug\.\user_driver\</path>
         <kind>object</kind>
         <file>motor.o</file>
         <name>motor.o</name>
      </input_file>
      <input_file id="fl-8">
         <path>C:\Users\80706\workspace_ccstheia\11_PID_car\Debug\.\user_driver\</path>
         <kind>object</kind>
         <file>uart.o</file>
         <name>uart.o</name>
      </input_file>
      <input_file id="fl-15">
         <path>C:\Users\80706\workspace_ccstheia\11_PID_car\Debug\</path>
         <kind>object</kind>
         <file>&lt;internal&gt;</file>
         <name>&lt;internal&gt;</name>
      </input_file>
      <input_file id="fl-16">
         <path>D:\ti\ccs2050\mspm0_sdk_2_10_00_04\source\ti\driverlib\lib\ticlang\m0p\mspm0g1x0x_g3x0x\</path>
         <kind>archive</kind>
         <file>driverlib.a</file>
         <name>dl_adc12.o</name>
      </input_file>
      <input_file id="fl-17">
         <path>D:\ti\ccs2050\mspm0_sdk_2_10_00_04\source\ti\driverlib\lib\ticlang\m0p\mspm0g1x0x_g3x0x\</path>
         <kind>archive</kind>
         <file>driverlib.a</file>
         <name>dl_common.o</name>
      </input_file>
      <input_file id="fl-18">
         <path>D:\ti\ccs2050\mspm0_sdk_2_10_00_04\source\ti\driverlib\lib\ticlang\m0p\mspm0g1x0x_g3x0x\</path>
         <kind>archive</kind>
         <file>driverlib.a</file>
         <name>dl_timer.o</name>
      </input_file>
      <input_file id="fl-19">
         <path>D:\ti\ccs2050\mspm0_sdk_2_10_00_04\source\ti\driverlib\lib\ticlang\m0p\mspm0g1x0x_g3x0x\</path>
         <kind>archive</kind>
         <file>driverlib.a</file>
         <name>dl_uart.o</name>
      </input_file>
      <input_file id="fl-1a">
         <path>D:\ti\ccs2050\mspm0_sdk_2_10_00_04\source\ti\driverlib\lib\ticlang\m0p\mspm0g1x0x_g3x0x\</path>
         <kind>archive</kind>
         <file>driverlib.a</file>
         <name>dl_vref.o</name>
      </input_file>
      <input_file id="fl-1b">
         <path>D:\ti\ccs2050\mspm0_sdk_2_10_00_04\source\ti\driverlib\lib\ticlang\m0p\mspm0g1x0x_g3x0x\</path>
         <kind>archive</kind>
         <file>driverlib.a</file>
         <name>dl_sysctl_mspm0g1x0x_g3x0x.o</name>
      </input_file>
      <input_file id="fl-32">
         <path>D:\ti\ccs2050\ccs\tools\compiler\ti-cgt-armllvm_4.0.4.LTS\lib\armv6m-ti-none-eabi\c\</path>
         <kind>archive</kind>
         <file>libc.a</file>
         <name>sprintf.c.obj</name>
      </input_file>
      <input_file id="fl-33">
         <path>D:\ti\ccs2050\ccs\tools\compiler\ti-cgt-armllvm_4.0.4.LTS\lib\armv6m-ti-none-eabi\c\</path>
         <kind>archive</kind>
         <file>libc.a</file>
         <name>boot_cortex_m.c.obj</name>
      </input_file>
      <input_file id="fl-34">
         <path>D:\ti\ccs2050\ccs\tools\compiler\ti-cgt-armllvm_4.0.4.LTS\lib\armv6m-ti-none-eabi\c\</path>
         <kind>archive</kind>
         <file>libc.a</file>
         <name>mathacl_init.c.obj</name>
      </input_file>
      <input_file id="fl-35">
         <path>D:\ti\ccs2050\ccs\tools\compiler\ti-cgt-armllvm_4.0.4.LTS\lib\armv6m-ti-none-eabi\c\</path>
         <kind>archive</kind>
         <file>libc.a</file>
         <name>autoinit.c.obj</name>
      </input_file>
      <input_file id="fl-36">
         <path>D:\ti\ccs2050\ccs\tools\compiler\ti-cgt-armllvm_4.0.4.LTS\lib\armv6m-ti-none-eabi\c\</path>
         <kind>archive</kind>
         <file>libc.a</file>
         <name>pre_init.c.obj</name>
      </input_file>
      <input_file id="fl-37">
         <path>D:\ti\ccs2050\ccs\tools\compiler\ti-cgt-armllvm_4.0.4.LTS\lib\armv6m-ti-none-eabi\c\</path>
         <kind>archive</kind>
         <file>libc.a</file>
         <name>cpy_tbl.c.obj</name>
      </input_file>
      <input_file id="fl-38">
         <path>D:\ti\ccs2050\ccs\tools\compiler\ti-cgt-armllvm_4.0.4.LTS\lib\armv6m-ti-none-eabi\c\</path>
         <kind>archive</kind>
         <file>libc.a</file>
         <name>copy_zero_init.c.obj</name>
      </input_file>
      <input_file id="fl-39">
         <path>D:\ti\ccs2050\ccs\tools\compiler\ti-cgt-armllvm_4.0.4.LTS\lib\armv6m-ti-none-eabi\c\</path>
         <kind>archive</kind>
         <file>libc.a</file>
         <name>copy_decompress_none.c.obj</name>
      </input_file>
      <input_file id="fl-3a">
         <path>D:\ti\ccs2050\ccs\tools\compiler\ti-cgt-armllvm_4.0.4.LTS\lib\armv6m-ti-none-eabi\c\</path>
         <kind>archive</kind>
         <file>libc.a</file>
         <name>copy_decompress_lzss.c.obj</name>
      </input_file>
      <input_file id="fl-3b">
         <path>D:\ti\ccs2050\ccs\tools\compiler\ti-cgt-armllvm_4.0.4.LTS\lib\armv6m-ti-none-eabi\c\</path>
         <kind>archive</kind>
         <file>libc.a</file>
         <name>_printfi.c.obj</name>
      </input_file>
      <input_file id="fl-3c">
         <path>D:\ti\ccs2050\ccs\tools\compiler\ti-cgt-armllvm_4.0.4.LTS\lib\armv6m-ti-none-eabi\c\</path>
         <kind>archive</kind>
         <file>libc.a</file>
         <name>aeabi_portable.c.obj</name>
      </input_file>
      <input_file id="fl-3d">
         <path>D:\ti\ccs2050\ccs\tools\compiler\ti-cgt-armllvm_4.0.4.LTS\lib\armv6m-ti-none-eabi\c\</path>
         <kind>archive</kind>
         <file>libc.a</file>
         <name>exit.c.obj</name>
      </input_file>
      <input_file id="fl-3e">
         <path>D:\ti\ccs2050\ccs\tools\compiler\ti-cgt-armllvm_4.0.4.LTS\lib\armv6m-ti-none-eabi\c\</path>
         <kind>archive</kind>
         <file>libc.a</file>
         <name>_lock.c.obj</name>
      </input_file>
      <input_file id="fl-3f">
         <path>D:\ti\ccs2050\ccs\tools\compiler\ti-cgt-armllvm_4.0.4.LTS\lib\armv6m-ti-none-eabi\c\</path>
         <kind>archive</kind>
         <file>libc.a</file>
         <name>_ltoa.c.obj</name>
      </input_file>
      <input_file id="fl-40">
         <path>D:\ti\ccs2050\ccs\tools\compiler\ti-cgt-armllvm_4.0.4.LTS\lib\armv6m-ti-none-eabi\c\</path>
         <kind>archive</kind>
         <file>libc.a</file>
         <name>args_main.c.obj</name>
      </input_file>
      <input_file id="fl-41">
         <path>D:\ti\ccs2050\ccs\tools\compiler\ti-cgt-armllvm_4.0.4.LTS\lib\armv6m-ti-none-eabi\c\</path>
         <kind>archive</kind>
         <file>libc.a</file>
         <name>assert.c.obj</name>
      </input_file>
      <input_file id="fl-42">
         <path>D:\ti\ccs2050\ccs\tools\compiler\ti-cgt-armllvm_4.0.4.LTS\lib\armv6m-ti-none-eabi\c\</path>
         <kind>archive</kind>
         <file>libc.a</file>
         <name>atoi.c.obj</name>
      </input_file>
      <input_file id="fl-43">
         <path>D:\ti\ccs2050\ccs\tools\compiler\ti-cgt-armllvm_4.0.4.LTS\lib\armv6m-ti-none-eabi\c\</path>
         <kind>archive</kind>
         <file>libc.a</file>
         <name>defs.c.obj</name>
      </input_file>
      <input_file id="fl-44">
         <path>D:\ti\ccs2050\ccs\tools\compiler\ti-cgt-armllvm_4.0.4.LTS\lib\armv6m-ti-none-eabi\c\</path>
         <kind>archive</kind>
         <file>libc.a</file>
         <name>memccpy.c.obj</name>
      </input_file>
      <input_file id="fl-45">
         <path>D:\ti\ccs2050\ccs\tools\compiler\ti-cgt-armllvm_4.0.4.LTS\lib\armv6m-ti-none-eabi\c\</path>
         <kind>archive</kind>
         <file>libc.a</file>
         <name>memory.c.obj</name>
      </input_file>
      <input_file id="fl-46">
         <path>D:\ti\ccs2050\ccs\tools\compiler\ti-cgt-armllvm_4.0.4.LTS\lib\armv6m-ti-none-eabi\c\</path>
         <kind>archive</kind>
         <file>libc.a</file>
         <name>s_frexp.c.obj</name>
      </input_file>
      <input_file id="fl-47">
         <path>D:\ti\ccs2050\ccs\tools\compiler\ti-cgt-armllvm_4.0.4.LTS\lib\armv6m-ti-none-eabi\c\</path>
         <kind>archive</kind>
         <file>libc.a</file>
         <name>s_scalbn.c.obj</name>
      </input_file>
      <input_file id="fl-48">
         <path>D:\ti\ccs2050\ccs\tools\compiler\ti-cgt-armllvm_4.0.4.LTS\lib\armv6m-ti-none-eabi\c\</path>
         <kind>archive</kind>
         <file>libc.a</file>
         <name>wcslen.c.obj</name>
      </input_file>
      <input_file id="fl-49">
         <path>D:\ti\ccs2050\ccs\tools\compiler\ti-cgt-armllvm_4.0.4.LTS\lib\armv6m-ti-none-eabi\c\</path>
         <kind>archive</kind>
         <file>libc.a</file>
         <name>fflush.c.obj</name>
      </input_file>
      <input_file id="fl-4a">
         <path>D:\ti\ccs2050\ccs\tools\compiler\ti-cgt-armllvm_4.0.4.LTS\lib\armv6m-ti-none-eabi\c\</path>
         <kind>archive</kind>
         <file>libc.a</file>
         <name>fputs.c.obj</name>
      </input_file>
      <input_file id="fl-4b">
         <path>D:\ti\ccs2050\ccs\tools\compiler\ti-cgt-armllvm_4.0.4.LTS\lib\armv6m-ti-none-eabi\c\</path>
         <kind>archive</kind>
         <file>libc.a</file>
         <name>_io_perm.c.obj</name>
      </input_file>
      <input_file id="fl-4c">
         <path>D:\ti\ccs2050\ccs\tools\compiler\ti-cgt-armllvm_4.0.4.LTS\lib\armv6m-ti-none-eabi\c\</path>
         <kind>archive</kind>
         <file>libc.a</file>
         <name>setvbuf.c.obj</name>
      </input_file>
      <input_file id="fl-4d">
         <path>D:\ti\ccs2050\ccs\tools\compiler\ti-cgt-armllvm_4.0.4.LTS\lib\armv6m-ti-none-eabi\c\</path>
         <kind>archive</kind>
         <file>libc.a</file>
         <name>aeabi_ctype.S.obj</name>
      </input_file>
      <input_file id="fl-4e">
         <path>D:\ti\ccs2050\ccs\tools\compiler\ti-cgt-armllvm_4.0.4.LTS\lib\armv6m-ti-none-eabi\c\</path>
         <kind>archive</kind>
         <file>libc.a</file>
         <name>fopen.c.obj</name>
      </input_file>
      <input_file id="fl-4f">
         <path>D:\ti\ccs2050\ccs\tools\compiler\ti-cgt-armllvm_4.0.4.LTS\lib\armv6m-ti-none-eabi\c\</path>
         <kind>archive</kind>
         <file>libc.a</file>
         <name>fseek.c.obj</name>
      </input_file>
      <input_file id="fl-50">
         <path>D:\ti\ccs2050\ccs\tools\compiler\ti-cgt-armllvm_4.0.4.LTS\lib\armv6m-ti-none-eabi\c\</path>
         <kind>archive</kind>
         <file>libc.a</file>
         <name>fclose.c.obj</name>
      </input_file>
      <input_file id="fl-f0">
         <path>D:\ti\ccs2050\ccs\tools\compiler\ti-cgt-armllvm_4.0.4.LTS\lib\armv6m-ti-none-eabi\c\</path>
         <kind>archive</kind>
         <file>libsysbm.a</file>
         <name>hostexit.c.obj</name>
      </input_file>
      <input_file id="fl-f1">
         <path>D:\ti\ccs2050\ccs\tools\compiler\ti-cgt-armllvm_4.0.4.LTS\lib\armv6m-ti-none-eabi\c\</path>
         <kind>archive</kind>
         <file>libsysbm.a</file>
         <name>write.c.obj</name>
      </input_file>
      <input_file id="fl-f2">
         <path>D:\ti\ccs2050\ccs\tools\compiler\ti-cgt-armllvm_4.0.4.LTS\lib\armv6m-ti-none-eabi\c\</path>
         <kind>archive</kind>
         <file>libsysbm.a</file>
         <name>host_device.c.obj</name>
      </input_file>
      <input_file id="fl-f3">
         <path>D:\ti\ccs2050\ccs\tools\compiler\ti-cgt-armllvm_4.0.4.LTS\lib\armv6m-ti-none-eabi\c\</path>
         <kind>archive</kind>
         <file>libsysbm.a</file>
         <name>remove.c.obj</name>
      </input_file>
      <input_file id="fl-f4">
         <path>D:\ti\ccs2050\ccs\tools\compiler\ti-cgt-armllvm_4.0.4.LTS\lib\armv6m-ti-none-eabi\c\</path>
         <kind>archive</kind>
         <file>libsysbm.a</file>
         <name>open.c.obj</name>
      </input_file>
      <input_file id="fl-f5">
         <path>D:\ti\ccs2050\ccs\tools\compiler\ti-cgt-armllvm_4.0.4.LTS\lib\armv6m-ti-none-eabi\c\</path>
         <kind>archive</kind>
         <file>libsysbm.a</file>
         <name>lseek.c.obj</name>
      </input_file>
      <input_file id="fl-f6">
         <path>D:\ti\ccs2050\ccs\tools\compiler\ti-cgt-armllvm_4.0.4.LTS\lib\armv6m-ti-none-eabi\c\</path>
         <kind>archive</kind>
         <file>libsysbm.a</file>
         <name>close.c.obj</name>
      </input_file>
      <input_file id="fl-f7">
         <path>D:\ti\ccs2050\ccs\tools\compiler\ti-cgt-armllvm_4.0.4.LTS\lib\armv6m-ti-none-eabi\c\</path>
         <kind>archive</kind>
         <file>libsysbm.a</file>
         <name>unlink.c.obj</name>
      </input_file>
      <input_file id="fl-f8">
         <path>D:\ti\ccs2050\ccs\tools\compiler\ti-cgt-armllvm_4.0.4.LTS\lib\armv6m-ti-none-eabi\c\</path>
         <kind>archive</kind>
         <file>libsysbm.a</file>
         <name>hostclose.c.obj</name>
      </input_file>
      <input_file id="fl-f9">
         <path>D:\ti\ccs2050\ccs\tools\compiler\ti-cgt-armllvm_4.0.4.LTS\lib\armv6m-ti-none-eabi\c\</path>
         <kind>archive</kind>
         <file>libsysbm.a</file>
         <name>hostlseek.c.obj</name>
      </input_file>
      <input_file id="fl-fa">
         <path>D:\ti\ccs2050\ccs\tools\compiler\ti-cgt-armllvm_4.0.4.LTS\lib\armv6m-ti-none-eabi\c\</path>
         <kind>archive</kind>
         <file>libsysbm.a</file>
         <name>hostopen.c.obj</name>
      </input_file>
      <input_file id="fl-fb">
         <path>D:\ti\ccs2050\ccs\tools\compiler\ti-cgt-armllvm_4.0.4.LTS\lib\armv6m-ti-none-eabi\c\</path>
         <kind>archive</kind>
         <file>libsysbm.a</file>
         <name>hostread.c.obj</name>
      </input_file>
      <input_file id="fl-fc">
         <path>D:\ti\ccs2050\ccs\tools\compiler\ti-cgt-armllvm_4.0.4.LTS\lib\armv6m-ti-none-eabi\c\</path>
         <kind>archive</kind>
         <file>libsysbm.a</file>
         <name>hostrename.c.obj</name>
      </input_file>
      <input_file id="fl-fd">
         <path>D:\ti\ccs2050\ccs\tools\compiler\ti-cgt-armllvm_4.0.4.LTS\lib\armv6m-ti-none-eabi\c\</path>
         <kind>archive</kind>
         <file>libsysbm.a</file>
         <name>hostunlink.c.obj</name>
      </input_file>
      <input_file id="fl-fe">
         <path>D:\ti\ccs2050\ccs\tools\compiler\ti-cgt-armllvm_4.0.4.LTS\lib\armv6m-ti-none-eabi\c\</path>
         <kind>archive</kind>
         <file>libsysbm.a</file>
         <name>hostwrite.c.obj</name>
      </input_file>
      <input_file id="fl-ff">
         <path>D:\ti\ccs2050\ccs\tools\compiler\ti-cgt-armllvm_4.0.4.LTS\lib\armv6m-ti-none-eabi\c\</path>
         <kind>archive</kind>
         <file>libsysbm.a</file>
         <name>trgmsg.c.obj</name>
      </input_file>
      <input_file id="fl-100">
         <path>D:\ti\ccs2050\ccs\tools\compiler\ti-cgt-armllvm_4.0.4.LTS\lib\armv6m-ti-none-eabi\</path>
         <kind>archive</kind>
         <file>libclang_rt.builtins.a</file>
         <name>addsf3.S.obj</name>
      </input_file>
      <input_file id="fl-101">
         <path>D:\ti\ccs2050\ccs\tools\compiler\ti-cgt-armllvm_4.0.4.LTS\lib\armv6m-ti-none-eabi\</path>
         <kind>archive</kind>
         <file>libclang_rt.builtins.a</file>
         <name>adddf3.S.obj</name>
      </input_file>
      <input_file id="fl-102">
         <path>D:\ti\ccs2050\ccs\tools\compiler\ti-cgt-armllvm_4.0.4.LTS\lib\armv6m-ti-none-eabi\</path>
         <kind>archive</kind>
         <file>libclang_rt.builtins.a</file>
         <name>muldf3.S.obj</name>
      </input_file>
      <input_file id="fl-103">
         <path>D:\ti\ccs2050\ccs\tools\compiler\ti-cgt-armllvm_4.0.4.LTS\lib\armv6m-ti-none-eabi\</path>
         <kind>archive</kind>
         <file>libclang_rt.builtins.a</file>
         <name>muldsi3.S.obj</name>
      </input_file>
      <input_file id="fl-104">
         <path>D:\ti\ccs2050\ccs\tools\compiler\ti-cgt-armllvm_4.0.4.LTS\lib\armv6m-ti-none-eabi\</path>
         <kind>archive</kind>
         <file>libclang_rt.builtins.a</file>
         <name>mulsf3.S.obj</name>
      </input_file>
      <input_file id="fl-105">
         <path>D:\ti\ccs2050\ccs\tools\compiler\ti-cgt-armllvm_4.0.4.LTS\lib\armv6m-ti-none-eabi\</path>
         <kind>archive</kind>
         <file>libclang_rt.builtins.a</file>
         <name>divsf3.S.obj</name>
      </input_file>
      <input_file id="fl-106">
         <path>D:\ti\ccs2050\ccs\tools\compiler\ti-cgt-armllvm_4.0.4.LTS\lib\armv6m-ti-none-eabi\</path>
         <kind>archive</kind>
         <file>libclang_rt.builtins.a</file>
         <name>divdf3.S.obj</name>
      </input_file>
      <input_file id="fl-107">
         <path>D:\ti\ccs2050\ccs\tools\compiler\ti-cgt-armllvm_4.0.4.LTS\lib\armv6m-ti-none-eabi\</path>
         <kind>archive</kind>
         <file>libclang_rt.builtins.a</file>
         <name>extendsfdf2.S.obj</name>
      </input_file>
      <input_file id="fl-108">
         <path>D:\ti\ccs2050\ccs\tools\compiler\ti-cgt-armllvm_4.0.4.LTS\lib\armv6m-ti-none-eabi\</path>
         <kind>archive</kind>
         <file>libclang_rt.builtins.a</file>
         <name>fixdfsi.S.obj</name>
      </input_file>
      <input_file id="fl-109">
         <path>D:\ti\ccs2050\ccs\tools\compiler\ti-cgt-armllvm_4.0.4.LTS\lib\armv6m-ti-none-eabi\</path>
         <kind>archive</kind>
         <file>libclang_rt.builtins.a</file>
         <name>fixsfsi.S.obj</name>
      </input_file>
      <input_file id="fl-10a">
         <path>D:\ti\ccs2050\ccs\tools\compiler\ti-cgt-armllvm_4.0.4.LTS\lib\armv6m-ti-none-eabi\</path>
         <kind>archive</kind>
         <file>libclang_rt.builtins.a</file>
         <name>floatsidf.S.obj</name>
      </input_file>
      <input_file id="fl-10b">
         <path>D:\ti\ccs2050\ccs\tools\compiler\ti-cgt-armllvm_4.0.4.LTS\lib\armv6m-ti-none-eabi\</path>
         <kind>archive</kind>
         <file>libclang_rt.builtins.a</file>
         <name>floatunsidf.S.obj</name>
      </input_file>
      <input_file id="fl-10c">
         <path>D:\ti\ccs2050\ccs\tools\compiler\ti-cgt-armllvm_4.0.4.LTS\lib\armv6m-ti-none-eabi\</path>
         <kind>archive</kind>
         <file>libclang_rt.builtins.a</file>
         <name>floatunsisf.S.obj</name>
      </input_file>
      <input_file id="fl-10d">
         <path>D:\ti\ccs2050\ccs\tools\compiler\ti-cgt-armllvm_4.0.4.LTS\lib\armv6m-ti-none-eabi\</path>
         <kind>archive</kind>
         <file>libclang_rt.builtins.a</file>
         <name>muldi3.S.obj</name>
      </input_file>
      <input_file id="fl-10e">
         <path>D:\ti\ccs2050\ccs\tools\compiler\ti-cgt-armllvm_4.0.4.LTS\lib\armv6m-ti-none-eabi\</path>
         <kind>archive</kind>
         <file>libclang_rt.builtins.a</file>
         <name>truncdfsf2.S.obj</name>
      </input_file>
      <input_file id="fl-10f">
         <path>D:\ti\ccs2050\ccs\tools\compiler\ti-cgt-armllvm_4.0.4.LTS\lib\armv6m-ti-none-eabi\</path>
         <kind>archive</kind>
         <file>libclang_rt.builtins.a</file>
         <name>aeabi_dcmp.S.obj</name>
      </input_file>
      <input_file id="fl-110">
         <path>D:\ti\ccs2050\ccs\tools\compiler\ti-cgt-armllvm_4.0.4.LTS\lib\armv6m-ti-none-eabi\</path>
         <kind>archive</kind>
         <file>libclang_rt.builtins.a</file>
         <name>aeabi_idivmod.S.obj</name>
      </input_file>
      <input_file id="fl-111">
         <path>D:\ti\ccs2050\ccs\tools\compiler\ti-cgt-armllvm_4.0.4.LTS\lib\armv6m-ti-none-eabi\</path>
         <kind>archive</kind>
         <file>libclang_rt.builtins.a</file>
         <name>aeabi_memcpy.S.obj</name>
      </input_file>
      <input_file id="fl-112">
         <path>D:\ti\ccs2050\ccs\tools\compiler\ti-cgt-armllvm_4.0.4.LTS\lib\armv6m-ti-none-eabi\</path>
         <kind>archive</kind>
         <file>libclang_rt.builtins.a</file>
         <name>aeabi_memset.S.obj</name>
      </input_file>
      <input_file id="fl-113">
         <path>D:\ti\ccs2050\ccs\tools\compiler\ti-cgt-armllvm_4.0.4.LTS\lib\armv6m-ti-none-eabi\</path>
         <kind>archive</kind>
         <file>libclang_rt.builtins.a</file>
         <name>aeabi_uidivmod.S.obj</name>
      </input_file>
      <input_file id="fl-114">
         <path>D:\ti\ccs2050\ccs\tools\compiler\ti-cgt-armllvm_4.0.4.LTS\lib\armv6m-ti-none-eabi\</path>
         <kind>archive</kind>
         <file>libclang_rt.builtins.a</file>
         <name>aeabi_uldivmod.S.obj</name>
      </input_file>
      <input_file id="fl-115">
         <path>D:\ti\ccs2050\ccs\tools\compiler\ti-cgt-armllvm_4.0.4.LTS\lib\armv6m-ti-none-eabi\</path>
         <kind>archive</kind>
         <file>libclang_rt.builtins.a</file>
         <name>udivmoddi4.S.obj</name>
      </input_file>
      <input_file id="fl-116">
         <path>D:\ti\ccs2050\ccs\tools\compiler\ti-cgt-armllvm_4.0.4.LTS\lib\armv6m-ti-none-eabi\</path>
         <kind>archive</kind>
         <file>libclang_rt.builtins.a</file>
         <name>ashldi3.S.obj</name>
      </input_file>
      <input_file id="fl-117">
         <path>D:\ti\ccs2050\ccs\tools\compiler\ti-cgt-armllvm_4.0.4.LTS\lib\armv6m-ti-none-eabi\</path>
         <kind>archive</kind>
         <file>libclang_rt.builtins.a</file>
         <name>comparedf2.c.obj</name>
      </input_file>
      <input_file id="fl-118">
         <path>D:\ti\ccs2050\ccs\tools\compiler\ti-cgt-armllvm_4.0.4.LTS\lib\armv6m-ti-none-eabi\</path>
         <kind>archive</kind>
         <file>libclang_rt.builtins.a</file>
         <name>aeabi_div0.c.obj</name>
      </input_file>
      <input_file id="fl-119">
         <path>D:\ti\ccs2050\ccs\tools\compiler\ti-cgt-armllvm_4.0.4.LTS\lib\armv6m-ti-none-eabi\c\</path>
         <kind>archive</kind>
         <file>libc.a</file>
         <name>getdevice.c.obj</name>
      </input_file>
      <input_file id="fl-11a">
         <path>D:\ti\ccs2050\ccs\tools\compiler\ti-cgt-armllvm_4.0.4.LTS\lib\armv6m-ti-none-eabi\c\</path>
         <kind>archive</kind>
         <file>libc.a</file>
         <name>memcpy16.S.obj</name>
      </input_file>
      <input_file id="fl-11b">
         <path>D:\ti\ccs2050\ccs\tools\compiler\ti-cgt-armllvm_4.0.4.LTS\lib\armv6m-ti-none-eabi\c\</path>
         <kind>archive</kind>
         <file>libc.a</file>
         <name>memset16.S.obj</name>
      </input_file>
      <input_file id="fl-11c">
         <path>D:\ti\ccs2050\ccs\tools\compiler\ti-cgt-armllvm_4.0.4.LTS\lib\armv6m-ti-none-eabi\c\</path>
         <kind>archive</kind>
         <file>libc.a</file>
         <name>strcmp-armv6m.S.obj</name>
      </input_file>
   </input_file_list>
   <object_component_list>
      <object_component id="oc-18">
         <name>.intvecs</name>
         <load_address>0x0</load_address>
         <readonly>true</readonly>
         <run_address>0x0</run_address>
         <size>0xc0</size>
         <alignment>0x4</alignment>
         <input_file_ref idref="fl-2"/>
      </object_component>
      <object_component id="oc-1a3">
         <name>.text:__TI_printfi_minimal</name>
         <load_address>0xc0</load_address>
         <readonly>true</readonly>
         <executable>true</executable>
         <run_address>0xc0</run_address>
         <size>0x284</size>
         <alignment>0x4</alignment>
         <input_file_ref idref="fl-3b"/>
      </object_component>
      <object_component id="oc-6c">
         <name>.text.DC_MOTOR_PID</name>
         <load_address>0x344</load_address>
         <readonly>true</readonly>
         <executable>true</executable>
         <run_address>0x344</run_address>
         <size>0x19c</size>
         <alignment>0x4</alignment>
         <input_file_ref idref="fl-7"/>
      </object_component>
      <object_component id="oc-11c">
         <name>.text.SYSCFG_DL_GPIO_init</name>
         <load_address>0x4e0</load_address>
         <readonly>true</readonly>
         <executable>true</executable>
         <run_address>0x4e0</run_address>
         <size>0x194</size>
         <alignment>0x4</alignment>
         <input_file_ref idref="fl-1"/>
      </object_component>
      <object_component id="oc-66">
         <name>.text.adjust_motor</name>
         <load_address>0x674</load_address>
         <readonly>true</readonly>
         <executable>true</executable>
         <run_address>0x674</run_address>
         <size>0x124</size>
         <alignment>0x4</alignment>
         <input_file_ref idref="fl-5"/>
      </object_component>
      <object_component id="oc-175">
         <name>.text.DL_Timer_initFourCCPWMMode</name>
         <load_address>0x798</load_address>
         <readonly>true</readonly>
         <executable>true</executable>
         <run_address>0x798</run_address>
         <size>0x104</size>
         <alignment>0x4</alignment>
         <input_file_ref idref="fl-18"/>
      </object_component>
      <object_component id="oc-8c">
         <name>.text.motor_set_direction</name>
         <load_address>0x89c</load_address>
         <readonly>true</readonly>
         <executable>true</executable>
         <run_address>0x89c</run_address>
         <size>0x100</size>
         <alignment>0x4</alignment>
         <input_file_ref idref="fl-7"/>
      </object_component>
      <object_component id="oc-17f">
         <name>.text.DL_Timer_initTimerMode</name>
         <load_address>0x99c</load_address>
         <readonly>true</readonly>
         <executable>true</executable>
         <run_address>0x99c</run_address>
         <size>0xfc</size>
         <alignment>0x4</alignment>
         <input_file_ref idref="fl-18"/>
      </object_component>
      <object_component id="oc-16e">
         <name>.text.SYSCFG_DL_SYSCTL_SYSPLL_init</name>
         <load_address>0xa98</load_address>
         <readonly>true</readonly>
         <executable>true</executable>
         <run_address>0xa98</run_address>
         <size>0xe8</size>
         <alignment>0x4</alignment>
         <input_file_ref idref="fl-1"/>
      </object_component>
      <object_component id="oc-a0">
         <name>.text.__muldf3</name>
         <load_address>0xb80</load_address>
         <readonly>true</readonly>
         <executable>true</executable>
         <run_address>0xb80</run_address>
         <size>0xe4</size>
         <alignment>0x4</alignment>
         <input_file_ref idref="fl-102"/>
      </object_component>
      <object_component id="oc-16d">
         <name>.text.DL_SYSCTL_configSYSPLL</name>
         <load_address>0xc64</load_address>
         <readonly>true</readonly>
         <executable>true</executable>
         <run_address>0xc64</run_address>
         <size>0xdc</size>
         <alignment>0x4</alignment>
         <input_file_ref idref="fl-1b"/>
      </object_component>
      <object_component id="oc-aa">
         <name>.text</name>
         <load_address>0xd40</load_address>
         <readonly>true</readonly>
         <executable>true</executable>
         <run_address>0xd40</run_address>
         <size>0xd8</size>
         <alignment>0x4</alignment>
         <input_file_ref idref="fl-100"/>
      </object_component>
      <object_component id="oc-6b">
         <name>.text.calculate_speed</name>
         <load_address>0xe18</load_address>
         <readonly>true</readonly>
         <executable>true</executable>
         <run_address>0xe18</run_address>
         <size>0xc4</size>
         <alignment>0x4</alignment>
         <input_file_ref idref="fl-7"/>
      </object_component>
      <object_component id="oc-d9">
         <name>.text.motor_init</name>
         <load_address>0xedc</load_address>
         <readonly>true</readonly>
         <executable>true</executable>
         <run_address>0xedc</run_address>
         <size>0xa4</size>
         <alignment>0x4</alignment>
         <input_file_ref idref="fl-7"/>
      </object_component>
      <object_component id="oc-11b">
         <name>.text.SYSCFG_DL_initPower</name>
         <load_address>0xf80</load_address>
         <readonly>true</readonly>
         <executable>true</executable>
         <run_address>0xf80</run_address>
         <size>0xa0</size>
         <alignment>0x4</alignment>
         <input_file_ref idref="fl-1"/>
      </object_component>
      <object_component id="oc-7c">
         <name>.text.main</name>
         <load_address>0x1020</load_address>
         <readonly>true</readonly>
         <executable>true</executable>
         <run_address>0x1020</run_address>
         <size>0x9c</size>
         <alignment>0x4</alignment>
         <input_file_ref idref="fl-3"/>
      </object_component>
      <object_component id="oc-8b">
         <name>.text.huidu_get_value</name>
         <load_address>0x10bc</load_address>
         <readonly>true</readonly>
         <executable>true</executable>
         <run_address>0x10bc</run_address>
         <size>0x94</size>
         <alignment>0x4</alignment>
         <input_file_ref idref="fl-5"/>
      </object_component>
      <object_component id="oc-11f">
         <name>.text.SYSCFG_DL_PWMAB_init</name>
         <load_address>0x1150</load_address>
         <readonly>true</readonly>
         <executable>true</executable>
         <run_address>0x1150</run_address>
         <size>0x8c</size>
         <alignment>0x4</alignment>
         <input_file_ref idref="fl-1"/>
      </object_component>
      <object_component id="oc-ae">
         <name>.text.__mulsf3</name>
         <load_address>0x11dc</load_address>
         <readonly>true</readonly>
         <executable>true</executable>
         <run_address>0x11dc</run_address>
         <size>0x8c</size>
         <alignment>0x4</alignment>
         <input_file_ref idref="fl-104"/>
      </object_component>
      <object_component id="oc-98">
         <name>.text.__divsf3</name>
         <load_address>0x1268</load_address>
         <readonly>true</readonly>
         <executable>true</executable>
         <run_address>0x1268</run_address>
         <size>0x82</size>
         <alignment>0x4</alignment>
         <input_file_ref idref="fl-105"/>
      </object_component>
      <object_component id="oc-1f7">
         <name>.text.__aeabi_idiv0</name>
         <load_address>0x12ea</load_address>
         <readonly>true</readonly>
         <executable>true</executable>
         <run_address>0x12ea</run_address>
         <size>0x2</size>
         <alignment>0x2</alignment>
         <input_file_ref idref="fl-118"/>
      </object_component>
      <object_component id="oc-1c">
         <name>.text:decompress:lzss</name>
         <load_address>0x12ec</load_address>
         <readonly>true</readonly>
         <executable>true</executable>
         <run_address>0x12ec</run_address>
         <size>0x7c</size>
         <alignment>0x4</alignment>
         <input_file_ref idref="fl-3a"/>
      </object_component>
      <object_component id="oc-11d">
         <name>.text.SYSCFG_DL_SYSCTL_init</name>
         <load_address>0x1368</load_address>
         <readonly>true</readonly>
         <executable>true</executable>
         <run_address>0x1368</run_address>
         <size>0x74</size>
         <alignment>0x4</alignment>
         <input_file_ref idref="fl-1"/>
      </object_component>
      <object_component id="oc-204">
         <name>.text.__gedf2</name>
         <load_address>0x13dc</load_address>
         <readonly>true</readonly>
         <executable>true</executable>
         <run_address>0x13dc</run_address>
         <size>0x74</size>
         <alignment>0x4</alignment>
         <input_file_ref idref="fl-117"/>
      </object_component>
      <object_component id="oc-a4">
         <name>.text.__truncdfsf2</name>
         <load_address>0x1450</load_address>
         <readonly>true</readonly>
         <executable>true</executable>
         <run_address>0x1450</run_address>
         <size>0x74</size>
         <alignment>0x10</alignment>
         <input_file_ref idref="fl-10e"/>
      </object_component>
      <object_component id="oc-11e">
         <name>.text.SYSCFG_DL_SERVO_init</name>
         <load_address>0x14c4</load_address>
         <readonly>true</readonly>
         <executable>true</executable>
         <run_address>0x14c4</run_address>
         <size>0x6c</size>
         <alignment>0x4</alignment>
         <input_file_ref idref="fl-1"/>
      </object_component>
      <object_component id="oc-1fe">
         <name>.text.__ledf2</name>
         <load_address>0x1530</load_address>
         <readonly>true</readonly>
         <executable>true</executable>
         <run_address>0x1530</run_address>
         <size>0x68</size>
         <alignment>0x4</alignment>
         <input_file_ref idref="fl-117"/>
      </object_component>
      <object_component id="oc-8d">
         <name>.text.huidu_select_outer_speed</name>
         <load_address>0x1598</load_address>
         <readonly>true</readonly>
         <executable>true</executable>
         <run_address>0x1598</run_address>
         <size>0x68</size>
         <alignment>0x4</alignment>
         <input_file_ref idref="fl-5"/>
      </object_component>
      <object_component id="oc-196">
         <name>.text.DL_ADC12_initSingleSample</name>
         <load_address>0x1600</load_address>
         <readonly>true</readonly>
         <executable>true</executable>
         <run_address>0x1600</run_address>
         <size>0x64</size>
         <alignment>0x4</alignment>
         <input_file_ref idref="fl-1"/>
      </object_component>
      <object_component id="oc-167">
         <name>.text.DL_SYSCTL_setHFCLKSourceHFXTParams</name>
         <load_address>0x1664</load_address>
         <readonly>true</readonly>
         <executable>true</executable>
         <run_address>0x1664</run_address>
         <size>0x64</size>
         <alignment>0x4</alignment>
         <input_file_ref idref="fl-1b"/>
      </object_component>
      <object_component id="oc-1ca">
         <name>.text.__aeabi_dcmp</name>
         <load_address>0x16c8</load_address>
         <readonly>true</readonly>
         <executable>true</executable>
         <run_address>0x16c8</run_address>
         <size>0x62</size>
         <alignment>0x4</alignment>
         <input_file_ref idref="fl-10f"/>
      </object_component>
      <object_component id="oc-15c">
         <name>.text.DL_GPIO_initDigitalInputFeatures</name>
         <load_address>0x172c</load_address>
         <readonly>true</readonly>
         <executable>true</executable>
         <run_address>0x172c</run_address>
         <size>0x4c</size>
         <alignment>0x4</alignment>
         <input_file_ref idref="fl-1"/>
      </object_component>
      <object_component id="oc-18b">
         <name>.text.DL_UART_setBaudRateDivisor</name>
         <load_address>0x1778</load_address>
         <readonly>true</readonly>
         <executable>true</executable>
         <run_address>0x1778</run_address>
         <size>0x4c</size>
         <alignment>0x4</alignment>
         <input_file_ref idref="fl-1"/>
      </object_component>
      <object_component id="oc-122">
         <name>.text.SYSCFG_DL_xuanniu_init</name>
         <load_address>0x17c4</load_address>
         <readonly>true</readonly>
         <executable>true</executable>
         <run_address>0x17c4</run_address>
         <size>0x4c</size>
         <alignment>0x4</alignment>
         <input_file_ref idref="fl-1"/>
      </object_component>
      <object_component id="oc-b7">
         <name>.text.motor_set_duty</name>
         <load_address>0x1810</load_address>
         <readonly>true</readonly>
         <executable>true</executable>
         <run_address>0x1810</run_address>
         <size>0x4c</size>
         <alignment>0x4</alignment>
         <input_file_ref idref="fl-7"/>
      </object_component>
      <object_component id="oc-197">
         <name>.text.DL_ADC12_configConversionMem</name>
         <load_address>0x185c</load_address>
         <readonly>true</readonly>
         <executable>true</executable>
         <run_address>0x185c</run_address>
         <size>0x4a</size>
         <alignment>0x2</alignment>
         <input_file_ref idref="fl-1"/>
      </object_component>
      <object_component id="oc-189">
         <name>.text.DL_UART_init</name>
         <load_address>0x18a8</load_address>
         <readonly>true</readonly>
         <executable>true</executable>
         <run_address>0x18a8</run_address>
         <size>0x48</size>
         <alignment>0x4</alignment>
         <input_file_ref idref="fl-19"/>
      </object_component>
      <object_component id="oc-121">
         <name>.text.SYSCFG_DL_DEBUG_init</name>
         <load_address>0x18f0</load_address>
         <readonly>true</readonly>
         <executable>true</executable>
         <run_address>0x18f0</run_address>
         <size>0x48</size>
         <alignment>0x4</alignment>
         <input_file_ref idref="fl-1"/>
      </object_component>
      <object_component id="oc-172">
         <name>.text.DL_SYSCTL_switchMCLKfromSYSOSCtoHSCLK</name>
         <load_address>0x1938</load_address>
         <readonly>true</readonly>
         <executable>true</executable>
         <run_address>0x1938</run_address>
         <size>0x44</size>
         <alignment>0x4</alignment>
         <input_file_ref idref="fl-1b"/>
      </object_component>
      <object_component id="oc-34">
         <name>.text.GROUP1_IRQHandler</name>
         <load_address>0x197c</load_address>
         <readonly>true</readonly>
         <executable>true</executable>
         <run_address>0x197c</run_address>
         <size>0x44</size>
         <alignment>0x4</alignment>
         <input_file_ref idref="fl-6"/>
      </object_component>
      <object_component id="oc-190">
         <name>.text.DL_ADC12_setClockConfig</name>
         <load_address>0x19c0</load_address>
         <readonly>true</readonly>
         <executable>true</executable>
         <run_address>0x19c0</run_address>
         <size>0x40</size>
         <alignment>0x4</alignment>
         <input_file_ref idref="fl-16"/>
      </object_component>
      <object_component id="oc-cb">
         <name>.text.SYSCFG_DL_init</name>
         <load_address>0x1a00</load_address>
         <readonly>true</readonly>
         <executable>true</executable>
         <run_address>0x1a00</run_address>
         <size>0x40</size>
         <alignment>0x4</alignment>
         <input_file_ref idref="fl-1"/>
      </object_component>
      <object_component id="oc-1c2">
         <name>.text.__aeabi_uidivmod</name>
         <load_address>0x1a40</load_address>
         <readonly>true</readonly>
         <executable>true</executable>
         <run_address>0x1a40</run_address>
         <size>0x40</size>
         <alignment>0x4</alignment>
         <input_file_ref idref="fl-113"/>
      </object_component>
      <object_component id="oc-9c">
         <name>.text.__extendsfdf2</name>
         <load_address>0x1a80</load_address>
         <readonly>true</readonly>
         <executable>true</executable>
         <run_address>0x1a80</run_address>
         <size>0x40</size>
         <alignment>0x4</alignment>
         <input_file_ref idref="fl-107"/>
      </object_component>
      <object_component id="oc-176">
         <name>.text.DL_Timer_setCounterControl</name>
         <load_address>0x1ac0</load_address>
         <readonly>true</readonly>
         <executable>true</executable>
         <run_address>0x1ac0</run_address>
         <size>0x3c</size>
         <alignment>0x4</alignment>
         <input_file_ref idref="fl-1"/>
      </object_component>
      <object_component id="oc-39">
         <name>.text.TIMA0_IRQHandler</name>
         <load_address>0x1afc</load_address>
         <readonly>true</readonly>
         <executable>true</executable>
         <run_address>0x1afc</run_address>
         <size>0x3c</size>
         <alignment>0x4</alignment>
         <input_file_ref idref="fl-7"/>
      </object_component>
      <object_component id="oc-f3">
         <name>.text:__TI_auto_init_nobinit_nopinit</name>
         <load_address>0x1b38</load_address>
         <readonly>true</readonly>
         <executable>true</executable>
         <run_address>0x1b38</run_address>
         <size>0x3c</size>
         <alignment>0x4</alignment>
         <input_file_ref idref="fl-35"/>
      </object_component>
      <object_component id="oc-10b">
         <name>.text.__muldsi3</name>
         <load_address>0x1b74</load_address>
         <readonly>true</readonly>
         <executable>true</executable>
         <run_address>0x1b74</run_address>
         <size>0x3a</size>
         <alignment>0x4</alignment>
         <input_file_ref idref="fl-103"/>
      </object_component>
      <object_component id="oc-b2">
         <name>.text.__fixsfsi</name>
         <load_address>0x1bb0</load_address>
         <readonly>true</readonly>
         <executable>true</executable>
         <run_address>0x1bb0</run_address>
         <size>0x38</size>
         <alignment>0x4</alignment>
         <input_file_ref idref="fl-109"/>
      </object_component>
      <object_component id="oc-da">
         <name>.text.sprintf</name>
         <load_address>0x1be8</load_address>
         <readonly>true</readonly>
         <executable>true</executable>
         <run_address>0x1be8</run_address>
         <size>0x38</size>
         <alignment>0x4</alignment>
         <input_file_ref idref="fl-32"/>
      </object_component>
      <object_component id="oc-120">
         <name>.text.SYSCFG_DL_MOTOR_PID_init</name>
         <load_address>0x1c20</load_address>
         <readonly>true</readonly>
         <executable>true</executable>
         <run_address>0x1c20</run_address>
         <size>0x34</size>
         <alignment>0x4</alignment>
         <input_file_ref idref="fl-1"/>
      </object_component>
      <object_component id="oc-1ab">
         <name>.text.DL_UART_transmitDataBlocking</name>
         <load_address>0x1c54</load_address>
         <readonly>true</readonly>
         <executable>true</executable>
         <run_address>0x1c54</run_address>
         <size>0x30</size>
         <alignment>0x4</alignment>
         <input_file_ref idref="fl-19"/>
      </object_component>
      <object_component id="oc-b6">
         <name>.text.limit_duty</name>
         <load_address>0x1c84</load_address>
         <readonly>true</readonly>
         <executable>true</executable>
         <run_address>0x1c84</run_address>
         <size>0x30</size>
         <alignment>0x4</alignment>
         <input_file_ref idref="fl-7"/>
      </object_component>
      <object_component id="oc-d0">
         <name>.text.__NVIC_EnableIRQ</name>
         <load_address>0x1cb4</load_address>
         <readonly>true</readonly>
         <executable>true</executable>
         <run_address>0x1cb4</run_address>
         <size>0x2c</size>
         <alignment>0x4</alignment>
         <input_file_ref idref="fl-3"/>
      </object_component>
      <object_component id="oc-12b">
         <name>.text.__NVIC_EnableIRQ</name>
         <load_address>0x1ce0</load_address>
         <readonly>true</readonly>
         <executable>true</executable>
         <run_address>0x1ce0</run_address>
         <size>0x2c</size>
         <alignment>0x4</alignment>
         <input_file_ref idref="fl-7"/>
      </object_component>
      <object_component id="oc-e0">
         <name>.text.UART_send_string</name>
         <load_address>0x1d0c</load_address>
         <readonly>true</readonly>
         <executable>true</executable>
         <run_address>0x1d0c</run_address>
         <size>0x2a</size>
         <alignment>0x2</alignment>
         <input_file_ref idref="fl-8"/>
      </object_component>
      <object_component id="oc-1ba">
         <name>.text.DL_Common_updateReg</name>
         <load_address>0x1d36</load_address>
         <readonly>true</readonly>
         <executable>true</executable>
         <run_address>0x1d36</run_address>
         <size>0x28</size>
         <alignment>0x2</alignment>
         <input_file_ref idref="fl-1"/>
      </object_component>
      <object_component id="oc-123">
         <name>.text.SYSCFG_DL_VREF_init</name>
         <load_address>0x1d60</load_address>
         <readonly>true</readonly>
         <executable>true</executable>
         <run_address>0x1d60</run_address>
         <size>0x28</size>
         <alignment>0x4</alignment>
         <input_file_ref idref="fl-1"/>
      </object_component>
      <object_component id="oc-94">
         <name>.text.__floatunsisf</name>
         <load_address>0x1d88</load_address>
         <readonly>true</readonly>
         <executable>true</executable>
         <run_address>0x1d88</run_address>
         <size>0x28</size>
         <alignment>0x4</alignment>
         <input_file_ref idref="fl-10c"/>
      </object_component>
      <object_component id="oc-59">
         <name>.text:_c_int00_noargs</name>
         <load_address>0x1db0</load_address>
         <readonly>true</readonly>
         <executable>true</executable>
         <run_address>0x1db0</run_address>
         <size>0x28</size>
         <alignment>0x4</alignment>
         <input_file_ref idref="fl-33"/>
      </object_component>
      <object_component id="oc-1c6">
         <name>.text.__floatunsidf</name>
         <load_address>0x1dd8</load_address>
         <readonly>true</readonly>
         <executable>true</executable>
         <run_address>0x1dd8</run_address>
         <size>0x24</size>
         <alignment>0x4</alignment>
         <input_file_ref idref="fl-10b"/>
      </object_component>
      <object_component id="oc-1a0">
         <name>.text.DL_VREF_configReference</name>
         <load_address>0x1dfc</load_address>
         <readonly>true</readonly>
         <executable>true</executable>
         <run_address>0x1dfc</run_address>
         <size>0x22</size>
         <alignment>0x2</alignment>
         <input_file_ref idref="fl-1a"/>
      </object_component>
      <object_component id="oc-1d6">
         <name>.text.memccpy</name>
         <load_address>0x1e1e</load_address>
         <readonly>true</readonly>
         <executable>true</executable>
         <run_address>0x1e1e</run_address>
         <size>0x22</size>
         <alignment>0x2</alignment>
         <input_file_ref idref="fl-44"/>
      </object_component>
      <object_component id="oc-15a">
         <name>.text.DL_GPIO_initPeripheralInputFunction</name>
         <load_address>0x1e40</load_address>
         <readonly>true</readonly>
         <executable>true</executable>
         <run_address>0x1e40</run_address>
         <size>0x20</size>
         <alignment>0x4</alignment>
         <input_file_ref idref="fl-1"/>
      </object_component>
      <object_component id="oc-163">
         <name>.text.DL_SYSCTL_setFlashWaitState</name>
         <load_address>0x1e60</load_address>
         <readonly>true</readonly>
         <executable>true</executable>
         <run_address>0x1e60</run_address>
         <size>0x20</size>
         <alignment>0x4</alignment>
         <input_file_ref idref="fl-1"/>
      </object_component>
      <object_component id="oc-105">
         <name>.text.huidu_read_lit_state</name>
         <load_address>0x1e80</load_address>
         <readonly>true</readonly>
         <executable>true</executable>
         <run_address>0x1e80</run_address>
         <size>0x20</size>
         <alignment>0x2</alignment>
         <input_file_ref idref="fl-5"/>
      </object_component>
      <object_component id="oc-18a">
         <name>.text.DL_UART_setOversampling</name>
         <load_address>0x1ea0</load_address>
         <readonly>true</readonly>
         <executable>true</executable>
         <run_address>0x1ea0</run_address>
         <size>0x1e</size>
         <alignment>0x2</alignment>
         <input_file_ref idref="fl-1"/>
      </object_component>
      <object_component id="oc-160">
         <name>.text.DL_GPIO_clearInterruptStatus</name>
         <load_address>0x1ec0</load_address>
         <readonly>true</readonly>
         <executable>true</executable>
         <run_address>0x1ec0</run_address>
         <size>0x1c</size>
         <alignment>0x4</alignment>
         <input_file_ref idref="fl-1"/>
      </object_component>
      <object_component id="oc-161">
         <name>.text.DL_GPIO_enableInterrupt</name>
         <load_address>0x1edc</load_address>
         <readonly>true</readonly>
         <executable>true</executable>
         <run_address>0x1edc</run_address>
         <size>0x1c</size>
         <alignment>0x4</alignment>
         <input_file_ref idref="fl-1"/>
      </object_component>
      <object_component id="oc-158">
         <name>.text.DL_GPIO_initPeripheralOutputFunction</name>
         <load_address>0x1ef8</load_address>
         <readonly>true</readonly>
         <executable>true</executable>
         <run_address>0x1ef8</run_address>
         <size>0x1c</size>
         <alignment>0x4</alignment>
         <input_file_ref idref="fl-1"/>
      </object_component>
      <object_component id="oc-15e">
         <name>.text.DL_GPIO_setLowerPinsPolarity</name>
         <load_address>0x1f14</load_address>
         <readonly>true</readonly>
         <executable>true</executable>
         <run_address>0x1f14</run_address>
         <size>0x1c</size>
         <alignment>0x4</alignment>
         <input_file_ref idref="fl-1"/>
      </object_component>
      <object_component id="oc-1be">
         <name>.text.DL_SYSCTL_configFCC</name>
         <load_address>0x1f30</load_address>
         <readonly>true</readonly>
         <executable>true</executable>
         <run_address>0x1f30</run_address>
         <size>0x1c</size>
         <alignment>0x4</alignment>
         <input_file_ref idref="fl-1b"/>
      </object_component>
      <object_component id="oc-1bd">
         <name>.text.DL_SYSCTL_setFCCPeriods</name>
         <load_address>0x1f4c</load_address>
         <readonly>true</readonly>
         <executable>true</executable>
         <run_address>0x1f4c</run_address>
         <size>0x1c</size>
         <alignment>0x4</alignment>
         <input_file_ref idref="fl-1"/>
      </object_component>
      <object_component id="oc-164">
         <name>.text.DL_SYSCTL_setSYSOSCFreq</name>
         <load_address>0x1f68</load_address>
         <readonly>true</readonly>
         <executable>true</executable>
         <run_address>0x1f68</run_address>
         <size>0x1c</size>
         <alignment>0x4</alignment>
         <input_file_ref idref="fl-1"/>
      </object_component>
      <object_component id="oc-171">
         <name>.text.DL_SYSCTL_setULPCLKDivider</name>
         <load_address>0x1f84</load_address>
         <readonly>true</readonly>
         <executable>true</executable>
         <run_address>0x1f84</run_address>
         <size>0x1c</size>
         <alignment>0x4</alignment>
         <input_file_ref idref="fl-1"/>
      </object_component>
      <object_component id="oc-180">
         <name>.text.DL_Timer_enableInterrupt</name>
         <load_address>0x1fa0</load_address>
         <readonly>true</readonly>
         <executable>true</executable>
         <run_address>0x1fa0</run_address>
         <size>0x1c</size>
         <alignment>0x4</alignment>
         <input_file_ref idref="fl-1"/>
      </object_component>
      <object_component id="oc-178">
         <name>.text.DL_Timer_setCaptCompUpdateMethod</name>
         <load_address>0x1fbc</load_address>
         <readonly>true</readonly>
         <executable>true</executable>
         <run_address>0x1fbc</run_address>
         <size>0x1c</size>
         <alignment>0x4</alignment>
         <input_file_ref idref="fl-18"/>
      </object_component>
      <object_component id="oc-174">
         <name>.text.DL_Timer_setClockConfig</name>
         <load_address>0x1fd8</load_address>
         <readonly>true</readonly>
         <executable>true</executable>
         <run_address>0x1fd8</run_address>
         <size>0x1c</size>
         <alignment>0x4</alignment>
         <input_file_ref idref="fl-18"/>
      </object_component>
      <object_component id="oc-18c">
         <name>.text.DL_UART_enableInterrupt</name>
         <load_address>0x1ff4</load_address>
         <readonly>true</readonly>
         <executable>true</executable>
         <run_address>0x1ff4</run_address>
         <size>0x1c</size>
         <alignment>0x4</alignment>
         <input_file_ref idref="fl-1"/>
      </object_component>
      <object_component id="oc-131">
         <name>.text.UART_send_char</name>
         <load_address>0x2010</load_address>
         <readonly>true</readonly>
         <executable>true</executable>
         <run_address>0x2010</run_address>
         <size>0x1c</size>
         <alignment>0x2</alignment>
         <input_file_ref idref="fl-8"/>
      </object_component>
      <object_component id="oc-e5">
         <name>.text.delay_ms</name>
         <load_address>0x202c</load_address>
         <readonly>true</readonly>
         <executable>true</executable>
         <run_address>0x202c</run_address>
         <size>0x1c</size>
         <alignment>0x4</alignment>
         <input_file_ref idref="fl-4"/>
      </object_component>
      <object_component id="oc-155">
         <name>.text.DL_ADC12_enablePower</name>
         <load_address>0x2048</load_address>
         <readonly>true</readonly>
         <executable>true</executable>
         <run_address>0x2048</run_address>
         <size>0x18</size>
         <alignment>0x4</alignment>
         <input_file_ref idref="fl-1"/>
      </object_component>
      <object_component id="oc-150">
         <name>.text.DL_ADC12_reset</name>
         <load_address>0x2060</load_address>
         <readonly>true</readonly>
         <executable>true</executable>
         <run_address>0x2060</run_address>
         <size>0x18</size>
         <alignment>0x4</alignment>
         <input_file_ref idref="fl-1"/>
      </object_component>
      <object_component id="oc-159">
         <name>.text.DL_GPIO_enableOutput</name>
         <load_address>0x2078</load_address>
         <readonly>true</readonly>
         <executable>true</executable>
         <run_address>0x2078</run_address>
         <size>0x18</size>
         <alignment>0x4</alignment>
         <input_file_ref idref="fl-1"/>
      </object_component>
      <object_component id="oc-152">
         <name>.text.DL_GPIO_enablePower</name>
         <load_address>0x2090</load_address>
         <readonly>true</readonly>
         <executable>true</executable>
         <run_address>0x2090</run_address>
         <size>0x18</size>
         <alignment>0x4</alignment>
         <input_file_ref idref="fl-1"/>
      </object_component>
      <object_component id="oc-15b">
         <name>.text.DL_GPIO_initDigitalOutput</name>
         <load_address>0x20a8</load_address>
         <readonly>true</readonly>
         <executable>true</executable>
         <run_address>0x20a8</run_address>
         <size>0x18</size>
         <alignment>0x4</alignment>
         <input_file_ref idref="fl-1"/>
      </object_component>
      <object_component id="oc-157">
         <name>.text.DL_GPIO_initPeripheralAnalogFunction</name>
         <load_address>0x20c0</load_address>
         <readonly>true</readonly>
         <executable>true</executable>
         <run_address>0x20c0</run_address>
         <size>0x18</size>
         <alignment>0x4</alignment>
         <input_file_ref idref="fl-1"/>
      </object_component>
      <object_component id="oc-14d">
         <name>.text.DL_GPIO_reset</name>
         <load_address>0x20d8</load_address>
         <readonly>true</readonly>
         <executable>true</executable>
         <run_address>0x20d8</run_address>
         <size>0x18</size>
         <alignment>0x4</alignment>
         <input_file_ref idref="fl-1"/>
      </object_component>
      <object_component id="oc-106">
         <name>.text.DL_GPIO_setPins</name>
         <load_address>0x20f0</load_address>
         <readonly>true</readonly>
         <executable>true</executable>
         <run_address>0x20f0</run_address>
         <size>0x18</size>
         <alignment>0x4</alignment>
         <input_file_ref idref="fl-7"/>
      </object_component>
      <object_component id="oc-15f">
         <name>.text.DL_GPIO_setUpperPinsPolarity</name>
         <load_address>0x2108</load_address>
         <readonly>true</readonly>
         <executable>true</executable>
         <run_address>0x2108</run_address>
         <size>0x18</size>
         <alignment>0x2</alignment>
         <input_file_ref idref="fl-1"/>
      </object_component>
      <object_component id="oc-162">
         <name>.text.DL_SYSCTL_setBORThreshold</name>
         <load_address>0x2120</load_address>
         <readonly>true</readonly>
         <executable>true</executable>
         <run_address>0x2120</run_address>
         <size>0x18</size>
         <alignment>0x4</alignment>
         <input_file_ref idref="fl-1"/>
      </object_component>
      <object_component id="oc-153">
         <name>.text.DL_Timer_enablePower</name>
         <load_address>0x2138</load_address>
         <readonly>true</readonly>
         <executable>true</executable>
         <run_address>0x2138</run_address>
         <size>0x18</size>
         <alignment>0x4</alignment>
         <input_file_ref idref="fl-1"/>
      </object_component>
      <object_component id="oc-14e">
         <name>.text.DL_Timer_reset</name>
         <load_address>0x2150</load_address>
         <readonly>true</readonly>
         <executable>true</executable>
         <run_address>0x2150</run_address>
         <size>0x18</size>
         <alignment>0x4</alignment>
         <input_file_ref idref="fl-1"/>
      </object_component>
      <object_component id="oc-177">
         <name>.text.DL_Timer_setCaptureCompareOutCtl</name>
         <load_address>0x2168</load_address>
         <readonly>true</readonly>
         <executable>true</executable>
         <run_address>0x2168</run_address>
         <size>0x18</size>
         <alignment>0x4</alignment>
         <input_file_ref idref="fl-18"/>
      </object_component>
      <object_component id="oc-d2">
         <name>.text.DL_Timer_startCounter</name>
         <load_address>0x2180</load_address>
         <readonly>true</readonly>
         <executable>true</executable>
         <run_address>0x2180</run_address>
         <size>0x18</size>
         <alignment>0x4</alignment>
         <input_file_ref idref="fl-3"/>
      </object_component>
      <object_component id="oc-12a">
         <name>.text.DL_Timer_startCounter</name>
         <load_address>0x2198</load_address>
         <readonly>true</readonly>
         <executable>true</executable>
         <run_address>0x2198</run_address>
         <size>0x18</size>
         <alignment>0x4</alignment>
         <input_file_ref idref="fl-7"/>
      </object_component>
      <object_component id="oc-154">
         <name>.text.DL_UART_enablePower</name>
         <load_address>0x21b0</load_address>
         <readonly>true</readonly>
         <executable>true</executable>
         <run_address>0x21b0</run_address>
         <size>0x18</size>
         <alignment>0x4</alignment>
         <input_file_ref idref="fl-1"/>
      </object_component>
      <object_component id="oc-14f">
         <name>.text.DL_UART_reset</name>
         <load_address>0x21c8</load_address>
         <readonly>true</readonly>
         <executable>true</executable>
         <run_address>0x21c8</run_address>
         <size>0x18</size>
         <alignment>0x4</alignment>
         <input_file_ref idref="fl-1"/>
      </object_component>
      <object_component id="oc-156">
         <name>.text.DL_VREF_enablePower</name>
         <load_address>0x21e0</load_address>
         <readonly>true</readonly>
         <executable>true</executable>
         <run_address>0x21e0</run_address>
         <size>0x18</size>
         <alignment>0x4</alignment>
         <input_file_ref idref="fl-1"/>
      </object_component>
      <object_component id="oc-151">
         <name>.text.DL_VREF_reset</name>
         <load_address>0x21f8</load_address>
         <readonly>true</readonly>
         <executable>true</executable>
         <run_address>0x21f8</run_address>
         <size>0x18</size>
         <alignment>0x4</alignment>
         <input_file_ref idref="fl-1"/>
      </object_component>
      <object_component id="oc-12d">
         <name>.text._outs</name>
         <load_address>0x2210</load_address>
         <readonly>true</readonly>
         <executable>true</executable>
         <run_address>0x2210</run_address>
         <size>0x18</size>
         <alignment>0x2</alignment>
         <input_file_ref idref="fl-32"/>
      </object_component>
      <object_component id="oc-d1">
         <name>.text.DL_ADC12_enableConversions</name>
         <load_address>0x2228</load_address>
         <readonly>true</readonly>
         <executable>true</executable>
         <run_address>0x2228</run_address>
         <size>0x16</size>
         <alignment>0x2</alignment>
         <input_file_ref idref="fl-3"/>
      </object_component>
      <object_component id="oc-198">
         <name>.text.DL_ADC12_enableConversions</name>
         <load_address>0x223e</load_address>
         <readonly>true</readonly>
         <executable>true</executable>
         <run_address>0x223e</run_address>
         <size>0x16</size>
         <alignment>0x2</alignment>
         <input_file_ref idref="fl-1"/>
      </object_component>
      <object_component id="oc-14a">
         <name>.text.DL_GPIO_readPins</name>
         <load_address>0x2254</load_address>
         <readonly>true</readonly>
         <executable>true</executable>
         <run_address>0x2254</run_address>
         <size>0x16</size>
         <alignment>0x2</alignment>
         <input_file_ref idref="fl-5"/>
      </object_component>
      <object_component id="oc-18d">
         <name>.text.DL_UART_enable</name>
         <load_address>0x226a</load_address>
         <readonly>true</readonly>
         <executable>true</executable>
         <run_address>0x226a</run_address>
         <size>0x16</size>
         <alignment>0x2</alignment>
         <input_file_ref idref="fl-1"/>
      </object_component>
      <object_component id="oc-50">
         <name>.text:decompress:ZI:__TI_zero_init_nomemset</name>
         <load_address>0x2280</load_address>
         <readonly>true</readonly>
         <executable>true</executable>
         <run_address>0x2280</run_address>
         <size>0x16</size>
         <alignment>0x2</alignment>
         <input_file_ref idref="fl-38"/>
      </object_component>
      <object_component id="oc-107">
         <name>.text.DL_GPIO_clearPins</name>
         <load_address>0x2296</load_address>
         <readonly>true</readonly>
         <executable>true</executable>
         <run_address>0x2296</run_address>
         <size>0x14</size>
         <alignment>0x2</alignment>
         <input_file_ref idref="fl-7"/>
      </object_component>
      <object_component id="oc-15d">
         <name>.text.DL_GPIO_clearPins</name>
         <load_address>0x22aa</load_address>
         <readonly>true</readonly>
         <executable>true</executable>
         <run_address>0x22aa</run_address>
         <size>0x14</size>
         <alignment>0x2</alignment>
         <input_file_ref idref="fl-1"/>
      </object_component>
      <object_component id="oc-166">
         <name>.text.DL_SYSCTL_disableSYSPLL</name>
         <load_address>0x22c0</load_address>
         <readonly>true</readonly>
         <executable>true</executable>
         <run_address>0x22c0</run_address>
         <size>0x14</size>
         <alignment>0x4</alignment>
         <input_file_ref idref="fl-1"/>
      </object_component>
      <object_component id="oc-16f">
         <name>.text.DL_SYSCTL_enableSYSPLL</name>
         <load_address>0x22d4</load_address>
         <readonly>true</readonly>
         <executable>true</executable>
         <run_address>0x22d4</run_address>
         <size>0x14</size>
         <alignment>0x4</alignment>
         <input_file_ref idref="fl-1"/>
      </object_component>
      <object_component id="oc-179">
         <name>.text.DL_Timer_enableClock</name>
         <load_address>0x22e8</load_address>
         <readonly>true</readonly>
         <executable>true</executable>
         <run_address>0x22e8</run_address>
         <size>0x14</size>
         <alignment>0x4</alignment>
         <input_file_ref idref="fl-1"/>
      </object_component>
      <object_component id="oc-17a">
         <name>.text.DL_Timer_setCCPDirection</name>
         <load_address>0x22fc</load_address>
         <readonly>true</readonly>
         <executable>true</executable>
         <run_address>0x22fc</run_address>
         <size>0x14</size>
         <alignment>0x2</alignment>
         <input_file_ref idref="fl-1"/>
      </object_component>
      <object_component id="oc-60">
         <name>.text.DL_GPIO_getPendingInterrupt</name>
         <load_address>0x2310</load_address>
         <readonly>true</readonly>
         <executable>true</executable>
         <run_address>0x2310</run_address>
         <size>0x12</size>
         <alignment>0x2</alignment>
         <input_file_ref idref="fl-6"/>
      </object_component>
      <object_component id="oc-65">
         <name>.text.DL_Timer_getPendingInterrupt</name>
         <load_address>0x2322</load_address>
         <readonly>true</readonly>
         <executable>true</executable>
         <run_address>0x2322</run_address>
         <size>0x12</size>
         <alignment>0x2</alignment>
         <input_file_ref idref="fl-7"/>
      </object_component>
      <object_component id="oc-183">
         <name>.text.DL_UART_setClockConfig</name>
         <load_address>0x2334</load_address>
         <readonly>true</readonly>
         <executable>true</executable>
         <run_address>0x2334</run_address>
         <size>0x12</size>
         <alignment>0x2</alignment>
         <input_file_ref idref="fl-19"/>
      </object_component>
      <object_component id="oc-19a">
         <name>.text.DL_VREF_setClockConfig</name>
         <load_address>0x2346</load_address>
         <readonly>true</readonly>
         <executable>true</executable>
         <run_address>0x2346</run_address>
         <size>0x12</size>
         <alignment>0x2</alignment>
         <input_file_ref idref="fl-1a"/>
      </object_component>
      <object_component id="oc-c1">
         <name>.text:TI_memcpy_small</name>
         <load_address>0x2358</load_address>
         <readonly>true</readonly>
         <executable>true</executable>
         <run_address>0x2358</run_address>
         <size>0x12</size>
         <alignment>0x1</alignment>
         <input_file_ref idref="fl-11a"/>
      </object_component>
      <object_component id="oc-20">
         <name>.text:decompress:none</name>
         <load_address>0x236a</load_address>
         <readonly>true</readonly>
         <executable>true</executable>
         <run_address>0x236a</run_address>
         <size>0x12</size>
         <alignment>0x2</alignment>
         <input_file_ref idref="fl-39"/>
      </object_component>
      <object_component id="oc-165">
         <name>.text.DL_SYSCTL_disableHFXT</name>
         <load_address>0x237c</load_address>
         <readonly>true</readonly>
         <executable>true</executable>
         <run_address>0x237c</run_address>
         <size>0x10</size>
         <alignment>0x4</alignment>
         <input_file_ref idref="fl-1"/>
      </object_component>
      <object_component id="oc-1c0">
         <name>.text.DL_SYSCTL_isFCCDone</name>
         <load_address>0x238c</load_address>
         <readonly>true</readonly>
         <executable>true</executable>
         <run_address>0x238c</run_address>
         <size>0x10</size>
         <alignment>0x2</alignment>
         <input_file_ref idref="fl-1"/>
      </object_component>
      <object_component id="oc-1bf">
         <name>.text.DL_SYSCTL_startFCC</name>
         <load_address>0x239c</load_address>
         <readonly>true</readonly>
         <executable>true</executable>
         <run_address>0x239c</run_address>
         <size>0x10</size>
         <alignment>0x4</alignment>
         <input_file_ref idref="fl-1"/>
      </object_component>
      <object_component id="oc-d3">
         <name>.text.DL_Timer_setCaptureCompareValue</name>
         <load_address>0x23ac</load_address>
         <readonly>true</readonly>
         <executable>true</executable>
         <run_address>0x23ac</run_address>
         <size>0x10</size>
         <alignment>0x4</alignment>
         <input_file_ref idref="fl-18"/>
      </object_component>
      <object_component id="oc-1d5">
         <name>.text.__aeabi_memset</name>
         <load_address>0x23bc</load_address>
         <readonly>true</readonly>
         <executable>true</executable>
         <run_address>0x23bc</run_address>
         <size>0xe</size>
         <alignment>0x4</alignment>
         <input_file_ref idref="fl-112"/>
      </object_component>
      <object_component id="oc-1d4">
         <name>.text.strlen</name>
         <load_address>0x23ca</load_address>
         <readonly>true</readonly>
         <executable>true</executable>
         <run_address>0x23ca</run_address>
         <size>0xe</size>
         <alignment>0x2</alignment>
         <input_file_ref idref="fl-3b"/>
      </object_component>
      <object_component id="oc-115">
         <name>.text:TI_memset_small</name>
         <load_address>0x23d8</load_address>
         <readonly>true</readonly>
         <executable>true</executable>
         <run_address>0x23d8</run_address>
         <size>0xe</size>
         <alignment>0x1</alignment>
         <input_file_ref idref="fl-11b"/>
      </object_component>
      <object_component id="oc-170">
         <name>.text.DL_SYSCTL_getClockStatus</name>
         <load_address>0x23e8</load_address>
         <readonly>true</readonly>
         <executable>true</executable>
         <run_address>0x23e8</run_address>
         <size>0xc</size>
         <alignment>0x4</alignment>
         <input_file_ref idref="fl-1"/>
      </object_component>
      <object_component id="oc-1c1">
         <name>.text.DL_SYSCTL_readFCC</name>
         <load_address>0x23f4</load_address>
         <readonly>true</readonly>
         <executable>true</executable>
         <run_address>0x23f4</run_address>
         <size>0xc</size>
         <alignment>0x4</alignment>
         <input_file_ref idref="fl-1"/>
      </object_component>
      <object_component id="oc-134">
         <name>.text.DL_Common_delayCycles</name>
         <load_address>0x2400</load_address>
         <readonly>true</readonly>
         <executable>true</executable>
         <run_address>0x2400</run_address>
         <size>0xa</size>
         <alignment>0x2</alignment>
         <input_file_ref idref="fl-17"/>
      </object_component>
      <object_component id="oc-12e">
         <name>.text._outc</name>
         <load_address>0x240a</load_address>
         <readonly>true</readonly>
         <executable>true</executable>
         <run_address>0x240a</run_address>
         <size>0xa</size>
         <alignment>0x2</alignment>
         <input_file_ref idref="fl-32"/>
      </object_component>
      <object_component id="oc-49">
         <name>.text.__aeabi_memcpy</name>
         <load_address>0x2414</load_address>
         <readonly>true</readonly>
         <executable>true</executable>
         <run_address>0x2414</run_address>
         <size>0x8</size>
         <alignment>0x4</alignment>
         <input_file_ref idref="fl-111"/>
      </object_component>
      <object_component id="oc-ec">
         <name>.text:abort</name>
         <load_address>0x241c</load_address>
         <readonly>true</readonly>
         <executable>true</executable>
         <run_address>0x241c</run_address>
         <size>0x6</size>
         <alignment>0x2</alignment>
         <input_file_ref idref="fl-3d"/>
      </object_component>
      <object_component id="oc-33">
         <name>.text.Default_Handler</name>
         <load_address>0x2422</load_address>
         <readonly>true</readonly>
         <executable>true</executable>
         <run_address>0x2422</run_address>
         <size>0x4</size>
         <alignment>0x2</alignment>
         <input_file_ref idref="fl-2"/>
      </object_component>
      <object_component id="oc-13a">
         <name>.text.HOSTexit</name>
         <load_address>0x2426</load_address>
         <readonly>true</readonly>
         <executable>true</executable>
         <run_address>0x2426</run_address>
         <size>0x4</size>
         <alignment>0x2</alignment>
         <input_file_ref idref="fl-f0"/>
      </object_component>
      <object_component id="oc-2f">
         <name>.text.Reset_Handler</name>
         <load_address>0x242a</load_address>
         <readonly>true</readonly>
         <executable>true</executable>
         <run_address>0x242a</run_address>
         <size>0x4</size>
         <alignment>0x2</alignment>
         <input_file_ref idref="fl-2"/>
      </object_component>
      <object_component id="oc-78">
         <name>.text._system_pre_init</name>
         <load_address>0x242e</load_address>
         <readonly>true</readonly>
         <executable>true</executable>
         <run_address>0x242e</run_address>
         <size>0x4</size>
         <alignment>0x2</alignment>
         <input_file_ref idref="fl-36"/>
      </object_component>
      <object_component id="oc-29e">
         <name>.cinit..data.load</name>
         <load_address>0x24e0</load_address>
         <readonly>true</readonly>
         <run_address>0x24e0</run_address>
         <size>0x18</size>
         <alignment>0x1</alignment>
      </object_component>
      <object_component id="oc-29c">
         <name>__TI_handler_table</name>
         <load_address>0x24f8</load_address>
         <readonly>true</readonly>
         <run_address>0x24f8</run_address>
         <size>0xc</size>
         <alignment>0x4</alignment>
      </object_component>
      <object_component id="oc-29f">
         <name>.cinit..bss.load</name>
         <load_address>0x2504</load_address>
         <readonly>true</readonly>
         <run_address>0x2504</run_address>
         <size>0x8</size>
         <alignment>0x4</alignment>
      </object_component>
      <object_component id="oc-29d">
         <name>__TI_cinit_table</name>
         <load_address>0x250c</load_address>
         <readonly>true</readonly>
         <run_address>0x250c</run_address>
         <size>0x10</size>
         <alignment>0x4</alignment>
      </object_component>
      <object_component id="oc-173">
         <name>.rodata.gSYSPLLConfig</name>
         <load_address>0x2440</load_address>
         <readonly>true</readonly>
         <run_address>0x2440</run_address>
         <size>0x28</size>
         <alignment>0x4</alignment>
         <input_file_ref idref="fl-1"/>
      </object_component>
      <object_component id="oc-182">
         <name>.rodata.gMOTOR_PIDTimerConfig</name>
         <load_address>0x2468</load_address>
         <readonly>true</readonly>
         <run_address>0x2468</run_address>
         <size>0x14</size>
         <alignment>0x4</alignment>
         <input_file_ref idref="fl-1"/>
      </object_component>
      <object_component id="oc-e9">
         <name>.rodata.str1.15159059442110792349.1</name>
         <load_address>0x247c</load_address>
         <readonly>true</readonly>
         <run_address>0x247c</run_address>
         <size>0x12</size>
         <alignment>0x1</alignment>
         <input_file_ref idref="fl-3"/>
      </object_component>
      <object_component id="oc-1da">
         <name>.rodata.str1.15363888844622738466.1</name>
         <load_address>0x248e</load_address>
         <readonly>true</readonly>
         <run_address>0x248e</run_address>
         <size>0x11</size>
         <alignment>0x1</alignment>
         <input_file_ref idref="fl-3b"/>
      </object_component>
      <object_component id="oc-18f">
         <name>.rodata.gDEBUGConfig</name>
         <load_address>0x24a0</load_address>
         <readonly>true</readonly>
         <run_address>0x24a0</run_address>
         <size>0xa</size>
         <alignment>0x2</alignment>
         <input_file_ref idref="fl-1"/>
      </object_component>
      <object_component id="oc-18e">
         <name>.rodata.gDEBUGClockConfig</name>
         <load_address>0x24aa</load_address>
         <readonly>true</readonly>
         <run_address>0x24aa</run_address>
         <size>0x2</size>
         <alignment>0x1</alignment>
         <input_file_ref idref="fl-1"/>
      </object_component>
      <object_component id="oc-17e">
         <name>.rodata.gPWMABConfig</name>
         <load_address>0x24ac</load_address>
         <readonly>true</readonly>
         <run_address>0x24ac</run_address>
         <size>0x8</size>
         <alignment>0x4</alignment>
         <input_file_ref idref="fl-1"/>
      </object_component>
      <object_component id="oc-17c">
         <name>.rodata.gSERVOConfig</name>
         <load_address>0x24b4</load_address>
         <readonly>true</readonly>
         <run_address>0x24b4</run_address>
         <size>0x8</size>
         <alignment>0x4</alignment>
         <input_file_ref idref="fl-1"/>
      </object_component>
      <object_component id="oc-1a2">
         <name>.rodata.gVREFConfig</name>
         <load_address>0x24bc</load_address>
         <readonly>true</readonly>
         <run_address>0x24bc</run_address>
         <size>0x8</size>
         <alignment>0x2</alignment>
         <input_file_ref idref="fl-1"/>
      </object_component>
      <object_component id="oc-199">
         <name>.rodata.gxuanniuClockConfig</name>
         <load_address>0x24c4</load_address>
         <readonly>true</readonly>
         <run_address>0x24c4</run_address>
         <size>0x8</size>
         <alignment>0x4</alignment>
         <input_file_ref idref="fl-1"/>
      </object_component>
      <object_component id="oc-91">
[...]
         <value>0x2423</value>
         <object_component_ref idref="oc-33"/>
      </symbol>
      <symbol id="sm-146">
         <name>UART2_IRQHandler</name>
         <value>0x2423</value>
         <object_component_ref idref="oc-33"/>
      </symbol>
      <symbol id="sm-147">
         <name>UART0_IRQHandler</name>
         <value>0x2423</value>
         <object_component_ref idref="oc-33"/>
      </symbol>
      <symbol id="sm-148">
         <name>TIMG0_IRQHandler</name>
         <value>0x2423</value>
         <object_component_ref idref="oc-33"/>
      </symbol>
      <symbol id="sm-149">
         <name>TIMG6_IRQHandler</name>
         <value>0x2423</value>
         <object_component_ref idref="oc-33"/>
      </symbol>
      <symbol id="sm-14a">
         <name>TIMA1_IRQHandler</name>
         <value>0x2423</value>
         <object_component_ref idref="oc-33"/>
      </symbol>
      <symbol id="sm-14b">
         <name>TIMG7_IRQHandler</name>
         <value>0x2423</value>
         <object_component_ref idref="oc-33"/>
      </symbol>
      <symbol id="sm-14c">
         <name>TIMG12_IRQHandler</name>
         <value>0x2423</value>
         <object_component_ref idref="oc-33"/>
      </symbol>
      <symbol id="sm-14d">
         <name>I2C0_IRQHandler</name>
         <value>0x2423</value>
         <object_component_ref idref="oc-33"/>
      </symbol>
      <symbol id="sm-14e">
         <name>I2C1_IRQHandler</name>
         <value>0x2423</value>
         <object_component_ref idref="oc-33"/>
      </symbol>
      <symbol id="sm-14f">
         <name>AES_IRQHandler</name>
         <value>0x2423</value>
         <object_component_ref idref="oc-33"/>
      </symbol>
      <symbol id="sm-150">
         <name>RTC_IRQHandler</name>
         <value>0x2423</value>
         <object_component_ref idref="oc-33"/>
      </symbol>
      <symbol id="sm-151">
         <name>DMA_IRQHandler</name>
         <value>0x2423</value>
         <object_component_ref idref="oc-33"/>
      </symbol>
      <symbol id="sm-167">
         <name>main</name>
         <value>0x1021</value>
         <object_component_ref idref="oc-7c"/>
      </symbol>
      <symbol id="sm-170">
         <name>delay_ms</name>
         <value>0x202d</value>
         <object_component_ref idref="oc-e5"/>
      </symbol>
      <symbol id="sm-189">
         <name>huidu_get_value</name>
         <value>0x10bd</value>
         <object_component_ref idref="oc-8b"/>
      </symbol>
      <symbol id="sm-18a">
         <name>huidu_value</name>
         <value>0x2020015c</value>
         <object_component_ref idref="oc-90"/>
      </symbol>
      <symbol id="sm-18b">
         <name>adjust_motor</name>
         <value>0x675</value>
         <object_component_ref idref="oc-66"/>
      </symbol>
      <symbol id="sm-198">
         <name>GROUP1_IRQHandler</name>
         <value>0x197d</value>
         <object_component_ref idref="oc-34"/>
      </symbol>
      <symbol id="sm-199">
         <name>counter_1_A</name>
         <value>0x2020016c</value>
         <object_component_ref idref="oc-61"/>
      </symbol>
      <symbol id="sm-19a">
         <name>counter_2_A</name>
         <value>0x20200170</value>
         <object_component_ref idref="oc-62"/>
      </symbol>
      <symbol id="sm-1c8">
         <name>motor_init</name>
         <value>0xedd</value>
         <object_component_ref idref="oc-d9"/>
      </symbol>
      <symbol id="sm-1c9">
         <name>limit_duty</name>
         <value>0x1c85</value>
         <object_component_ref idref="oc-b6"/>
      </symbol>
      <symbol id="sm-1ca">
         <name>motor_set_duty</name>
         <value>0x1811</value>
         <object_component_ref idref="oc-b7"/>
      </symbol>
      <symbol id="sm-1cb">
         <name>motor_set_direction</name>
         <value>0x89d</value>
         <object_component_ref idref="oc-8c"/>
      </symbol>
      <symbol id="sm-1cc">
         <name>calculate_speed</name>
         <value>0xe19</value>
         <object_component_ref idref="oc-6b"/>
      </symbol>
      <symbol id="sm-1cd">
         <name>speed_1</name>
         <value>0x20200190</value>
         <object_component_ref idref="oc-a8"/>
      </symbol>
      <symbol id="sm-1ce">
         <name>speed_2</name>
         <value>0x20200194</value>
         <object_component_ref idref="oc-a9"/>
      </symbol>
      <symbol id="sm-1cf">
         <name>DC_MOTOR_PID</name>
         <value>0x345</value>
         <object_component_ref idref="oc-6c"/>
      </symbol>
      <symbol id="sm-1d0">
         <name>target_speed_1</name>
         <value>0x20200198</value>
         <object_component_ref idref="oc-8e"/>
      </symbol>
      <symbol id="sm-1d1">
         <name>kp</name>
         <value>0x2020017c</value>
         <object_component_ref idref="oc-b8"/>
      </symbol>
      <symbol id="sm-1d2">
         <name>last_error_1</name>
         <value>0x20200180</value>
         <object_component_ref idref="oc-b9"/>
      </symbol>
      <symbol id="sm-1d3">
         <name>ki</name>
         <value>0x20200178</value>
         <object_component_ref idref="oc-ba"/>
      </symbol>
      <symbol id="sm-1d4">
         <name>kd</name>
         <value>0x20200174</value>
         <object_component_ref idref="oc-bb"/>
      </symbol>
      <symbol id="sm-1d5">
         <name>prev_error_1</name>
         <value>0x20200188</value>
         <object_component_ref idref="oc-bc"/>
      </symbol>
      <symbol id="sm-1d6">
         <name>PWM_1_duty</name>
         <value>0x20200164</value>
         <object_component_ref idref="oc-bd"/>
      </symbol>
      <symbol id="sm-1d7">
         <name>target_speed_2</name>
         <value>0x2020019c</value>
         <object_component_ref idref="oc-8f"/>
      </symbol>
      <symbol id="sm-1d8">
         <name>last_error_2</name>
         <value>0x20200184</value>
         <object_component_ref idref="oc-be"/>
      </symbol>
      <symbol id="sm-1d9">
         <name>prev_error_2</name>
         <value>0x2020018c</value>
         <object_component_ref idref="oc-bf"/>
      </symbol>
      <symbol id="sm-1da">
         <name>PWM_2_duty</name>
         <value>0x20200168</value>
         <object_component_ref idref="oc-c0"/>
      </symbol>
      <symbol id="sm-1db">
         <name>TIMA0_IRQHandler</name>
         <value>0x1afd</value>
         <object_component_ref idref="oc-39"/>
      </symbol>
      <symbol id="sm-1e6">
         <name>UART_send_char</name>
         <value>0x2011</value>
         <object_component_ref idref="oc-131"/>
      </symbol>
      <symbol id="sm-1e7">
         <name>UART_send_string</name>
         <value>0x1d0d</value>
         <object_component_ref idref="oc-e0"/>
      </symbol>
      <symbol id="sm-1e8">
         <name>__TI_ATRegion0_src_addr</name>
         <value>0x0</value>
      </symbol>
      <symbol id="sm-1e9">
         <name>__TI_ATRegion0_trg_addr</name>
         <value>0x0</value>
      </symbol>
      <symbol id="sm-1ea">
         <name>__TI_ATRegion0_region_sz</name>
         <value>0x0</value>
      </symbol>
      <symbol id="sm-1eb">
         <name>__TI_ATRegion1_src_addr</name>
         <value>0x0</value>
      </symbol>
      <symbol id="sm-1ec">
         <name>__TI_ATRegion1_trg_addr</name>
         <value>0x0</value>
      </symbol>
      <symbol id="sm-1ed">
         <name>__TI_ATRegion1_region_sz</name>
         <value>0x0</value>
      </symbol>
      <symbol id="sm-1ee">
         <name>__TI_ATRegion2_src_addr</name>
         <value>0x0</value>
      </symbol>
      <symbol id="sm-1ef">
         <name>__TI_ATRegion2_trg_addr</name>
         <value>0x0</value>
      </symbol>
      <symbol id="sm-1f0">
         <name>__TI_ATRegion2_region_sz</name>
         <value>0x0</value>
      </symbol>
      <symbol id="sm-1fb">
         <name>DL_ADC12_setClockConfig</name>
         <value>0x19c1</value>
         <object_component_ref idref="oc-190"/>
      </symbol>
      <symbol id="sm-204">
         <name>DL_Common_delayCycles</name>
         <value>0x2401</value>
         <object_component_ref idref="oc-134"/>
      </symbol>
      <symbol id="sm-220">
         <name>DL_Timer_setClockConfig</name>
         <value>0x1fd9</value>
         <object_component_ref idref="oc-174"/>
      </symbol>
      <symbol id="sm-221">
         <name>DL_Timer_initTimerMode</name>
         <value>0x99d</value>
         <object_component_ref idref="oc-17f"/>
      </symbol>
      <symbol id="sm-222">
         <name>DL_Timer_setCaptureCompareValue</name>
         <value>0x23ad</value>
         <object_component_ref idref="oc-d3"/>
      </symbol>
      <symbol id="sm-223">
         <name>DL_Timer_setCaptCompUpdateMethod</name>
         <value>0x1fbd</value>
         <object_component_ref idref="oc-178"/>
      </symbol>
      <symbol id="sm-224">
         <name>DL_Timer_setCaptureCompareOutCtl</name>
         <value>0x2169</value>
         <object_component_ref idref="oc-177"/>
      </symbol>
      <symbol id="sm-225">
         <name>DL_Timer_initFourCCPWMMode</name>
         <value>0x799</value>
         <object_component_ref idref="oc-175"/>
      </symbol>
      <symbol id="sm-235">
         <name>DL_UART_init</name>
         <value>0x18a9</value>
         <object_component_ref idref="oc-189"/>
      </symbol>
      <symbol id="sm-236">
         <name>DL_UART_setClockConfig</name>
         <value>0x2335</value>
         <object_component_ref idref="oc-183"/>
      </symbol>
      <symbol id="sm-237">
         <name>DL_UART_transmitDataBlocking</name>
         <value>0x1c55</value>
         <object_component_ref idref="oc-1ab"/>
      </symbol>
      <symbol id="sm-243">
         <name>DL_VREF_configReference</name>
         <value>0x1dfd</value>
         <object_component_ref idref="oc-1a0"/>
      </symbol>
      <symbol id="sm-244">
         <name>DL_VREF_setClockConfig</name>
         <value>0x2347</value>
         <object_component_ref idref="oc-19a"/>
      </symbol>
      <symbol id="sm-258">
         <name>DL_SYSCTL_configSYSPLL</name>
         <value>0xc65</value>
         <object_component_ref idref="oc-16d"/>
      </symbol>
      <symbol id="sm-259">
         <name>DL_SYSCTL_switchMCLKfromSYSOSCtoHSCLK</name>
         <value>0x1939</value>
         <object_component_ref idref="oc-172"/>
      </symbol>
      <symbol id="sm-25a">
         <name>DL_SYSCTL_setHFCLKSourceHFXTParams</name>
         <value>0x1665</value>
         <object_component_ref idref="oc-167"/>
      </symbol>
      <symbol id="sm-25b">
         <name>DL_SYSCTL_configFCC</name>
         <value>0x1f31</value>
         <object_component_ref idref="oc-1be"/>
      </symbol>
      <symbol id="sm-26c">
         <name>sprintf</name>
         <value>0x1be9</value>
         <object_component_ref idref="oc-da"/>
      </symbol>
      <symbol id="sm-277">
         <name>_c_int00_noargs</name>
         <value>0x1db1</value>
         <object_component_ref idref="oc-59"/>
      </symbol>
      <symbol id="sm-278">
         <name>__stack</name>
         <value>0x20207e00</value>
         <object_component_ref idref="oc-1a"/>
      </symbol>
      <symbol id="sm-284">
         <name>__TI_auto_init_nobinit_nopinit</name>
         <value>0x1b39</value>
         <object_component_ref idref="oc-f3"/>
      </symbol>
      <symbol id="sm-28c">
         <name>_system_pre_init</name>
         <value>0x242f</value>
         <object_component_ref idref="oc-78"/>
      </symbol>
      <symbol id="sm-297">
         <name>__TI_zero_init_nomemset</name>
         <value>0x2281</value>
         <object_component_ref idref="oc-50"/>
      </symbol>
      <symbol id="sm-2a0">
         <name>__TI_decompress_none</name>
         <value>0x236b</value>
         <object_component_ref idref="oc-20"/>
      </symbol>
      <symbol id="sm-2ab">
         <name>__TI_decompress_lzss</name>
         <value>0x12ed</value>
         <object_component_ref idref="oc-1c"/>
      </symbol>
      <symbol id="sm-2c1">
         <name>__TI_printfi_minimal</name>
         <value>0xc1</value>
         <object_component_ref idref="oc-1a3"/>
      </symbol>
      <symbol id="sm-2cc">
         <name>abort</name>
         <value>0x241d</value>
         <object_component_ref idref="oc-ec"/>
      </symbol>
      <symbol id="sm-2db">
         <name>memccpy</name>
         <value>0x1e1f</value>
         <object_component_ref idref="oc-1d6"/>
      </symbol>
      <symbol id="sm-2ee">
         <name>HOSTexit</name>
         <value>0x2427</value>
         <object_component_ref idref="oc-13a"/>
      </symbol>
      <symbol id="sm-2ef">
         <name>C$$EXIT</name>
         <value>0x2426</value>
         <object_component_ref idref="oc-13a"/>
      </symbol>
      <symbol id="sm-304">
         <name>__aeabi_fadd</name>
         <value>0xd4b</value>
         <object_component_ref idref="oc-aa"/>
      </symbol>
      <symbol id="sm-305">
         <name>__addsf3</name>
         <value>0xd4b</value>
         <object_component_ref idref="oc-aa"/>
      </symbol>
      <symbol id="sm-306">
         <name>__aeabi_fsub</name>
         <value>0xd41</value>
         <object_component_ref idref="oc-aa"/>
      </symbol>
      <symbol id="sm-307">
         <name>__subsf3</name>
         <value>0xd41</value>
         <object_component_ref idref="oc-aa"/>
      </symbol>
      <symbol id="sm-30d">
         <name>__aeabi_dmul</name>
         <value>0xb81</value>
         <object_component_ref idref="oc-a0"/>
      </symbol>
      <symbol id="sm-30e">
         <name>__muldf3</name>
         <value>0xb81</value>
         <object_component_ref idref="oc-a0"/>
      </symbol>
      <symbol id="sm-314">
         <name>__muldsi3</name>
         <value>0x1b75</value>
         <object_component_ref idref="oc-10b"/>
      </symbol>
      <symbol id="sm-31a">
         <name>__aeabi_fmul</name>
         <value>0x11dd</value>
         <object_component_ref idref="oc-ae"/>
      </symbol>
      <symbol id="sm-31b">
         <name>__mulsf3</name>
         <value>0x11dd</value>
         <object_component_ref idref="oc-ae"/>
      </symbol>
      <symbol id="sm-321">
         <name>__aeabi_fdiv</name>
         <value>0x1269</value>
         <object_component_ref idref="oc-98"/>
      </symbol>
      <symbol id="sm-322">
         <name>__divsf3</name>
         <value>0x1269</value>
         <object_component_ref idref="oc-98"/>
      </symbol>
      <symbol id="sm-328">
         <name>__aeabi_f2d</name>
         <value>0x1a81</value>
         <object_component_ref idref="oc-9c"/>
      </symbol>
      <symbol id="sm-329">
         <name>__extendsfdf2</name>
         <value>0x1a81</value>
         <object_component_ref idref="oc-9c"/>
      </symbol>
      <symbol id="sm-32f">
         <name>__aeabi_f2iz</name>
         <value>0x1bb1</value>
         <object_component_ref idref="oc-b2"/>
      </symbol>
      <symbol id="sm-330">
         <name>__fixsfsi</name>
         <value>0x1bb1</value>
         <object_component_ref idref="oc-b2"/>
      </symbol>
      <symbol id="sm-336">
         <name>__aeabi_ui2d</name>
         <value>0x1dd9</value>
         <object_component_ref idref="oc-1c6"/>
      </symbol>
      <symbol id="sm-337">
         <name>__floatunsidf</name>
         <value>0x1dd9</value>
         <object_component_ref idref="oc-1c6"/>
      </symbol>
      <symbol id="sm-33d">
         <name>__aeabi_ui2f</name>
         <value>0x1d89</value>
         <object_component_ref idref="oc-94"/>
      </symbol>
      <symbol id="sm-33e">
         <name>__floatunsisf</name>
         <value>0x1d89</value>
         <object_component_ref idref="oc-94"/>
      </symbol>
      <symbol id="sm-345">
         <name>__aeabi_d2f</name>
         <value>0x1451</value>
         <object_component_ref idref="oc-a4"/>
      </symbol>
      <symbol id="sm-346">
         <name>__truncdfsf2</name>
         <value>0x1451</value>
         <object_component_ref idref="oc-a4"/>
      </symbol>
      <symbol id="sm-34c">
         <name>__aeabi_dcmpeq</name>
         <value>0x16c9</value>
         <object_component_ref idref="oc-1ca"/>
      </symbol>
      <symbol id="sm-34d">
         <name>__aeabi_dcmplt</name>
         <value>0x16dd</value>
         <object_component_ref idref="oc-1ca"/>
      </symbol>
      <symbol id="sm-34e">
         <name>__aeabi_dcmple</name>
         <value>0x16f1</value>
         <object_component_ref idref="oc-1ca"/>
      </symbol>
      <symbol id="sm-34f">
         <name>__aeabi_dcmpge</name>
         <value>0x1705</value>
         <object_component_ref idref="oc-1ca"/>
      </symbol>
      <symbol id="sm-350">
         <name>__aeabi_dcmpgt</name>
         <value>0x1719</value>
         <object_component_ref idref="oc-1ca"/>
      </symbol>
      <symbol id="sm-356">
         <name>__aeabi_memcpy</name>
         <value>0x2415</value>
         <object_component_ref idref="oc-49"/>
      </symbol>
      <symbol id="sm-357">
         <name>__aeabi_memcpy4</name>
         <value>0x2415</value>
         <object_component_ref idref="oc-49"/>
      </symbol>
      <symbol id="sm-358">
         <name>__aeabi_memcpy8</name>
         <value>0x2415</value>
         <object_component_ref idref="oc-49"/>
      </symbol>
      <symbol id="sm-35f">
         <name>__aeabi_memset</name>
         <value>0x23bd</value>
         <object_component_ref idref="oc-1d5"/>
      </symbol>
      <symbol id="sm-360">
         <name>__aeabi_memset4</name>
         <value>0x23bd</value>
         <object_component_ref idref="oc-1d5"/>
      </symbol>
      <symbol id="sm-361">
         <name>__aeabi_memset8</name>
         <value>0x23bd</value>
         <object_component_ref idref="oc-1d5"/>
      </symbol>
      <symbol id="sm-367">
         <name>__aeabi_uidiv</name>
         <value>0x1a41</value>
         <object_component_ref idref="oc-1c2"/>
      </symbol>
      <symbol id="sm-368">
         <name>__aeabi_uidivmod</name>
         <value>0x1a41</value>
         <object_component_ref idref="oc-1c2"/>
      </symbol>
      <symbol id="sm-376">
         <name>__ledf2</name>
         <value>0x1531</value>
         <object_component_ref idref="oc-1fe"/>
      </symbol>
      <symbol id="sm-377">
         <name>__gedf2</name>
         <value>0x13dd</value>
         <object_component_ref idref="oc-204"/>
      </symbol>
      <symbol id="sm-378">
         <name>__cmpdf2</name>
         <value>0x1531</value>
         <object_component_ref idref="oc-1fe"/>
      </symbol>
      <symbol id="sm-379">
         <name>__eqdf2</name>
         <value>0x1531</value>
         <object_component_ref idref="oc-1fe"/>
      </symbol>
      <symbol id="sm-37a">
         <name>__ltdf2</name>
         <value>0x1531</value>
         <object_component_ref idref="oc-1fe"/>
      </symbol>
      <symbol id="sm-37b">
         <name>__nedf2</name>
         <value>0x1531</value>
         <object_component_ref idref="oc-1fe"/>
      </symbol>
      <symbol id="sm-37c">
         <name>__gtdf2</name>
         <value>0x13dd</value>
         <object_component_ref idref="oc-204"/>
      </symbol>
      <symbol id="sm-386">
         <name>__aeabi_idiv0</name>
         <value>0x12eb</value>
         <object_component_ref idref="oc-1f7"/>
      </symbol>
      <symbol id="sm-390">
         <name>TI_memcpy_small</name>
         <value>0x2359</value>
         <object_component_ref idref="oc-c1"/>
      </symbol>
      <symbol id="sm-399">
         <name>TI_memset_small</name>
         <value>0x23d9</value>
         <object_component_ref idref="oc-115"/>
      </symbol>
      <symbol id="sm-39a">
         <name>__TI_static_base__</name>
         <value>0x0</value>
      </symbol>
      <symbol id="sm-39d">
         <name>__mpu_init</name>
         <value>0x0</value>
      </symbol>
      <symbol id="sm-39e">
         <name>_system_post_cinit</name>
         <value>0x0</value>
      </symbol>
   </symbol_table>
   <title>Link successful</title>
</link_info>
