<?xml version="1.0" encoding="ISO-8859-1" ?>
<link_info>
   <banner>TI ARM Clang Linker PC v4.0.4.LTS</banner>
   <copyright>Copyright (c) 1996-2018 Texas Instruments Incorporated</copyright>
   <command_line>D:\ti\ccs2050\ccs\tools\compiler\ti-cgt-armllvm_4.0.4.LTS\bin\tiarmlnk -ID:\ti\ccs2050\ccs\tools\compiler\ti-cgt-armllvm_4.0.4.LTS\lib -o 11_PID_car.out -m11_PID_car.map -iD:/ti/ccs2050/mspm0_sdk_2_10_00_04/source -iC:/Users/80706/workspace_ccstheia/11_PID_car -iC:/Users/80706/workspace_ccstheia/11_PID_car/Debug/syscfg -iD:/ti/ccs2050/ccs/tools/compiler/ti-cgt-armllvm_4.0.4.LTS/lib --diag_wrap=off --display_error_number --warn_sections --xml_link_info=11_PID_car_linkInfo.xml --rom_model ./ti_msp_dl_config.o ./startup_mspm0g350x_ticlang.o ./main.o ./user_driver/delay.o ./user_driver/huidu.o ./user_driver/key.o ./user_driver/motor.o ./user_driver/uart.o -l./device_linker.cmd -ldevice.cmd.genlibs -llibc.a --start-group -llibc++.a -llibc++abi.a -llibc.a -llibsys.a -llibsysbm.a -llibclang_rt.builtins.a -llibclang_rt.profile.a --end-group --cg_opt_level=0</command_line>
   <link_time>0x6a646cd1</link_time>
   <link_errors>0x0</link_errors>
   <output_file>C:\Users\80706\workspace_ccstheia\11_PID_car\Debug\11_PID_car.out</output_file>
   <entry_point>
      <name>_c_int00_noargs</name>
      <address>0x2325</address>
   </entry_point>
   <input_file_list>
      <input_file id="fl-1">
         <path>C:\Users\80706\workspace_ccstheia\11_PID_car\Debug\.\</path>
         <kind>object</kind>
         <file>ti_msp_dl_config.o</file>
         <name>ti_msp_dl_config.o</name>
      </input_file>
      <input_file id="fl-2">
         <path>C:\Users\80706\workspace_ccstheia\11_PID_car\Debug\.\</path>
         <kind>object</kind>
         <file>startup_mspm0g350x_ticlang.o</file>
         <name>startup_mspm0g350x_ticlang.o</name>
      </input_file>
      <input_file id="fl-3">
         <path>C:\Users\80706\workspace_ccstheia\11_PID_car\Debug\.\</path>
         <kind>object</kind>
         <file>main.o</file>
         <name>main.o</name>
      </input_file>
      <input_file id="fl-4">
         <path>C:\Users\80706\workspace_ccstheia\11_PID_car\Debug\.\user_driver\</path>
         <kind>object</kind>
         <file>delay.o</file>
         <name>delay.o</name>
      </input_file>
      <input_file id="fl-5">
         <path>C:\Users\80706\workspace_ccstheia\11_PID_car\Debug\.\user_driver\</path>
         <kind>object</kind>
         <file>huidu.o</file>
         <name>huidu.o</name>
      </input_file>
      <input_file id="fl-6">
         <path>C:\Users\80706\workspace_ccstheia\11_PID_car\Debug\.\user_driver\</path>
         <kind>object</kind>
         <file>key.o</file>
         <name>key.o</name>
      </input_file>
      <input_file id="fl-7">
         <path>C:\Users\80706\workspace_ccstheia\11_PID_car\Debug\.\user_driver\</path>
         <kind>object</kind>
         <file>motor.o</file>
         <name>motor.o</name>
      </input_file>
      <input_file id="fl-8">
         <path>C:\Users\80706\workspace_ccstheia\11_PID_car\Debug\.\user_driver\</path>
         <kind>object</kind>
         <file>uart.o</file>
         <name>uart.o</name>
      </input_file>
      <input_file id="fl-15">
         <path>C:\Users\80706\workspace_ccstheia\11_PID_car\Debug\</path>
         <kind>object</kind>
         <file>&lt;internal&gt;</file>
         <name>&lt;internal&gt;</name>
      </input_file>
      <input_file id="fl-16">
         <path>D:\ti\ccs2050\mspm0_sdk_2_10_00_04\source\ti\driverlib\lib\ticlang\m0p\mspm0g1x0x_g3x0x\</path>
         <kind>archive</kind>
         <file>driverlib.a</file>
         <name>dl_adc12.o</name>
      </input_file>
      <input_file id="fl-17">
         <path>D:\ti\ccs2050\mspm0_sdk_2_10_00_04\source\ti\driverlib\lib\ticlang\m0p\mspm0g1x0x_g3x0x\</path>
         <kind>archive</kind>
         <file>driverlib.a</file>
         <name>dl_common.o</name>
      </input_file>
      <input_file id="fl-18">
         <path>D:\ti\ccs2050\mspm0_sdk_2_10_00_04\source\ti\driverlib\lib\ticlang\m0p\mspm0g1x0x_g3x0x\</path>
         <kind>archive</kind>
         <file>driverlib.a</file>
         <name>dl_i2c.o</name>
      </input_file>
      <input_file id="fl-19">
         <path>D:\ti\ccs2050\mspm0_sdk_2_10_00_04\source\ti\driverlib\lib\ticlang\m0p\mspm0g1x0x_g3x0x\</path>
         <kind>archive</kind>
         <file>driverlib.a</file>
         <name>dl_timer.o</name>
      </input_file>
      <input_file id="fl-1a">
         <path>D:\ti\ccs2050\mspm0_sdk_2_10_00_04\source\ti\driverlib\lib\ticlang\m0p\mspm0g1x0x_g3x0x\</path>
         <kind>archive</kind>
         <file>driverlib.a</file>
         <name>dl_uart.o</name>
      </input_file>
      <input_file id="fl-1b">
         <path>D:\ti\ccs2050\mspm0_sdk_2_10_00_04\source\ti\driverlib\lib\ticlang\m0p\mspm0g1x0x_g3x0x\</path>
         <kind>archive</kind>
         <file>driverlib.a</file>
         <name>dl_vref.o</name>
      </input_file>
      <input_file id="fl-1c">
         <path>D:\ti\ccs2050\mspm0_sdk_2_10_00_04\source\ti\driverlib\lib\ticlang\m0p\mspm0g1x0x_g3x0x\</path>
         <kind>archive</kind>
         <file>driverlib.a</file>
         <name>dl_sysctl_mspm0g1x0x_g3x0x.o</name>
      </input_file>
      <input_file id="fl-33">
         <path>D:\ti\ccs2050\ccs\tools\compiler\ti-cgt-armllvm_4.0.4.LTS\lib\armv6m-ti-none-eabi\c\</path>
         <kind>archive</kind>
         <file>libc.a</file>
         <name>sprintf.c.obj</name>
      </input_file>
      <input_file id="fl-34">
         <path>D:\ti\ccs2050\ccs\tools\compiler\ti-cgt-armllvm_4.0.4.LTS\lib\armv6m-ti-none-eabi\c\</path>
         <kind>archive</kind>
         <file>libc.a</file>
         <name>boot_cortex_m.c.obj</name>
      </input_file>
      <input_file id="fl-35">
         <path>D:\ti\ccs2050\ccs\tools\compiler\ti-cgt-armllvm_4.0.4.LTS\lib\armv6m-ti-none-eabi\c\</path>
         <kind>archive</kind>
         <file>libc.a</file>
         <name>mathacl_init.c.obj</name>
      </input_file>
      <input_file id="fl-36">
         <path>D:\ti\ccs2050\ccs\tools\compiler\ti-cgt-armllvm_4.0.4.LTS\lib\armv6m-ti-none-eabi\c\</path>
         <kind>archive</kind>
         <file>libc.a</file>
         <name>autoinit.c.obj</name>
      </input_file>
      <input_file id="fl-37">
         <path>D:\ti\ccs2050\ccs\tools\compiler\ti-cgt-armllvm_4.0.4.LTS\lib\armv6m-ti-none-eabi\c\</path>
         <kind>archive</kind>
         <file>libc.a</file>
         <name>pre_init.c.obj</name>
      </input_file>
      <input_file id="fl-38">
         <path>D:\ti\ccs2050\ccs\tools\compiler\ti-cgt-armllvm_4.0.4.LTS\lib\armv6m-ti-none-eabi\c\</path>
         <kind>archive</kind>
         <file>libc.a</file>
         <name>cpy_tbl.c.obj</name>
      </input_file>
      <input_file id="fl-39">
         <path>D:\ti\ccs2050\ccs\tools\compiler\ti-cgt-armllvm_4.0.4.LTS\lib\armv6m-ti-none-eabi\c\</path>
         <kind>archive</kind>
         <file>libc.a</file>
         <name>copy_zero_init.c.obj</name>
      </input_file>
      <input_file id="fl-3a">
         <path>D:\ti\ccs2050\ccs\tools\compiler\ti-cgt-armllvm_4.0.4.LTS\lib\armv6m-ti-none-eabi\c\</path>
         <kind>archive</kind>
         <file>libc.a</file>
         <name>copy_decompress_none.c.obj</name>
      </input_file>
      <input_file id="fl-3b">
         <path>D:\ti\ccs2050\ccs\tools\compiler\ti-cgt-armllvm_4.0.4.LTS\lib\armv6m-ti-none-eabi\c\</path>
         <kind>archive</kind>
         <file>libc.a</file>
         <name>copy_decompress_lzss.c.obj</name>
      </input_file>
      <input_file id="fl-3c">
         <path>D:\ti\ccs2050\ccs\tools\compiler\ti-cgt-armllvm_4.0.4.LTS\lib\armv6m-ti-none-eabi\c\</path>
         <kind>archive</kind>
         <file>libc.a</file>
         <name>_printfi.c.obj</name>
      </input_file>
      <input_file id="fl-3d">
         <path>D:\ti\ccs2050\ccs\tools\compiler\ti-cgt-armllvm_4.0.4.LTS\lib\armv6m-ti-none-eabi\c\</path>
         <kind>archive</kind>
         <file>libc.a</file>
         <name>aeabi_portable.c.obj</name>
      </input_file>
      <input_file id="fl-3e">
         <path>D:\ti\ccs2050\ccs\tools\compiler\ti-cgt-armllvm_4.0.4.LTS\lib\armv6m-ti-none-eabi\c\</path>
         <kind>archive</kind>
         <file>libc.a</file>
         <name>exit.c.obj</name>
      </input_file>
      <input_file id="fl-3f">
         <path>D:\ti\ccs2050\ccs\tools\compiler\ti-cgt-armllvm_4.0.4.LTS\lib\armv6m-ti-none-eabi\c\</path>
         <kind>archive</kind>
         <file>libc.a</file>
         <name>_lock.c.obj</name>
      </input_file>
      <input_file id="fl-40">
         <path>D:\ti\ccs2050\ccs\tools\compiler\ti-cgt-armllvm_4.0.4.LTS\lib\armv6m-ti-none-eabi\c\</path>
         <kind>archive</kind>
         <file>libc.a</file>
         <name>_ltoa.c.obj</name>
      </input_file>
      <input_file id="fl-41">
         <path>D:\ti\ccs2050\ccs\tools\compiler\ti-cgt-armllvm_4.0.4.LTS\lib\armv6m-ti-none-eabi\c\</path>
         <kind>archive</kind>
         <file>libc.a</file>
         <name>args_main.c.obj</name>
      </input_file>
      <input_file id="fl-42">
         <path>D:\ti\ccs2050\ccs\tools\compiler\ti-cgt-armllvm_4.0.4.LTS\lib\armv6m-ti-none-eabi\c\</path>
         <kind>archive</kind>
         <file>libc.a</file>
         <name>assert.c.obj</name>
      </input_file>
      <input_file id="fl-43">
         <path>D:\ti\ccs2050\ccs\tools\compiler\ti-cgt-armllvm_4.0.4.LTS\lib\armv6m-ti-none-eabi\c\</path>
         <kind>archive</kind>
         <file>libc.a</file>
         <name>atoi.c.obj</name>
      </input_file>
      <input_file id="fl-44">
         <path>D:\ti\ccs2050\ccs\tools\compiler\ti-cgt-armllvm_4.0.4.LTS\lib\armv6m-ti-none-eabi\c\</path>
         <kind>archive</kind>
         <file>libc.a</file>
         <name>defs.c.obj</name>
      </input_file>
      <input_file id="fl-45">
         <path>D:\ti\ccs2050\ccs\tools\compiler\ti-cgt-armllvm_4.0.4.LTS\lib\armv6m-ti-none-eabi\c\</path>
         <kind>archive</kind>
         <file>libc.a</file>
         <name>memccpy.c.obj</name>
      </input_file>
      <input_file id="fl-46">
         <path>D:\ti\ccs2050\ccs\tools\compiler\ti-cgt-armllvm_4.0.4.LTS\lib\armv6m-ti-none-eabi\c\</path>
         <kind>archive</kind>
         <file>libc.a</file>
         <name>memory.c.obj</name>
      </input_file>
      <input_file id="fl-47">
         <path>D:\ti\ccs2050\ccs\tools\compiler\ti-cgt-armllvm_4.0.4.LTS\lib\armv6m-ti-none-eabi\c\</path>
         <kind>archive</kind>
         <file>libc.a</file>
         <name>s_frexp.c.obj</name>
      </input_file>
      <input_file id="fl-48">
         <path>D:\ti\ccs2050\ccs\tools\compiler\ti-cgt-armllvm_4.0.4.LTS\lib\armv6m-ti-none-eabi\c\</path>
         <kind>archive</kind>
         <file>libc.a</file>
         <name>s_scalbn.c.obj</name>
      </input_file>
      <input_file id="fl-49">
         <path>D:\ti\ccs2050\ccs\tools\compiler\ti-cgt-armllvm_4.0.4.LTS\lib\armv6m-ti-none-eabi\c\</path>
         <kind>archive</kind>
         <file>libc.a</file>
         <name>wcslen.c.obj</name>
      </input_file>
      <input_file id="fl-4a">
         <path>D:\ti\ccs2050\ccs\tools\compiler\ti-cgt-armllvm_4.0.4.LTS\lib\armv6m-ti-none-eabi\c\</path>
         <kind>archive</kind>
         <file>libc.a</file>
         <name>fflush.c.obj</name>
      </input_file>
      <input_file id="fl-4b">
         <path>D:\ti\ccs2050\ccs\tools\compiler\ti-cgt-armllvm_4.0.4.LTS\lib\armv6m-ti-none-eabi\c\</path>
         <kind>archive</kind>
         <file>libc.a</file>
         <name>fputs.c.obj</name>
      </input_file>
      <input_file id="fl-4c">
         <path>D:\ti\ccs2050\ccs\tools\compiler\ti-cgt-armllvm_4.0.4.LTS\lib\armv6m-ti-none-eabi\c\</path>
         <kind>archive</kind>
         <file>libc.a</file>
         <name>_io_perm.c.obj</name>
      </input_file>
      <input_file id="fl-4d">
         <path>D:\ti\ccs2050\ccs\tools\compiler\ti-cgt-armllvm_4.0.4.LTS\lib\armv6m-ti-none-eabi\c\</path>
         <kind>archive</kind>
         <file>libc.a</file>
         <name>setvbuf.c.obj</name>
      </input_file>
      <input_file id="fl-4e">
         <path>D:\ti\ccs2050\ccs\tools\compiler\ti-cgt-armllvm_4.0.4.LTS\lib\armv6m-ti-none-eabi\c\</path>
         <kind>archive</kind>
         <file>libc.a</file>
         <name>aeabi_ctype.S.obj</name>
      </input_file>
      <input_file id="fl-4f">
         <path>D:\ti\ccs2050\ccs\tools\compiler\ti-cgt-armllvm_4.0.4.LTS\lib\armv6m-ti-none-eabi\c\</path>
         <kind>archive</kind>
         <file>libc.a</file>
         <name>fopen.c.obj</name>
      </input_file>
      <input_file id="fl-50">
         <path>D:\ti\ccs2050\ccs\tools\compiler\ti-cgt-armllvm_4.0.4.LTS\lib\armv6m-ti-none-eabi\c\</path>
         <kind>archive</kind>
         <file>libc.a</file>
         <name>fseek.c.obj</name>
      </input_file>
      <input_file id="fl-51">
         <path>D:\ti\ccs2050\ccs\tools\compiler\ti-cgt-armllvm_4.0.4.LTS\lib\armv6m-ti-none-eabi\c\</path>
         <kind>archive</kind>
         <file>libc.a</file>
         <name>fclose.c.obj</name>
      </input_file>
      <input_file id="fl-f1">
         <path>D:\ti\ccs2050\ccs\tools\compiler\ti-cgt-armllvm_4.0.4.LTS\lib\armv6m-ti-none-eabi\c\</path>
         <kind>archive</kind>
         <file>libsysbm.a</file>
         <name>hostexit.c.obj</name>
      </input_file>
      <input_file id="fl-f2">
         <path>D:\ti\ccs2050\ccs\tools\compiler\ti-cgt-armllvm_4.0.4.LTS\lib\armv6m-ti-none-eabi\c\</path>
         <kind>archive</kind>
         <file>libsysbm.a</file>
         <name>write.c.obj</name>
      </input_file>
      <input_file id="fl-f3">
         <path>D:\ti\ccs2050\ccs\tools\compiler\ti-cgt-armllvm_4.0.4.LTS\lib\armv6m-ti-none-eabi\c\</path>
         <kind>archive</kind>
         <file>libsysbm.a</file>
         <name>host_device.c.obj</name>
      </input_file>
      <input_file id="fl-f4">
         <path>D:\ti\ccs2050\ccs\tools\compiler\ti-cgt-armllvm_4.0.4.LTS\lib\armv6m-ti-none-eabi\c\</path>
         <kind>archive</kind>
         <file>libsysbm.a</file>
         <name>remove.c.obj</name>
      </input_file>
      <input_file id="fl-f5">
         <path>D:\ti\ccs2050\ccs\tools\compiler\ti-cgt-armllvm_4.0.4.LTS\lib\armv6m-ti-none-eabi\c\</path>
         <kind>archive</kind>
         <file>libsysbm.a</file>
         <name>open.c.obj</name>
      </input_file>
      <input_file id="fl-f6">
         <path>D:\ti\ccs2050\ccs\tools\compiler\ti-cgt-armllvm_4.0.4.LTS\lib\armv6m-ti-none-eabi\c\</path>
         <kind>archive</kind>
         <file>libsysbm.a</file>
         <name>lseek.c.obj</name>
      </input_file>
      <input_file id="fl-f7">
         <path>D:\ti\ccs2050\ccs\tools\compiler\ti-cgt-armllvm_4.0.4.LTS\lib\armv6m-ti-none-eabi\c\</path>
         <kind>archive</kind>
         <file>libsysbm.a</file>
         <name>close.c.obj</name>
      </input_file>
      <input_file id="fl-f8">
         <path>D:\ti\ccs2050\ccs\tools\compiler\ti-cgt-armllvm_4.0.4.LTS\lib\armv6m-ti-none-eabi\c\</path>
         <kind>archive</kind>
         <file>libsysbm.a</file>
         <name>unlink.c.obj</name>
      </input_file>
      <input_file id="fl-f9">
         <path>D:\ti\ccs2050\ccs\tools\compiler\ti-cgt-armllvm_4.0.4.LTS\lib\armv6m-ti-none-eabi\c\</path>
         <kind>archive</kind>
         <file>libsysbm.a</file>
         <name>hostclose.c.obj</name>
      </input_file>
      <input_file id="fl-fa">
         <path>D:\ti\ccs2050\ccs\tools\compiler\ti-cgt-armllvm_4.0.4.LTS\lib\armv6m-ti-none-eabi\c\</path>
         <kind>archive</kind>
         <file>libsysbm.a</file>
         <name>hostlseek.c.obj</name>
      </input_file>
      <input_file id="fl-fb">
         <path>D:\ti\ccs2050\ccs\tools\compiler\ti-cgt-armllvm_4.0.4.LTS\lib\armv6m-ti-none-eabi\c\</path>
         <kind>archive</kind>
         <file>libsysbm.a</file>
         <name>hostopen.c.obj</name>
      </input_file>
      <input_file id="fl-fc">
         <path>D:\ti\ccs2050\ccs\tools\compiler\ti-cgt-armllvm_4.0.4.LTS\lib\armv6m-ti-none-eabi\c\</path>
         <kind>archive</kind>
         <file>libsysbm.a</file>
         <name>hostread.c.obj</name>
      </input_file>
      <input_file id="fl-fd">
         <path>D:\ti\ccs2050\ccs\tools\compiler\ti-cgt-armllvm_4.0.4.LTS\lib\armv6m-ti-none-eabi\c\</path>
         <kind>archive</kind>
         <file>libsysbm.a</file>
         <name>hostrename.c.obj</name>
      </input_file>
      <input_file id="fl-fe">
         <path>D:\ti\ccs2050\ccs\tools\compiler\ti-cgt-armllvm_4.0.4.LTS\lib\armv6m-ti-none-eabi\c\</path>
         <kind>archive</kind>
         <file>libsysbm.a</file>
         <name>hostunlink.c.obj</name>
      </input_file>
      <input_file id="fl-ff">
         <path>D:\ti\ccs2050\ccs\tools\compiler\ti-cgt-armllvm_4.0.4.LTS\lib\armv6m-ti-none-eabi\c\</path>
         <kind>archive</kind>
         <file>libsysbm.a</file>
         <name>hostwrite.c.obj</name>
      </input_file>
      <input_file id="fl-100">
         <path>D:\ti\ccs2050\ccs\tools\compiler\ti-cgt-armllvm_4.0.4.LTS\lib\armv6m-ti-none-eabi\c\</path>
         <kind>archive</kind>
         <file>libsysbm.a</file>
         <name>trgmsg.c.obj</name>
      </input_file>
      <input_file id="fl-101">
         <path>D:\ti\ccs2050\ccs\tools\compiler\ti-cgt-armllvm_4.0.4.LTS\lib\armv6m-ti-none-eabi\</path>
         <kind>archive</kind>
         <file>libclang_rt.builtins.a</file>
         <name>addsf3.S.obj</name>
      </input_file>
      <input_file id="fl-102">
         <path>D:\ti\ccs2050\ccs\tools\compiler\ti-cgt-armllvm_4.0.4.LTS\lib\armv6m-ti-none-eabi\</path>
         <kind>archive</kind>
         <file>libclang_rt.builtins.a</file>
         <name>adddf3.S.obj</name>
      </input_file>
      <input_file id="fl-103">
         <path>D:\ti\ccs2050\ccs\tools\compiler\ti-cgt-armllvm_4.0.4.LTS\lib\armv6m-ti-none-eabi\</path>
         <kind>archive</kind>
         <file>libclang_rt.builtins.a</file>
         <name>muldf3.S.obj</name>
      </input_file>
      <input_file id="fl-104">
         <path>D:\ti\ccs2050\ccs\tools\compiler\ti-cgt-armllvm_4.0.4.LTS\lib\armv6m-ti-none-eabi\</path>
         <kind>archive</kind>
         <file>libclang_rt.builtins.a</file>
         <name>muldsi3.S.obj</name>
      </input_file>
      <input_file id="fl-105">
         <path>D:\ti\ccs2050\ccs\tools\compiler\ti-cgt-armllvm_4.0.4.LTS\lib\armv6m-ti-none-eabi\</path>
         <kind>archive</kind>
         <file>libclang_rt.builtins.a</file>
         <name>mulsf3.S.obj</name>
      </input_file>
      <input_file id="fl-106">
         <path>D:\ti\ccs2050\ccs\tools\compiler\ti-cgt-armllvm_4.0.4.LTS\lib\armv6m-ti-none-eabi\</path>
         <kind>archive</kind>
         <file>libclang_rt.builtins.a</file>
         <name>divsf3.S.obj</name>
      </input_file>
      <input_file id="fl-107">
         <path>D:\ti\ccs2050\ccs\tools\compiler\ti-cgt-armllvm_4.0.4.LTS\lib\armv6m-ti-none-eabi\</path>
         <kind>archive</kind>
         <file>libclang_rt.builtins.a</file>
         <name>divdf3.S.obj</name>
      </input_file>
      <input_file id="fl-108">
         <path>D:\ti\ccs2050\ccs\tools\compiler\ti-cgt-armllvm_4.0.4.LTS\lib\armv6m-ti-none-eabi\</path>
         <kind>archive</kind>
         <file>libclang_rt.builtins.a</file>
         <name>extendsfdf2.S.obj</name>
      </input_file>
      <input_file id="fl-109">
         <path>D:\ti\ccs2050\ccs\tools\compiler\ti-cgt-armllvm_4.0.4.LTS\lib\armv6m-ti-none-eabi\</path>
         <kind>archive</kind>
         <file>libclang_rt.builtins.a</file>
         <name>fixdfsi.S.obj</name>
      </input_file>
      <input_file id="fl-10a">
         <path>D:\ti\ccs2050\ccs\tools\compiler\ti-cgt-armllvm_4.0.4.LTS\lib\armv6m-ti-none-eabi\</path>
         <kind>archive</kind>
         <file>libclang_rt.builtins.a</file>
         <name>fixsfsi.S.obj</name>
      </input_file>
      <input_file id="fl-10b">
         <path>D:\ti\ccs2050\ccs\tools\compiler\ti-cgt-armllvm_4.0.4.LTS\lib\armv6m-ti-none-eabi\</path>
         <kind>archive</kind>
         <file>libclang_rt.builtins.a</file>
         <name>floatsidf.S.obj</name>
      </input_file>
      <input_file id="fl-10c">
         <path>D:\ti\ccs2050\ccs\tools\compiler\ti-cgt-armllvm_4.0.4.LTS\lib\armv6m-ti-none-eabi\</path>
         <kind>archive</kind>
         <file>libclang_rt.builtins.a</file>
         <name>floatunsidf.S.obj</name>
      </input_file>
      <input_file id="fl-10d">
         <path>D:\ti\ccs2050\ccs\tools\compiler\ti-cgt-armllvm_4.0.4.LTS\lib\armv6m-ti-none-eabi\</path>
         <kind>archive</kind>
         <file>libclang_rt.builtins.a</file>
         <name>floatunsisf.S.obj</name>
      </input_file>
      <input_file id="fl-10e">
         <path>D:\ti\ccs2050\ccs\tools\compiler\ti-cgt-armllvm_4.0.4.LTS\lib\armv6m-ti-none-eabi\</path>
         <kind>archive</kind>
         <file>libclang_rt.builtins.a</file>
         <name>muldi3.S.obj</name>
      </input_file>
      <input_file id="fl-10f">
         <path>D:\ti\ccs2050\ccs\tools\compiler\ti-cgt-armllvm_4.0.4.LTS\lib\armv6m-ti-none-eabi\</path>
         <kind>archive</kind>
         <file>libclang_rt.builtins.a</file>
         <name>truncdfsf2.S.obj</name>
      </input_file>
      <input_file id="fl-110">
         <path>D:\ti\ccs2050\ccs\tools\compiler\ti-cgt-armllvm_4.0.4.LTS\lib\armv6m-ti-none-eabi\</path>
         <kind>archive</kind>
         <file>libclang_rt.builtins.a</file>
         <name>aeabi_dcmp.S.obj</name>
      </input_file>
      <input_file id="fl-111">
         <path>D:\ti\ccs2050\ccs\tools\compiler\ti-cgt-armllvm_4.0.4.LTS\lib\armv6m-ti-none-eabi\</path>
         <kind>archive</kind>
         <file>libclang_rt.builtins.a</file>
         <name>aeabi_fcmp.S.obj</name>
      </input_file>
      <input_file id="fl-112">
         <path>D:\ti\ccs2050\ccs\tools\compiler\ti-cgt-armllvm_4.0.4.LTS\lib\armv6m-ti-none-eabi\</path>
         <kind>archive</kind>
         <file>libclang_rt.builtins.a</file>
         <name>aeabi_idivmod.S.obj</name>
      </input_file>
      <input_file id="fl-113">
         <path>D:\ti\ccs2050\ccs\tools\compiler\ti-cgt-armllvm_4.0.4.LTS\lib\armv6m-ti-none-eabi\</path>
         <kind>archive</kind>
         <file>libclang_rt.builtins.a</file>
         <name>aeabi_memcpy.S.obj</name>
      </input_file>
      <input_file id="fl-114">
         <path>D:\ti\ccs2050\ccs\tools\compiler\ti-cgt-armllvm_4.0.4.LTS\lib\armv6m-ti-none-eabi\</path>
         <kind>archive</kind>
         <file>libclang_rt.builtins.a</file>
         <name>aeabi_memset.S.obj</name>
      </input_file>
      <input_file id="fl-115">
         <path>D:\ti\ccs2050\ccs\tools\compiler\ti-cgt-armllvm_4.0.4.LTS\lib\armv6m-ti-none-eabi\</path>
         <kind>archive</kind>
         <file>libclang_rt.builtins.a</file>
         <name>aeabi_uidivmod.S.obj</name>
      </input_file>
      <input_file id="fl-116">
         <path>D:\ti\ccs2050\ccs\tools\compiler\ti-cgt-armllvm_4.0.4.LTS\lib\armv6m-ti-none-eabi\</path>
         <kind>archive</kind>
         <file>libclang_rt.builtins.a</file>
         <name>aeabi_uldivmod.S.obj</name>
      </input_file>
      <input_file id="fl-117">
         <path>D:\ti\ccs2050\ccs\tools\compiler\ti-cgt-armllvm_4.0.4.LTS\lib\armv6m-ti-none-eabi\</path>
         <kind>archive</kind>
         <file>libclang_rt.builtins.a</file>
         <name>comparesf2.S.obj</name>
      </input_file>
      <input_file id="fl-118">
         <path>D:\ti\ccs2050\ccs\tools\compiler\ti-cgt-armllvm_4.0.4.LTS\lib\armv6m-ti-none-eabi\</path>
         <kind>archive</kind>
         <file>libclang_rt.builtins.a</file>
         <name>udivmoddi4.S.obj</name>
      </input_file>
      <input_file id="fl-119">
         <path>D:\ti\ccs2050\ccs\tools\compiler\ti-cgt-armllvm_4.0.4.LTS\lib\armv6m-ti-none-eabi\</path>
         <kind>archive</kind>
         <file>libclang_rt.builtins.a</file>
         <name>ashldi3.S.obj</name>
      </input_file>
      <input_file id="fl-11a">
         <path>D:\ti\ccs2050\ccs\tools\compiler\ti-cgt-armllvm_4.0.4.LTS\lib\armv6m-ti-none-eabi\</path>
         <kind>archive</kind>
         <file>libclang_rt.builtins.a</file>
         <name>comparedf2.c.obj</name>
      </input_file>
      <input_file id="fl-11b">
         <path>D:\ti\ccs2050\ccs\tools\compiler\ti-cgt-armllvm_4.0.4.LTS\lib\armv6m-ti-none-eabi\</path>
         <kind>archive</kind>
         <file>libclang_rt.builtins.a</file>
         <name>aeabi_div0.c.obj</name>
      </input_file>
      <input_file id="fl-11c">
         <path>D:\ti\ccs2050\ccs\tools\compiler\ti-cgt-armllvm_4.0.4.LTS\lib\armv6m-ti-none-eabi\c\</path>
         <kind>archive</kind>
         <file>libc.a</file>
         <name>getdevice.c.obj</name>
      </input_file>
      <input_file id="fl-11d">
         <path>D:\ti\ccs2050\ccs\tools\compiler\ti-cgt-armllvm_4.0.4.LTS\lib\armv6m-ti-none-eabi\c\</path>
         <kind>archive</kind>
         <file>libc.a</file>
         <name>memcpy16.S.obj</name>
      </input_file>
      <input_file id="fl-11e">
         <path>D:\ti\ccs2050\ccs\tools\compiler\ti-cgt-armllvm_4.0.4.LTS\lib\armv6m-ti-none-eabi\c\</path>
         <kind>archive</kind>
         <file>libc.a</file>
         <name>memset16.S.obj</name>
      </input_file>
      <input_file id="fl-11f">
         <path>D:\ti\ccs2050\ccs\tools\compiler\ti-cgt-armllvm_4.0.4.LTS\lib\armv6m-ti-none-eabi\c\</path>
         <kind>archive</kind>
         <file>libc.a</file>
         <name>strcmp-armv6m.S.obj</name>
      </input_file>
   </input_file_list>
   <object_component_list>
      <object_component id="oc-18">
         <name>.intvecs</name>
         <load_address>0x0</load_address>
         <readonly>true</readonly>
         <run_address>0x0</run_address>
         <size>0xc0</size>
         <alignment>0x4</alignment>
         <input_file_ref idref="fl-2"/>
      </object_component>
      <object_component id="oc-6c">
         <name>.text.adjust_motor</name>
         <load_address>0xc0</load_address>
         <readonly>true</readonly>
         <executable>true</executable>
         <run_address>0xc0</run_address>
         <size>0x318</size>
         <alignment>0x4</alignment>
         <input_file_ref idref="fl-5"/>
      </object_component>
      <object_component id="oc-1d5">
         <name>.text:__TI_printfi_minimal</name>
         <load_address>0x3d8</load_address>
         <readonly>true</readonly>
         <executable>true</executable>
         <run_address>0x3d8</run_address>
         <size>0x284</size>
         <alignment>0x4</alignment>
         <input_file_ref idref="fl-3c"/>
      </object_component>
      <object_component id="oc-72">
         <name>.text.DC_MOTOR_PID</name>
         <load_address>0x65c</load_address>
         <readonly>true</readonly>
         <executable>true</executable>
         <run_address>0x65c</run_address>
         <size>0x19c</size>
         <alignment>0x4</alignment>
         <input_file_ref idref="fl-7"/>
      </object_component>
      <object_component id="oc-13b">
         <name>.text.SYSCFG_DL_GPIO_init</name>
         <load_address>0x7f8</load_address>
         <readonly>true</readonly>
         <executable>true</executable>
         <run_address>0x7f8</run_address>
         <size>0x180</size>
         <alignment>0x4</alignment>
         <input_file_ref idref="fl-1"/>
      </object_component>
      <object_component id="oc-19c">
         <name>.text.DL_Timer_initFourCCPWMMode</name>
         <load_address>0x978</load_address>
         <readonly>true</readonly>
         <executable>true</executable>
         <run_address>0x978</run_address>
         <size>0x104</size>
         <alignment>0x4</alignment>
         <input_file_ref idref="fl-19"/>
      </object_component>
      <object_component id="oc-98">
         <name>.text.huidu_get_value</name>
         <load_address>0xa7c</load_address>
         <readonly>true</readonly>
         <executable>true</executable>
         <run_address>0xa7c</run_address>
         <size>0x100</size>
         <alignment>0x4</alignment>
         <input_file_ref idref="fl-5"/>
      </object_component>
      <object_component id="oc-99">
         <name>.text.motor_set_direction</name>
         <load_address>0xb7c</load_address>
         <readonly>true</readonly>
         <executable>true</executable>
         <run_address>0xb7c</run_address>
         <size>0x100</size>
         <alignment>0x4</alignment>
         <input_file_ref idref="fl-7"/>
      </object_component>
      <object_component id="oc-1a6">
         <name>.text.DL_Timer_initTimerMode</name>
         <load_address>0xc7c</load_address>
         <readonly>true</readonly>
         <executable>true</executable>
         <run_address>0xc7c</run_address>
         <size>0xfc</size>
         <alignment>0x4</alignment>
         <input_file_ref idref="fl-19"/>
      </object_component>
      <object_component id="oc-195">
         <name>.text.SYSCFG_DL_SYSCTL_SYSPLL_init</name>
         <load_address>0xd78</load_address>
         <readonly>true</readonly>
         <executable>true</executable>
         <run_address>0xd78</run_address>
         <size>0xe8</size>
         <alignment>0x4</alignment>
         <input_file_ref idref="fl-1"/>
      </object_component>
      <object_component id="oc-af">
         <name>.text.__muldf3</name>
         <load_address>0xe60</load_address>
         <readonly>true</readonly>
         <executable>true</executable>
         <run_address>0xe60</run_address>
         <size>0xe4</size>
         <alignment>0x4</alignment>
         <input_file_ref idref="fl-103"/>
      </object_component>
      <object_component id="oc-194">
         <name>.text.DL_SYSCTL_configSYSPLL</name>
         <load_address>0xf44</load_address>
         <readonly>true</readonly>
         <executable>true</executable>
         <run_address>0xf44</run_address>
         <size>0xdc</size>
         <alignment>0x4</alignment>
         <input_file_ref idref="fl-1c"/>
      </object_component>
      <object_component id="oc-b9">
         <name>.text</name>
         <load_address>0x1020</load_address>
         <readonly>true</readonly>
         <executable>true</executable>
         <run_address>0x1020</run_address>
         <size>0xd8</size>
         <alignment>0x4</alignment>
         <input_file_ref idref="fl-101"/>
      </object_component>
      <object_component id="oc-71">
         <name>.text.calculate_speed</name>
         <load_address>0x10f8</load_address>
         <readonly>true</readonly>
         <executable>true</executable>
         <run_address>0x10f8</run_address>
         <size>0xc4</size>
         <alignment>0x4</alignment>
         <input_file_ref idref="fl-7"/>
      </object_component>
      <object_component id="oc-13a">
         <name>.text.SYSCFG_DL_initPower</name>
         <load_address>0x11bc</load_address>
         <readonly>true</readonly>
         <executable>true</executable>
         <run_address>0x11bc</run_address>
         <size>0xb0</size>
         <alignment>0x4</alignment>
         <input_file_ref idref="fl-1"/>
      </object_component>
      <object_component id="oc-34">
         <name>.text.GROUP1_IRQHandler</name>
         <load_address>0x126c</load_address>
         <readonly>true</readonly>
         <executable>true</executable>
         <run_address>0x126c</run_address>
         <size>0xa8</size>
         <alignment>0x4</alignment>
         <input_file_ref idref="fl-6"/>
      </object_component>
      <object_component id="oc-e8">
         <name>.text.motor_init</name>
         <load_address>0x1314</load_address>
         <readonly>true</readonly>
         <executable>true</executable>
         <run_address>0x1314</run_address>
         <size>0xa4</size>
         <alignment>0x4</alignment>
         <input_file_ref idref="fl-7"/>
      </object_component>
      <object_component id="oc-82">
         <name>.text.main</name>
         <load_address>0x13b8</load_address>
         <readonly>true</readonly>
         <executable>true</executable>
         <run_address>0x13b8</run_address>
         <size>0x9c</size>
         <alignment>0x4</alignment>
         <input_file_ref idref="fl-3"/>
      </object_component>
      <object_component id="oc-13e">
         <name>.text.SYSCFG_DL_PWMAB_init</name>
         <load_address>0x1454</load_address>
         <readonly>true</readonly>
         <executable>true</executable>
         <run_address>0x1454</run_address>
         <size>0x8c</size>
         <alignment>0x4</alignment>
         <input_file_ref idref="fl-1"/>
      </object_component>
      <object_component id="oc-bd">
         <name>.text.__mulsf3</name>
         <load_address>0x14e0</load_address>
         <readonly>true</readonly>
         <executable>true</executable>
         <run_address>0x14e0</run_address>
         <size>0x8c</size>
         <alignment>0x4</alignment>
         <input_file_ref idref="fl-105"/>
      </object_component>
      <object_component id="oc-a7">
         <name>.text.__divsf3</name>
         <load_address>0x156c</load_address>
         <readonly>true</readonly>
         <executable>true</executable>
         <run_address>0x156c</run_address>
         <size>0x82</size>
         <alignment>0x4</alignment>
         <input_file_ref idref="fl-106"/>
      </object_component>
      <object_component id="oc-90">
         <name>.text.__aeabi_idiv0</name>
         <load_address>0x15ee</load_address>
         <readonly>true</readonly>
         <executable>true</executable>
         <run_address>0x15ee</run_address>
         <size>0x2</size>
         <alignment>0x2</alignment>
         <input_file_ref idref="fl-11b"/>
      </object_component>
      <object_component id="oc-1c">
         <name>.text:decompress:lzss</name>
         <load_address>0x15f0</load_address>
         <readonly>true</readonly>
         <executable>true</executable>
         <run_address>0x15f0</run_address>
         <size>0x7c</size>
         <alignment>0x4</alignment>
         <input_file_ref idref="fl-3b"/>
      </object_component>
      <object_component id="oc-13c">
         <name>.text.SYSCFG_DL_SYSCTL_init</name>
         <load_address>0x166c</load_address>
         <readonly>true</readonly>
         <executable>true</executable>
         <run_address>0x166c</run_address>
         <size>0x74</size>
         <alignment>0x4</alignment>
         <input_file_ref idref="fl-1"/>
      </object_component>
      <object_component id="oc-231">
         <name>.text.__gedf2</name>
         <load_address>0x16e0</load_address>
         <readonly>true</readonly>
         <executable>true</executable>
         <run_address>0x16e0</run_address>
         <size>0x74</size>
         <alignment>0x4</alignment>
         <input_file_ref idref="fl-11a"/>
      </object_component>
      <object_component id="oc-197">
         <name>.text.DL_SYSCTL_getClockStatus</name>
         <load_address>0x1754</load_address>
         <readonly>true</readonly>
         <executable>true</executable>
         <run_address>0x1754</run_address>
         <size>0xc</size>
         <alignment>0x4</alignment>
         <input_file_ref idref="fl-1"/>
      </object_component>
      <object_component id="oc-b3">
         <name>.text.__truncdfsf2</name>
         <load_address>0x1760</load_address>
         <readonly>true</readonly>
         <executable>true</executable>
         <run_address>0x1760</run_address>
         <size>0x74</size>
         <alignment>0x10</alignment>
         <input_file_ref idref="fl-10f"/>
      </object_component>
      <object_component id="oc-13d">
         <name>.text.SYSCFG_DL_SERVO_init</name>
         <load_address>0x17d4</load_address>
         <readonly>true</readonly>
         <executable>true</executable>
         <run_address>0x17d4</run_address>
         <size>0x6c</size>
         <alignment>0x4</alignment>
         <input_file_ref idref="fl-1"/>
      </object_component>
      <object_component id="oc-22b">
         <name>.text.__ledf2</name>
         <load_address>0x1840</load_address>
         <readonly>true</readonly>
         <executable>true</executable>
         <run_address>0x1840</run_address>
         <size>0x68</size>
         <alignment>0x4</alignment>
         <input_file_ref idref="fl-11a"/>
      </object_component>
      <object_component id="oc-1c8">
         <name>.text.DL_ADC12_initSingleSample</name>
         <load_address>0x18a8</load_address>
         <readonly>true</readonly>
         <executable>true</executable>
         <run_address>0x18a8</run_address>
         <size>0x64</size>
         <alignment>0x4</alignment>
         <input_file_ref idref="fl-1"/>
      </object_component>
      <object_component id="oc-18e">
         <name>.text.DL_SYSCTL_setHFCLKSourceHFXTParams</name>
         <load_address>0x190c</load_address>
         <readonly>true</readonly>
         <executable>true</executable>
         <run_address>0x190c</run_address>
         <size>0x64</size>
         <alignment>0x4</alignment>
         <input_file_ref idref="fl-1c"/>
      </object_component>
      <object_component id="oc-1fc">
         <name>.text.__aeabi_dcmp</name>
         <load_address>0x1970</load_address>
         <readonly>true</readonly>
         <executable>true</executable>
         <run_address>0x1970</run_address>
         <size>0x62</size>
         <alignment>0x4</alignment>
         <input_file_ref idref="fl-110"/>
      </object_component>
      <object_component id="oc-9a">
         <name>.text.__aeabi_fcmp</name>
         <load_address>0x19d4</load_address>
         <readonly>true</readonly>
         <executable>true</executable>
         <run_address>0x19d4</run_address>
         <size>0x62</size>
         <alignment>0x4</alignment>
         <input_file_ref idref="fl-111"/>
      </object_component>
      <object_component id="oc-140">
         <name>.text.SYSCFG_DL_HUIDU_init</name>
         <load_address>0x1a38</load_address>
         <readonly>true</readonly>
         <executable>true</executable>
         <run_address>0x1a38</run_address>
         <size>0x60</size>
         <alignment>0x4</alignment>
         <input_file_ref idref="fl-1"/>
      </object_component>
      <object_component id="oc-115">
         <name>.text.DL_I2C_fillControllerTXFIFO</name>
         <load_address>0x1a98</load_address>
         <readonly>true</readonly>
         <executable>true</executable>
         <run_address>0x1a98</run_address>
         <size>0x5e</size>
         <alignment>0x2</alignment>
         <input_file_ref idref="fl-18"/>
      </object_component>
      <object_component id="oc-61">
         <name>.text.__aeabi_idivmod</name>
         <load_address>0x1af8</load_address>
         <readonly>true</readonly>
         <executable>true</executable>
         <run_address>0x1af8</run_address>
         <size>0x56</size>
         <alignment>0x4</alignment>
         <input_file_ref idref="fl-112"/>
      </object_component>
      <object_component id="oc-17f">
         <name>.text.DL_GPIO_initPeripheralInputFunctionFeatures</name>
         <load_address>0x1b50</load_address>
         <readonly>true</readonly>
         <executable>true</executable>
         <run_address>0x1b50</run_address>
         <size>0x50</size>
         <alignment>0x4</alignment>
         <input_file_ref idref="fl-1"/>
      </object_component>
      <object_component id="oc-11b">
         <name>.text.DL_I2C_startControllerTransfer</name>
         <load_address>0x1ba0</load_address>
         <readonly>true</readonly>
         <executable>true</executable>
         <run_address>0x1ba0</run_address>
         <size>0x50</size>
         <alignment>0x4</alignment>
         <input_file_ref idref="fl-5"/>
      </object_component>
      <object_component id="oc-183">
         <name>.text.DL_GPIO_initDigitalInputFeatures</name>
         <load_address>0x1bf0</load_address>
         <readonly>true</readonly>
         <executable>true</executable>
         <run_address>0x1bf0</run_address>
         <size>0x4c</size>
         <alignment>0x4</alignment>
         <input_file_ref idref="fl-1"/>
      </object_component>
      <object_component id="oc-1bd">
         <name>.text.DL_UART_setBaudRateDivisor</name>
         <load_address>0x1c3c</load_address>
         <readonly>true</readonly>
         <executable>true</executable>
         <run_address>0x1c3c</run_address>
         <size>0x4c</size>
         <alignment>0x4</alignment>
         <input_file_ref idref="fl-1"/>
      </object_component>
      <object_component id="oc-142">
         <name>.text.SYSCFG_DL_xuanniu_init</name>
         <load_address>0x1c88</load_address>
         <readonly>true</readonly>
         <executable>true</executable>
         <run_address>0x1c88</run_address>
         <size>0x4c</size>
         <alignment>0x4</alignment>
         <input_file_ref idref="fl-1"/>
      </object_component>
      <object_component id="oc-c6">
         <name>.text.motor_set_duty</name>
         <load_address>0x1cd4</load_address>
         <readonly>true</readonly>
         <executable>true</executable>
         <run_address>0x1cd4</run_address>
         <size>0x4c</size>
         <alignment>0x4</alignment>
         <input_file_ref idref="fl-7"/>
      </object_component>
      <object_component id="oc-1c9">
         <name>.text.DL_ADC12_configConversionMem</name>
         <load_address>0x1d20</load_address>
         <readonly>true</readonly>
         <executable>true</executable>
         <run_address>0x1d20</run_address>
         <size>0x4a</size>
         <alignment>0x2</alignment>
         <input_file_ref idref="fl-1"/>
      </object_component>
      <object_component id="oc-1bb">
         <name>.text.DL_UART_init</name>
         <load_address>0x1d6c</load_address>
         <readonly>true</readonly>
         <executable>true</executable>
         <run_address>0x1d6c</run_address>
         <size>0x48</size>
         <alignment>0x4</alignment>
         <input_file_ref idref="fl-1a"/>
      </object_component>
      <object_component id="oc-141">
         <name>.text.SYSCFG_DL_DEBUG_init</name>
         <load_address>0x1db4</load_address>
         <readonly>true</readonly>
         <executable>true</executable>
         <run_address>0x1db4</run_address>
         <size>0x48</size>
         <alignment>0x4</alignment>
         <input_file_ref idref="fl-1"/>
      </object_component>
      <object_component id="oc-199">
         <name>.text.DL_SYSCTL_switchMCLKfromSYSOSCtoHSCLK</name>
         <load_address>0x1dfc</load_address>
         <readonly>true</readonly>
         <executable>true</executable>
         <run_address>0x1dfc</run_address>
         <size>0x44</size>
         <alignment>0x4</alignment>
         <input_file_ref idref="fl-1c"/>
      </object_component>
      <object_component id="oc-da">
         <name>.text.SYSCFG_DL_init</name>
         <load_address>0x1e40</load_address>
         <readonly>true</readonly>
         <executable>true</executable>
         <run_address>0x1e40</run_address>
         <size>0x44</size>
         <alignment>0x4</alignment>
         <input_file_ref idref="fl-1"/>
      </object_component>
      <object_component id="oc-1c2">
         <name>.text.DL_ADC12_setClockConfig</name>
         <load_address>0x1e84</load_address>
         <readonly>true</readonly>
         <executable>true</executable>
         <run_address>0x1e84</run_address>
         <size>0x40</size>
         <alignment>0x4</alignment>
         <input_file_ref idref="fl-16"/>
      </object_component>
      <object_component id="oc-1f4">
         <name>.text.__aeabi_uidivmod</name>
         <load_address>0x1ec4</load_address>
         <readonly>true</readonly>
         <executable>true</executable>
         <run_address>0x1ec4</run_address>
         <size>0x40</size>
         <alignment>0x4</alignment>
         <input_file_ref idref="fl-115"/>
      </object_component>
      <object_component id="oc-ab">
         <name>.text.__extendsfdf2</name>
         <load_address>0x1f04</load_address>
         <readonly>true</readonly>
         <executable>true</executable>
         <run_address>0x1f04</run_address>
         <size>0x40</size>
         <alignment>0x4</alignment>
         <input_file_ref idref="fl-108"/>
      </object_component>
      <object_component id="oc-19d">
         <name>.text.DL_Timer_setCounterControl</name>
         <load_address>0x1f44</load_address>
         <readonly>true</readonly>
         <executable>true</executable>
         <run_address>0x1f44</run_address>
         <size>0x3c</size>
         <alignment>0x4</alignment>
         <input_file_ref idref="fl-1"/>
      </object_component>
      <object_component id="oc-39">
         <name>.text.TIMA0_IRQHandler</name>
         <load_address>0x1f80</load_address>
         <readonly>true</readonly>
         <executable>true</executable>
         <run_address>0x1f80</run_address>
         <size>0x3c</size>
         <alignment>0x4</alignment>
         <input_file_ref idref="fl-7"/>
      </object_component>
      <object_component id="oc-125">
         <name>.text.__gtsf2</name>
         <load_address>0x1fbc</load_address>
         <readonly>true</readonly>
         <executable>true</executable>
         <run_address>0x1fbc</run_address>
         <size>0x3c</size>
         <alignment>0x4</alignment>
         <input_file_ref idref="fl-117"/>
      </object_component>
      <object_component id="oc-100">
         <name>.text:__TI_auto_init_nobinit_nopinit</name>
         <load_address>0x1ff8</load_address>
         <readonly>true</readonly>
         <executable>true</executable>
         <run_address>0x1ff8</run_address>
         <size>0x3c</size>
         <alignment>0x4</alignment>
         <input_file_ref idref="fl-36"/>
      </object_component>
      <object_component id="oc-120">
         <name>.text.__eqsf2</name>
         <load_address>0x2034</load_address>
         <readonly>true</readonly>
         <executable>true</executable>
         <run_address>0x2034</run_address>
         <size>0x3a</size>
         <alignment>0x4</alignment>
         <input_file_ref idref="fl-117"/>
      </object_component>
      <object_component id="oc-12a">
         <name>.text.__muldsi3</name>
         <load_address>0x2070</load_address>
         <readonly>true</readonly>
         <executable>true</executable>
         <run_address>0x2070</run_address>
         <size>0x3a</size>
         <alignment>0x4</alignment>
         <input_file_ref idref="fl-104"/>
      </object_component>
      <object_component id="oc-c1">
         <name>.text.__fixsfsi</name>
         <load_address>0x20ac</load_address>
         <readonly>true</readonly>
         <executable>true</executable>
         <run_address>0x20ac</run_address>
         <size>0x38</size>
         <alignment>0x4</alignment>
         <input_file_ref idref="fl-10a"/>
      </object_component>
      <object_component id="oc-e9">
         <name>.text.sprintf</name>
         <load_address>0x20e4</load_address>
         <readonly>true</readonly>
         <executable>true</executable>
         <run_address>0x20e4</run_address>
         <size>0x38</size>
         <alignment>0x4</alignment>
         <input_file_ref idref="fl-33"/>
      </object_component>
      <object_component id="oc-13f">
         <name>.text.SYSCFG_DL_MOTOR_PID_init</name>
         <load_address>0x211c</load_address>
         <readonly>true</readonly>
         <executable>true</executable>
         <run_address>0x211c</run_address>
         <size>0x34</size>
         <alignment>0x4</alignment>
         <input_file_ref idref="fl-1"/>
      </object_component>
      <object_component id="oc-1dd">
         <name>.text.DL_UART_transmitDataBlocking</name>
         <load_address>0x2150</load_address>
         <readonly>true</readonly>
         <executable>true</executable>
         <run_address>0x2150</run_address>
         <size>0x30</size>
         <alignment>0x4</alignment>
         <input_file_ref idref="fl-1a"/>
      </object_component>
      <object_component id="oc-c5">
         <name>.text.limit_duty</name>
         <load_address>0x2180</load_address>
         <readonly>true</readonly>
         <executable>true</executable>
         <run_address>0x2180</run_address>
         <size>0x30</size>
         <alignment>0x4</alignment>
         <input_file_ref idref="fl-7"/>
      </object_component>
      <object_component id="oc-df">
         <name>.text.__NVIC_EnableIRQ</name>
         <load_address>0x21b0</load_address>
         <readonly>true</readonly>
         <executable>true</executable>
         <run_address>0x21b0</run_address>
         <size>0x2c</size>
         <alignment>0x4</alignment>
         <input_file_ref idref="fl-3"/>
      </object_component>
      <object_component id="oc-14b">
         <name>.text.__NVIC_EnableIRQ</name>
         <load_address>0x21dc</load_address>
         <readonly>true</readonly>
         <executable>true</executable>
         <run_address>0x21dc</run_address>
         <size>0x2c</size>
         <alignment>0x4</alignment>
         <input_file_ref idref="fl-7"/>
      </object_component>
      <object_component id="oc-ef">
         <name>.text.UART_send_string</name>
         <load_address>0x2208</load_address>
         <readonly>true</readonly>
         <executable>true</executable>
         <run_address>0x2208</run_address>
         <size>0x2a</size>
         <alignment>0x2</alignment>
         <input_file_ref idref="fl-8"/>
      </object_component>
      <object_component id="oc-16c">
         <name>.text.DL_Common_updateReg</name>
         <load_address>0x2232</load_address>
         <readonly>true</readonly>
         <executable>true</executable>
         <run_address>0x2232</run_address>
         <size>0x28</size>
         <alignment>0x2</alignment>
         <input_file_ref idref="fl-5"/>
      </object_component>
      <object_component id="oc-1ec">
         <name>.text.DL_Common_updateReg</name>
         <load_address>0x225a</load_address>
         <readonly>true</readonly>
         <executable>true</executable>
         <run_address>0x225a</run_address>
         <size>0x28</size>
         <alignment>0x2</alignment>
         <input_file_ref idref="fl-1"/>
      </object_component>
      <object_component id="oc-1b1">
         <name>.text.DL_I2C_setControllerRXFIFOThreshold</name>
         <load_address>0x2284</load_address>
         <readonly>true</readonly>
         <executable>true</executable>
         <run_address>0x2284</run_address>
         <size>0x28</size>
         <alignment>0x4</alignment>
         <input_file_ref idref="fl-1"/>
      </object_component>
      <object_component id="oc-1b0">
         <name>.text.DL_I2C_setControllerTXFIFOThreshold</name>
         <load_address>0x22ac</load_address>
         <readonly>true</readonly>
         <executable>true</executable>
         <run_address>0x22ac</run_address>
         <size>0x28</size>
         <alignment>0x4</alignment>
         <input_file_ref idref="fl-1"/>
      </object_component>
      <object_component id="oc-143">
         <name>.text.SYSCFG_DL_VREF_init</name>
         <load_address>0x22d4</load_address>
         <readonly>true</readonly>
         <executable>true</executable>
         <run_address>0x22d4</run_address>
         <size>0x28</size>
         <alignment>0x4</alignment>
         <input_file_ref idref="fl-1"/>
      </object_component>
      <object_component id="oc-a3">
         <name>.text.__floatunsisf</name>
         <load_address>0x22fc</load_address>
         <readonly>true</readonly>
         <executable>true</executable>
         <run_address>0x22fc</run_address>
         <size>0x28</size>
         <alignment>0x4</alignment>
         <input_file_ref idref="fl-10d"/>
      </object_component>
      <object_component id="oc-59">
         <name>.text:_c_int00_noargs</name>
         <load_address>0x2324</load_address>
         <readonly>true</readonly>
         <executable>true</executable>
         <run_address>0x2324</run_address>
         <size>0x28</size>
         <alignment>0x4</alignment>
         <input_file_ref idref="fl-34"/>
      </object_component>
      <object_component id="oc-1ab">
         <name>.text.DL_I2C_setAnalogGlitchFilterPulseWidth</name>
         <load_address>0x234c</load_address>
         <readonly>true</readonly>
         <executable>true</executable>
         <run_address>0x234c</run_address>
         <size>0x26</size>
         <alignment>0x2</alignment>
         <input_file_ref idref="fl-1"/>
      </object_component>
      <object_component id="oc-1aa">
         <name>.text.DL_I2C_setClockConfig</name>
         <load_address>0x2372</load_address>
         <readonly>true</readonly>
         <executable>true</executable>
         <run_address>0x2372</run_address>
         <size>0x26</size>
         <alignment>0x2</alignment>
         <input_file_ref idref="fl-18"/>
      </object_component>
      <object_component id="oc-1ad">
         <name>.text.DL_I2C_setDigitalGlitchFilterPulseWidth</name>
         <load_address>0x2398</load_address>
         <readonly>true</readonly>
         <executable>true</executable>
         <run_address>0x2398</run_address>
         <size>0x24</size>
         <alignment>0x2</alignment>
         <input_file_ref idref="fl-1"/>
      </object_component>
      <object_component id="oc-1f8">
         <name>.text.__floatunsidf</name>
         <load_address>0x23bc</load_address>
         <readonly>true</readonly>
         <executable>true</executable>
         <run_address>0x23bc</run_address>
         <size>0x24</size>
         <alignment>0x4</alignment>
         <input_file_ref idref="fl-10c"/>
      </object_component>
      <object_component id="oc-1d2">
         <name>.text.DL_VREF_configReference</name>
         <load_address>0x23e0</load_address>
         <readonly>true</readonly>
         <executable>true</executable>
         <run_address>0x23e0</run_address>
         <size>0x22</size>
         <alignment>0x2</alignment>
         <input_file_ref idref="fl-1b"/>
      </object_component>
      <object_component id="oc-208">
         <name>.text.memccpy</name>
         <load_address>0x2402</load_address>
         <readonly>true</readonly>
         <executable>true</executable>
         <run_address>0x2402</run_address>
         <size>0x22</size>
         <alignment>0x2</alignment>
         <input_file_ref idref="fl-45"/>
      </object_component>
      <object_component id="oc-181">
         <name>.text.DL_GPIO_initPeripheralInputFunction</name>
         <load_address>0x2424</load_address>
         <readonly>true</readonly>
         <executable>true</executable>
         <run_address>0x2424</run_address>
         <size>0x20</size>
         <alignment>0x4</alignment>
         <input_file_ref idref="fl-1"/>
      </object_component>
      <object_component id="oc-18a">
         <name>.text.DL_SYSCTL_setFlashWaitState</name>
         <load_address>0x2444</load_address>
         <readonly>true</readonly>
         <executable>true</executable>
         <run_address>0x2444</run_address>
         <size>0x20</size>
         <alignment>0x4</alignment>
         <input_file_ref idref="fl-1"/>
      </object_component>
      <object_component id="oc-1bc">
         <name>.text.DL_UART_setOversampling</name>
         <load_address>0x2464</load_address>
         <readonly>true</readonly>
         <executable>true</executable>
         <run_address>0x2464</run_address>
         <size>0x1e</size>
         <alignment>0x2</alignment>
         <input_file_ref idref="fl-1"/>
      </object_component>
      <object_component id="oc-187">
         <name>.text.DL_GPIO_clearInterruptStatus</name>
         <load_address>0x2484</load_address>
         <readonly>true</readonly>
         <executable>true</executable>
         <run_address>0x2484</run_address>
         <size>0x1c</size>
         <alignment>0x4</alignment>
         <input_file_ref idref="fl-1"/>
      </object_component>
      <object_component id="oc-180">
         <name>.text.DL_GPIO_enableHiZ</name>
         <load_address>0x24a0</load_address>
         <readonly>true</readonly>
         <executable>true</executable>
         <run_address>0x24a0</run_address>
         <size>0x1c</size>
         <alignment>0x4</alignment>
         <input_file_ref idref="fl-1"/>
      </object_component>
      <object_component id="oc-188">
         <name>.text.DL_GPIO_enableInterrupt</name>
         <load_address>0x24bc</load_address>
         <readonly>true</readonly>
         <executable>true</executable>
         <run_address>0x24bc</run_address>
         <size>0x1c</size>
         <alignment>0x4</alignment>
         <input_file_ref idref="fl-1"/>
      </object_component>
      <object_component id="oc-17d">
         <name>.text.DL_GPIO_initPeripheralOutputFunction</name>
         <load_address>0x24d8</load_address>
         <readonly>true</readonly>
         <executable>true</executable>
         <run_address>0x24d8</run_address>
         <size>0x1c</size>
         <alignment>0x4</alignment>
         <input_file_ref idref="fl-1"/>
      </object_component>
      <object_component id="oc-185">
         <name>.text.DL_GPIO_setLowerPinsPolarity</name>
         <load_address>0x24f4</load_address>
         <readonly>true</readonly>
         <executable>true</executable>
         <run_address>0x24f4</run_address>
         <size>0x1c</size>
         <alignment>0x4</alignment>
         <input_file_ref idref="fl-1"/>
      </object_component>
      <object_component id="oc-1f0">
         <name>.text.DL_SYSCTL_configFCC</name>
         <load_address>0x2510</load_address>
         <readonly>true</readonly>
         <executable>true</executable>
         <run_address>0x2510</run_address>
         <size>0x1c</size>
         <alignment>0x4</alignment>
         <input_file_ref idref="fl-1c"/>
      </object_component>
      <object_component id="oc-1ef">
         <name>.text.DL_SYSCTL_setFCCPeriods</name>
         <load_address>0x252c</load_address>
         <readonly>true</readonly>
         <executable>true</executable>
         <run_address>0x252c</run_address>
         <size>0x1c</size>
         <alignment>0x4</alignment>
         <input_file_ref idref="fl-1"/>
      </object_component>
      <object_component id="oc-18b">
         <name>.text.DL_SYSCTL_setSYSOSCFreq</name>
         <load_address>0x2548</load_address>
         <readonly>true</readonly>
         <executable>true</executable>
         <run_address>0x2548</run_address>
         <size>0x1c</size>
         <alignment>0x4</alignment>
         <input_file_ref idref="fl-1"/>
      </object_component>
      <object_component id="oc-198">
         <name>.text.DL_SYSCTL_setULPCLKDivider</name>
         <load_address>0x2564</load_address>
         <readonly>true</readonly>
         <executable>true</executable>
         <run_address>0x2564</run_address>
         <size>0x1c</size>
         <alignment>0x4</alignment>
         <input_file_ref idref="fl-1"/>
      </object_component>
      <object_component id="oc-1a7">
         <name>.text.DL_Timer_enableInterrupt</name>
         <load_address>0x2580</load_address>
         <readonly>true</readonly>
         <executable>true</executable>
         <run_address>0x2580</run_address>
         <size>0x1c</size>
         <alignment>0x4</alignment>
         <input_file_ref idref="fl-1"/>
      </object_component>
      <object_component id="oc-19f">
         <name>.text.DL_Timer_setCaptCompUpdateMethod</name>
         <load_address>0x259c</load_address>
         <readonly>true</readonly>
         <executable>true</executable>
         <run_address>0x259c</run_address>
         <size>0x1c</size>
         <alignment>0x4</alignment>
         <input_file_ref idref="fl-19"/>
      </object_component>
      <object_component id="oc-19b">
         <name>.text.DL_Timer_setClockConfig</name>
         <load_address>0x25b8</load_address>
         <readonly>true</readonly>
         <executable>true</executable>
         <run_address>0x25b8</run_address>
         <size>0x1c</size>
         <alignment>0x4</alignment>
         <input_file_ref idref="fl-19"/>
      </object_component>
      <object_component id="oc-1be">
         <name>.text.DL_UART_enableInterrupt</name>
         <load_address>0x25d4</load_address>
         <readonly>true</readonly>
         <executable>true</executable>
         <run_address>0x25d4</run_address>
         <size>0x1c</size>
         <alignment>0x4</alignment>
         <input_file_ref idref="fl-1"/>
      </object_component>
      <object_component id="oc-151">
         <name>.text.UART_send_char</name>
         <load_address>0x25f0</load_address>
         <readonly>true</readonly>
         <executable>true</executable>
         <run_address>0x25f0</run_address>
         <size>0x1c</size>
         <alignment>0x2</alignment>
         <input_file_ref idref="fl-8"/>
      </object_component>
      <object_component id="oc-f4">
         <name>.text.delay_ms</name>
         <load_address>0x260c</load_address>
         <readonly>true</readonly>
         <executable>true</executable>
         <run_address>0x260c</run_address>
         <size>0x1c</size>
         <alignment>0x4</alignment>
         <input_file_ref idref="fl-4"/>
      </object_component>
      <object_component id="oc-17a">
         <name>.text.DL_ADC12_enablePower</name>
         <load_address>0x2628</load_address>
         <readonly>true</readonly>
         <executable>true</executable>
         <run_address>0x2628</run_address>
         <size>0x18</size>
         <alignment>0x4</alignment>
         <input_file_ref idref="fl-1"/>
      </object_component>
      <object_component id="oc-174">
         <name>.text.DL_ADC12_reset</name>
         <load_address>0x2640</load_address>
         <readonly>true</readonly>
         <executable>true</executable>
         <run_address>0x2640</run_address>
         <size>0x18</size>
         <alignment>0x4</alignment>
         <input_file_ref idref="fl-1"/>
      </object_component>
      <object_component id="oc-17e">
         <name>.text.DL_GPIO_enableOutput</name>
         <load_address>0x2658</load_address>
         <readonly>true</readonly>
         <executable>true</executable>
         <run_address>0x2658</run_address>
         <size>0x18</size>
         <alignment>0x4</alignment>
         <input_file_ref idref="fl-1"/>
      </object_component>
      <object_component id="oc-176">
         <name>.text.DL_GPIO_enablePower</name>
         <load_address>0x2670</load_address>
         <readonly>true</readonly>
         <executable>true</executable>
         <run_address>0x2670</run_address>
         <size>0x18</size>
         <alignment>0x4</alignment>
         <input_file_ref idref="fl-1"/>
      </object_component>
      <object_component id="oc-182">
         <name>.text.DL_GPIO_initDigitalOutput</name>
         <load_address>0x2688</load_address>
         <readonly>true</readonly>
         <executable>true</executable>
         <run_address>0x2688</run_address>
         <size>0x18</size>
         <alignment>0x4</alignment>
         <input_file_ref idref="fl-1"/>
      </object_component>
      <object_component id="oc-17c">
         <name>.text.DL_GPIO_initPeripheralAnalogFunction</name>
         <load_address>0x26a0</load_address>
         <readonly>true</readonly>
         <executable>true</executable>
         <run_address>0x26a0</run_address>
         <size>0x18</size>
         <alignment>0x4</alignment>
         <input_file_ref idref="fl-1"/>
      </object_component>
      <object_component id="oc-170">
         <name>.text.DL_GPIO_reset</name>
         <load_address>0x26b8</load_address>
         <readonly>true</readonly>
         <executable>true</executable>
         <run_address>0x26b8</run_address>
         <size>0x18</size>
         <alignment>0x4</alignment>
         <input_file_ref idref="fl-1"/>
      </object_component>
      <object_component id="oc-11e">
         <name>.text.DL_GPIO_setPins</name>
         <load_address>0x26d0</load_address>
         <readonly>true</readonly>
         <executable>true</executable>
         <run_address>0x26d0</run_address>
         <size>0x18</size>
         <alignment>0x4</alignment>
         <input_file_ref idref="fl-7"/>
      </object_component>
      <object_component id="oc-186">
         <name>.text.DL_GPIO_setUpperPinsPolarity</name>
         <load_address>0x26e8</load_address>
         <readonly>true</readonly>
         <executable>true</executable>
         <run_address>0x26e8</run_address>
         <size>0x18</size>
         <alignment>0x2</alignment>
         <input_file_ref idref="fl-1"/>
      </object_component>
      <object_component id="oc-1ac">
         <name>.text.DL_I2C_enableAnalogGlitchFilter</name>
         <load_address>0x2700</load_address>
         <readonly>true</readonly>
         <executable>true</executable>
         <run_address>0x2700</run_address>
         <size>0x18</size>
         <alignment>0x2</alignment>
         <input_file_ref idref="fl-1"/>
      </object_component>
      <object_component id="oc-1b3">
         <name>.text.DL_I2C_enableController</name>
         <load_address>0x2718</load_address>
         <readonly>true</readonly>
         <executable>true</executable>
         <run_address>0x2718</run_address>
         <size>0x18</size>
         <alignment>0x4</alignment>
         <input_file_ref idref="fl-1"/>
      </object_component>
      <object_component id="oc-1b2">
         <name>.text.DL_I2C_enableControllerClockStretching</name>
         <load_address>0x2730</load_address>
         <readonly>true</readonly>
         <executable>true</executable>
         <run_address>0x2730</run_address>
         <size>0x18</size>
         <alignment>0x4</alignment>
         <input_file_ref idref="fl-1"/>
      </object_component>
      <object_component id="oc-178">
         <name>.text.DL_I2C_enablePower</name>
         <load_address>0x2748</load_address>
         <readonly>true</readonly>
         <executable>true</executable>
         <run_address>0x2748</run_address>
         <size>0x18</size>
         <alignment>0x4</alignment>
         <input_file_ref idref="fl-1"/>
      </object_component>
      <object_component id="oc-172">
         <name>.text.DL_I2C_reset</name>
         <load_address>0x2760</load_address>
         <readonly>true</readonly>
         <executable>true</executable>
         <run_address>0x2760</run_address>
         <size>0x18</size>
         <alignment>0x4</alignment>
         <input_file_ref idref="fl-1"/>
      </object_component>
      <object_component id="oc-1af">
         <name>.text.DL_I2C_setTimerPeriod</name>
         <load_address>0x2778</load_address>
         <readonly>true</readonly>
         <executable>true</executable>
         <run_address>0x2778</run_address>
         <size>0x18</size>
         <alignment>0x4</alignment>
         <input_file_ref idref="fl-1"/>
      </object_component>
      <object_component id="oc-189">
         <name>.text.DL_SYSCTL_setBORThreshold</name>
         <load_address>0x2790</load_address>
         <readonly>true</readonly>
         <executable>true</executable>
         <run_address>0x2790</run_address>
         <size>0x18</size>
         <alignment>0x4</alignment>
         <input_file_ref idref="fl-1"/>
      </object_component>
      <object_component id="oc-177">
         <name>.text.DL_Timer_enablePower</name>
         <load_address>0x27a8</load_address>
         <readonly>true</readonly>
         <executable>true</executable>
         <run_address>0x27a8</run_address>
         <size>0x18</size>
         <alignment>0x4</alignment>
         <input_file_ref idref="fl-1"/>
      </object_component>
      <object_component id="oc-171">
         <name>.text.DL_Timer_reset</name>
         <load_address>0x27c0</load_address>
         <readonly>true</readonly>
         <executable>true</executable>
         <run_address>0x27c0</run_address>
         <size>0x18</size>
         <alignment>0x4</alignment>
         <input_file_ref idref="fl-1"/>
      </object_component>
      <object_component id="oc-19e">
         <name>.text.DL_Timer_setCaptureCompareOutCtl</name>
         <load_address>0x27d8</load_address>
         <readonly>true</readonly>
         <executable>true</executable>
         <run_address>0x27d8</run_address>
         <size>0x18</size>
         <alignment>0x4</alignment>
         <input_file_ref idref="fl-19"/>
      </object_component>
      <object_component id="oc-e1">
         <name>.text.DL_Timer_startCounter</name>
         <load_address>0x27f0</load_address>
         <readonly>true</readonly>
         <executable>true</executable>
         <run_address>0x27f0</run_address>
         <size>0x18</size>
         <alignment>0x4</alignment>
         <input_file_ref idref="fl-3"/>
      </object_component>
      <object_component id="oc-14a">
         <name>.text.DL_Timer_startCounter</name>
         <load_address>0x2808</load_address>
         <readonly>true</readonly>
         <executable>true</executable>
         <run_address>0x2808</run_address>
         <size>0x18</size>
         <alignment>0x4</alignment>
         <input_file_ref idref="fl-7"/>
      </object_component>
      <object_component id="oc-179">
         <name>.text.DL_UART_enablePower</name>
         <load_address>0x2820</load_address>
         <readonly>true</readonly>
         <executable>true</executable>
         <run_address>0x2820</run_address>
         <size>0x18</size>
         <alignment>0x4</alignment>
         <input_file_ref idref="fl-1"/>
      </object_component>
      <object_component id="oc-173">
         <name>.text.DL_UART_reset</name>
         <load_address>0x2838</load_address>
         <readonly>true</readonly>
         <executable>true</executable>
         <run_address>0x2838</run_address>
         <size>0x18</size>
         <alignment>0x4</alignment>
         <input_file_ref idref="fl-1"/>
      </object_component>
      <object_component id="oc-17b">
         <name>.text.DL_VREF_enablePower</name>
         <load_address>0x2850</load_address>
         <readonly>true</readonly>
         <executable>true</executable>
         <run_address>0x2850</run_address>
         <size>0x18</size>
         <alignment>0x4</alignment>
         <input_file_ref idref="fl-1"/>
      </object_component>
      <object_component id="oc-175">
         <name>.text.DL_VREF_reset</name>
         <load_address>0x2868</load_address>
         <readonly>true</readonly>
         <executable>true</executable>
         <run_address>0x2868</run_address>
         <size>0x18</size>
         <alignment>0x4</alignment>
         <input_file_ref idref="fl-1"/>
      </object_component>
      <object_component id="oc-14d">
         <name>.text._outs</name>
         <load_address>0x2880</load_address>
         <readonly>true</readonly>
         <executable>true</executable>
         <run_address>0x2880</run_address>
         <size>0x18</size>
         <alignment>0x2</alignment>
         <input_file_ref idref="fl-33"/>
      </object_component>
      <object_component id="oc-e0">
         <name>.text.DL_ADC12_enableConversions</name>
         <load_address>0x2898</load_address>
         <readonly>true</readonly>
         <executable>true</executable>
         <run_address>0x2898</run_address>
         <size>0x16</size>
         <alignment>0x2</alignment>
         <input_file_ref idref="fl-3"/>
      </object_component>
      <object_component id="oc-1ca">
         <name>.text.DL_ADC12_enableConversions</name>
         <load_address>0x28ae</load_address>
         <readonly>true</readonly>
         <executable>true</executable>
         <run_address>0x28ae</run_address>
         <size>0x16</size>
         <alignment>0x2</alignment>
         <input_file_ref idref="fl-1"/>
      </object_component>
      <object_component id="oc-1bf">
         <name>.text.DL_UART_enable</name>
         <load_address>0x28c4</load_address>
         <readonly>true</readonly>
         <executable>true</executable>
         <run_address>0x28c4</run_address>
         <size>0x16</size>
         <alignment>0x2</alignment>
         <input_file_ref idref="fl-1"/>
      </object_component>
      <object_component id="oc-50">
         <name>.text:decompress:ZI:__TI_zero_init_nomemset</name>
         <load_address>0x28da</load_address>
         <readonly>true</readonly>
         <executable>true</executable>
         <run_address>0x28da</run_address>
         <size>0x16</size>
         <alignment>0x2</alignment>
         <input_file_ref idref="fl-39"/>
      </object_component>
      <object_component id="oc-11f">
         <name>.text.DL_GPIO_clearPins</name>
         <load_address>0x28f0</load_address>
         <readonly>true</readonly>
         <executable>true</executable>
         <run_address>0x28f0</run_address>
         <size>0x14</size>
         <alignment>0x2</alignment>
         <input_file_ref idref="fl-7"/>
      </object_component>
      <object_component id="oc-184">
         <name>.text.DL_GPIO_clearPins</name>
         <load_address>0x2904</load_address>
         <readonly>true</readonly>
         <executable>true</executable>
         <run_address>0x2904</run_address>
         <size>0x14</size>
         <alignment>0x2</alignment>
         <input_file_ref idref="fl-1"/>
      </object_component>
      <object_component id="oc-11c">
         <name>.text.DL_I2C_getControllerStatus</name>
         <load_address>0x2918</load_address>
         <readonly>true</readonly>
         <executable>true</executable>
         <run_address>0x2918</run_address>
         <size>0x14</size>
         <alignment>0x4</alignment>
         <input_file_ref idref="fl-5"/>
      </object_component>
      <object_component id="oc-11d">
         <name>.text.DL_I2C_receiveControllerData</name>
         <load_address>0x292c</load_address>
         <readonly>true</readonly>
         <executable>true</executable>
         <run_address>0x292c</run_address>
         <size>0x14</size>
         <alignment>0x4</alignment>
         <input_file_ref idref="fl-5"/>
      </object_component>
      <object_component id="oc-1ae">
         <name>.text.DL_I2C_resetControllerTransfer</name>
         <load_address>0x2940</load_address>
         <readonly>true</readonly>
         <executable>true</executable>
         <run_address>0x2940</run_address>
         <size>0x14</size>
         <alignment>0x4</alignment>
         <input_file_ref idref="fl-1"/>
      </object_component>
      <object_component id="oc-18d">
         <name>.text.DL_SYSCTL_disableSYSPLL</name>
         <load_address>0x2954</load_address>
         <readonly>true</readonly>
         <executable>true</executable>
         <run_address>0x2954</run_address>
         <size>0x14</size>
         <alignment>0x4</alignment>
         <input_file_ref idref="fl-1"/>
      </object_component>
      <object_component id="oc-196">
         <name>.text.DL_SYSCTL_enableSYSPLL</name>
         <load_address>0x2968</load_address>
         <readonly>true</readonly>
         <executable>true</executable>
         <run_address>0x2968</run_address>
         <size>0x14</size>
         <alignment>0x4</alignment>
         <input_file_ref idref="fl-1"/>
      </object_component>
      <object_component id="oc-1a0">
         <name>.text.DL_Timer_enableClock</name>
         <load_address>0x297c</load_address>
         <readonly>true</readonly>
         <executable>true</executable>
         <run_address>0x297c</run_address>
         <size>0x14</size>
         <alignment>0x4</alignment>
         <input_file_ref idref="fl-1"/>
      </object_component>
      <object_component id="oc-1a1">
         <name>.text.DL_Timer_setCCPDirection</name>
         <load_address>0x2990</load_address>
         <readonly>true</readonly>
         <executable>true</executable>
         <run_address>0x2990</run_address>
         <size>0x14</size>
         <alignment>0x2</alignment>
         <input_file_ref idref="fl-1"/>
      </object_component>
      <object_component id="oc-60">
         <name>.text.DL_GPIO_getPendingInterrupt</name>
         <load_address>0x29a4</load_address>
         <readonly>true</readonly>
         <executable>true</executable>
         <run_address>0x29a4</run_address>
         <size>0x12</size>
         <alignment>0x2</alignment>
         <input_file_ref idref="fl-6"/>
      </object_component>
      <object_component id="oc-6b">
         <name>.text.DL_Timer_getPendingInterrupt</name>
         <load_address>0x29b6</load_address>
         <readonly>true</readonly>
         <executable>true</executable>
         <run_address>0x29b6</run_address>
         <size>0x12</size>
         <alignment>0x2</alignment>
         <input_file_ref idref="fl-7"/>
      </object_component>
      <object_component id="oc-1b5">
         <name>.text.DL_UART_setClockConfig</name>
         <load_address>0x29c8</load_address>
         <readonly>true</readonly>
         <executable>true</executable>
         <run_address>0x29c8</run_address>
         <size>0x12</size>
         <alignment>0x2</alignment>
         <input_file_ref idref="fl-1a"/>
      </object_component>
      <object_component id="oc-1cc">
         <name>.text.DL_VREF_setClockConfig</name>
         <load_address>0x29da</load_address>
         <readonly>true</readonly>
         <executable>true</executable>
         <run_address>0x29da</run_address>
         <size>0x12</size>
         <alignment>0x2</alignment>
         <input_file_ref idref="fl-1b"/>
      </object_component>
      <object_component id="oc-d0">
         <name>.text:TI_memcpy_small</name>
         <load_address>0x29ec</load_address>
         <readonly>true</readonly>
         <executable>true</executable>
         <run_address>0x29ec</run_address>
         <size>0x12</size>
         <alignment>0x1</alignment>
         <input_file_ref idref="fl-11d"/>
      </object_component>
      <object_component id="oc-20">
         <name>.text:decompress:none</name>
         <load_address>0x29fe</load_address>
         <readonly>true</readonly>
         <executable>true</executable>
         <run_address>0x29fe</run_address>
         <size>0x12</size>
         <alignment>0x2</alignment>
         <input_file_ref idref="fl-3a"/>
      </object_component>
      <object_component id="oc-18c">
         <name>.text.DL_SYSCTL_disableHFXT</name>
         <load_address>0x2a10</load_address>
         <readonly>true</readonly>
         <executable>true</executable>
         <run_address>0x2a10</run_address>
         <size>0x10</size>
         <alignment>0x4</alignment>
         <input_file_ref idref="fl-1"/>
      </object_component>
      <object_component id="oc-1f2">
         <name>.text.DL_SYSCTL_isFCCDone</name>
         <load_address>0x2a20</load_address>
         <readonly>true</readonly>
         <executable>true</executable>
         <run_address>0x2a20</run_address>
         <size>0x10</size>
         <alignment>0x2</alignment>
         <input_file_ref idref="fl-1"/>
      </object_component>
      <object_component id="oc-1f1">
         <name>.text.DL_SYSCTL_startFCC</name>
         <load_address>0x2a30</load_address>
         <readonly>true</readonly>
         <executable>true</executable>
         <run_address>0x2a30</run_address>
         <size>0x10</size>
         <alignment>0x4</alignment>
         <input_file_ref idref="fl-1"/>
      </object_component>
      <object_component id="oc-e2">
         <name>.text.DL_Timer_setCaptureCompareValue</name>
         <load_address>0x2a40</load_address>
         <readonly>true</readonly>
         <executable>true</executable>
         <run_address>0x2a40</run_address>
         <size>0x10</size>
         <alignment>0x4</alignment>
         <input_file_ref idref="fl-19"/>
      </object_component>
      <object_component id="oc-207">
         <name>.text.__aeabi_memset</name>
         <load_address>0x2a50</load_address>
         <readonly>true</readonly>
[...]
         <value>0x2020015c</value>
         <object_component_ref idref="oc-9e"/>
      </symbol>
      <symbol id="sm-1c6">
         <name>adjust_motor</name>
         <value>0xc1</value>
         <object_component_ref idref="oc-6c"/>
      </symbol>
      <symbol id="sm-1d5">
         <name>GROUP1_IRQHandler</name>
         <value>0x126d</value>
         <object_component_ref idref="oc-34"/>
      </symbol>
      <symbol id="sm-1d6">
         <name>counter_1_A</name>
         <value>0x2020016c</value>
         <object_component_ref idref="oc-65"/>
      </symbol>
      <symbol id="sm-1d7">
         <name>counter_2_A</name>
         <value>0x20200170</value>
         <object_component_ref idref="oc-66"/>
      </symbol>
      <symbol id="sm-205">
         <name>motor_init</name>
         <value>0x1315</value>
         <object_component_ref idref="oc-e8"/>
      </symbol>
      <symbol id="sm-206">
         <name>limit_duty</name>
         <value>0x2181</value>
         <object_component_ref idref="oc-c5"/>
      </symbol>
      <symbol id="sm-207">
         <name>motor_set_duty</name>
         <value>0x1cd5</value>
         <object_component_ref idref="oc-c6"/>
      </symbol>
      <symbol id="sm-208">
         <name>motor_set_direction</name>
         <value>0xb7d</value>
         <object_component_ref idref="oc-99"/>
      </symbol>
      <symbol id="sm-209">
         <name>calculate_speed</name>
         <value>0x10f9</value>
         <object_component_ref idref="oc-71"/>
      </symbol>
      <symbol id="sm-20a">
         <name>speed_1</name>
         <value>0x20200190</value>
         <object_component_ref idref="oc-b7"/>
      </symbol>
      <symbol id="sm-20b">
         <name>speed_2</name>
         <value>0x20200194</value>
         <object_component_ref idref="oc-b8"/>
      </symbol>
      <symbol id="sm-20c">
         <name>DC_MOTOR_PID</name>
         <value>0x65d</value>
         <object_component_ref idref="oc-72"/>
      </symbol>
      <symbol id="sm-20d">
         <name>target_speed_1</name>
         <value>0x2020019c</value>
         <object_component_ref idref="oc-9f"/>
      </symbol>
      <symbol id="sm-20e">
         <name>kp</name>
         <value>0x2020017c</value>
         <object_component_ref idref="oc-c7"/>
      </symbol>
      <symbol id="sm-20f">
         <name>last_error_1</name>
         <value>0x20200180</value>
         <object_component_ref idref="oc-c8"/>
      </symbol>
      <symbol id="sm-210">
         <name>ki</name>
         <value>0x20200178</value>
         <object_component_ref idref="oc-c9"/>
      </symbol>
      <symbol id="sm-211">
         <name>kd</name>
         <value>0x20200174</value>
         <object_component_ref idref="oc-ca"/>
      </symbol>
      <symbol id="sm-212">
         <name>prev_error_1</name>
         <value>0x20200188</value>
         <object_component_ref idref="oc-cb"/>
      </symbol>
      <symbol id="sm-213">
         <name>PWM_1_duty</name>
         <value>0x20200164</value>
         <object_component_ref idref="oc-cc"/>
      </symbol>
      <symbol id="sm-214">
         <name>target_speed_2</name>
         <value>0x202001a0</value>
         <object_component_ref idref="oc-a0"/>
      </symbol>
      <symbol id="sm-215">
         <name>last_error_2</name>
         <value>0x20200184</value>
         <object_component_ref idref="oc-cd"/>
      </symbol>
      <symbol id="sm-216">
         <name>prev_error_2</name>
         <value>0x2020018c</value>
         <object_component_ref idref="oc-ce"/>
      </symbol>
      <symbol id="sm-217">
         <name>PWM_2_duty</name>
         <value>0x20200168</value>
         <object_component_ref idref="oc-cf"/>
      </symbol>
      <symbol id="sm-218">
         <name>TIMA0_IRQHandler</name>
         <value>0x1f81</value>
         <object_component_ref idref="oc-39"/>
      </symbol>
      <symbol id="sm-223">
         <name>UART_send_char</name>
         <value>0x25f1</value>
         <object_component_ref idref="oc-151"/>
      </symbol>
      <symbol id="sm-224">
         <name>UART_send_string</name>
         <value>0x2209</value>
         <object_component_ref idref="oc-ef"/>
      </symbol>
      <symbol id="sm-225">
         <name>__TI_ATRegion0_src_addr</name>
         <value>0x0</value>
      </symbol>
      <symbol id="sm-226">
         <name>__TI_ATRegion0_trg_addr</name>
         <value>0x0</value>
      </symbol>
      <symbol id="sm-227">
         <name>__TI_ATRegion0_region_sz</name>
         <value>0x0</value>
      </symbol>
      <symbol id="sm-228">
         <name>__TI_ATRegion1_src_addr</name>
         <value>0x0</value>
      </symbol>
      <symbol id="sm-229">
         <name>__TI_ATRegion1_trg_addr</name>
         <value>0x0</value>
      </symbol>
      <symbol id="sm-22a">
         <name>__TI_ATRegion1_region_sz</name>
         <value>0x0</value>
      </symbol>
      <symbol id="sm-22b">
         <name>__TI_ATRegion2_src_addr</name>
         <value>0x0</value>
      </symbol>
      <symbol id="sm-22c">
         <name>__TI_ATRegion2_trg_addr</name>
         <value>0x0</value>
      </symbol>
      <symbol id="sm-22d">
         <name>__TI_ATRegion2_region_sz</name>
         <value>0x0</value>
      </symbol>
      <symbol id="sm-238">
         <name>DL_ADC12_setClockConfig</name>
         <value>0x1e85</value>
         <object_component_ref idref="oc-1c2"/>
      </symbol>
      <symbol id="sm-241">
         <name>DL_Common_delayCycles</name>
         <value>0x2a89</value>
         <object_component_ref idref="oc-154"/>
      </symbol>
      <symbol id="sm-24d">
         <name>DL_I2C_setClockConfig</name>
         <value>0x2373</value>
         <object_component_ref idref="oc-1aa"/>
      </symbol>
      <symbol id="sm-24e">
         <name>DL_I2C_fillControllerTXFIFO</name>
         <value>0x1a99</value>
         <object_component_ref idref="oc-115"/>
      </symbol>
      <symbol id="sm-26a">
         <name>DL_Timer_setClockConfig</name>
         <value>0x25b9</value>
         <object_component_ref idref="oc-19b"/>
      </symbol>
      <symbol id="sm-26b">
         <name>DL_Timer_initTimerMode</name>
         <value>0xc7d</value>
         <object_component_ref idref="oc-1a6"/>
      </symbol>
      <symbol id="sm-26c">
         <name>DL_Timer_setCaptureCompareValue</name>
         <value>0x2a41</value>
         <object_component_ref idref="oc-e2"/>
      </symbol>
      <symbol id="sm-26d">
         <name>DL_Timer_setCaptCompUpdateMethod</name>
         <value>0x259d</value>
         <object_component_ref idref="oc-19f"/>
      </symbol>
      <symbol id="sm-26e">
         <name>DL_Timer_setCaptureCompareOutCtl</name>
         <value>0x27d9</value>
         <object_component_ref idref="oc-19e"/>
      </symbol>
      <symbol id="sm-26f">
         <name>DL_Timer_initFourCCPWMMode</name>
         <value>0x979</value>
         <object_component_ref idref="oc-19c"/>
      </symbol>
      <symbol id="sm-27f">
         <name>DL_UART_init</name>
         <value>0x1d6d</value>
         <object_component_ref idref="oc-1bb"/>
      </symbol>
      <symbol id="sm-280">
         <name>DL_UART_setClockConfig</name>
         <value>0x29c9</value>
         <object_component_ref idref="oc-1b5"/>
      </symbol>
      <symbol id="sm-281">
         <name>DL_UART_transmitDataBlocking</name>
         <value>0x2151</value>
         <object_component_ref idref="oc-1dd"/>
      </symbol>
      <symbol id="sm-28d">
         <name>DL_VREF_configReference</name>
         <value>0x23e1</value>
         <object_component_ref idref="oc-1d2"/>
      </symbol>
      <symbol id="sm-28e">
         <name>DL_VREF_setClockConfig</name>
         <value>0x29db</value>
         <object_component_ref idref="oc-1cc"/>
      </symbol>
      <symbol id="sm-2a2">
         <name>DL_SYSCTL_configSYSPLL</name>
         <value>0xf45</value>
         <object_component_ref idref="oc-194"/>
      </symbol>
      <symbol id="sm-2a3">
         <name>DL_SYSCTL_switchMCLKfromSYSOSCtoHSCLK</name>
         <value>0x1dfd</value>
         <object_component_ref idref="oc-199"/>
      </symbol>
      <symbol id="sm-2a4">
         <name>DL_SYSCTL_setHFCLKSourceHFXTParams</name>
         <value>0x190d</value>
         <object_component_ref idref="oc-18e"/>
      </symbol>
      <symbol id="sm-2a5">
         <name>DL_SYSCTL_configFCC</name>
         <value>0x2511</value>
         <object_component_ref idref="oc-1f0"/>
      </symbol>
      <symbol id="sm-2b6">
         <name>sprintf</name>
         <value>0x20e5</value>
         <object_component_ref idref="oc-e9"/>
      </symbol>
      <symbol id="sm-2c1">
         <name>_c_int00_noargs</name>
         <value>0x2325</value>
         <object_component_ref idref="oc-59"/>
      </symbol>
      <symbol id="sm-2c2">
         <name>__stack</name>
         <value>0x20207e00</value>
         <object_component_ref idref="oc-1a"/>
      </symbol>
      <symbol id="sm-2ce">
         <name>__TI_auto_init_nobinit_nopinit</name>
         <value>0x1ff9</value>
         <object_component_ref idref="oc-100"/>
      </symbol>
      <symbol id="sm-2d6">
         <name>_system_pre_init</name>
         <value>0x2ab7</value>
         <object_component_ref idref="oc-7e"/>
      </symbol>
      <symbol id="sm-2e1">
         <name>__TI_zero_init_nomemset</name>
         <value>0x28db</value>
         <object_component_ref idref="oc-50"/>
      </symbol>
      <symbol id="sm-2ea">
         <name>__TI_decompress_none</name>
         <value>0x29ff</value>
         <object_component_ref idref="oc-20"/>
      </symbol>
      <symbol id="sm-2f5">
         <name>__TI_decompress_lzss</name>
         <value>0x15f1</value>
         <object_component_ref idref="oc-1c"/>
      </symbol>
      <symbol id="sm-30b">
         <name>__TI_printfi_minimal</name>
         <value>0x3d9</value>
         <object_component_ref idref="oc-1d5"/>
      </symbol>
      <symbol id="sm-316">
         <name>abort</name>
         <value>0x2aa5</value>
         <object_component_ref idref="oc-f9"/>
      </symbol>
      <symbol id="sm-325">
         <name>memccpy</name>
         <value>0x2403</value>
         <object_component_ref idref="oc-208"/>
      </symbol>
      <symbol id="sm-338">
         <name>HOSTexit</name>
         <value>0x2aaf</value>
         <object_component_ref idref="oc-15a"/>
      </symbol>
      <symbol id="sm-339">
         <name>C$$EXIT</name>
         <value>0x2aae</value>
         <object_component_ref idref="oc-15a"/>
      </symbol>
      <symbol id="sm-34e">
         <name>__aeabi_fadd</name>
         <value>0x102b</value>
         <object_component_ref idref="oc-b9"/>
      </symbol>
      <symbol id="sm-34f">
         <name>__addsf3</name>
         <value>0x102b</value>
         <object_component_ref idref="oc-b9"/>
      </symbol>
      <symbol id="sm-350">
         <name>__aeabi_fsub</name>
         <value>0x1021</value>
         <object_component_ref idref="oc-b9"/>
      </symbol>
      <symbol id="sm-351">
         <name>__subsf3</name>
         <value>0x1021</value>
         <object_component_ref idref="oc-b9"/>
      </symbol>
      <symbol id="sm-357">
         <name>__aeabi_dmul</name>
         <value>0xe61</value>
         <object_component_ref idref="oc-af"/>
      </symbol>
      <symbol id="sm-358">
         <name>__muldf3</name>
         <value>0xe61</value>
         <object_component_ref idref="oc-af"/>
      </symbol>
      <symbol id="sm-35e">
         <name>__muldsi3</name>
         <value>0x2071</value>
         <object_component_ref idref="oc-12a"/>
      </symbol>
      <symbol id="sm-364">
         <name>__aeabi_fmul</name>
         <value>0x14e1</value>
         <object_component_ref idref="oc-bd"/>
      </symbol>
      <symbol id="sm-365">
         <name>__mulsf3</name>
         <value>0x14e1</value>
         <object_component_ref idref="oc-bd"/>
      </symbol>
      <symbol id="sm-36b">
         <name>__aeabi_fdiv</name>
         <value>0x156d</value>
         <object_component_ref idref="oc-a7"/>
      </symbol>
      <symbol id="sm-36c">
         <name>__divsf3</name>
         <value>0x156d</value>
         <object_component_ref idref="oc-a7"/>
      </symbol>
      <symbol id="sm-372">
         <name>__aeabi_f2d</name>
         <value>0x1f05</value>
         <object_component_ref idref="oc-ab"/>
      </symbol>
      <symbol id="sm-373">
         <name>__extendsfdf2</name>
         <value>0x1f05</value>
         <object_component_ref idref="oc-ab"/>
      </symbol>
      <symbol id="sm-379">
         <name>__aeabi_f2iz</name>
         <value>0x20ad</value>
         <object_component_ref idref="oc-c1"/>
      </symbol>
      <symbol id="sm-37a">
         <name>__fixsfsi</name>
         <value>0x20ad</value>
         <object_component_ref idref="oc-c1"/>
      </symbol>
      <symbol id="sm-380">
         <name>__aeabi_ui2d</name>
         <value>0x23bd</value>
         <object_component_ref idref="oc-1f8"/>
      </symbol>
      <symbol id="sm-381">
         <name>__floatunsidf</name>
         <value>0x23bd</value>
         <object_component_ref idref="oc-1f8"/>
      </symbol>
      <symbol id="sm-387">
         <name>__aeabi_ui2f</name>
         <value>0x22fd</value>
         <object_component_ref idref="oc-a3"/>
      </symbol>
      <symbol id="sm-388">
         <name>__floatunsisf</name>
         <value>0x22fd</value>
         <object_component_ref idref="oc-a3"/>
      </symbol>
      <symbol id="sm-38f">
         <name>__aeabi_d2f</name>
         <value>0x1761</value>
         <object_component_ref idref="oc-b3"/>
      </symbol>
      <symbol id="sm-390">
         <name>__truncdfsf2</name>
         <value>0x1761</value>
         <object_component_ref idref="oc-b3"/>
      </symbol>
      <symbol id="sm-396">
         <name>__aeabi_dcmpeq</name>
         <value>0x1971</value>
         <object_component_ref idref="oc-1fc"/>
      </symbol>
      <symbol id="sm-397">
         <name>__aeabi_dcmplt</name>
         <value>0x1985</value>
         <object_component_ref idref="oc-1fc"/>
      </symbol>
      <symbol id="sm-398">
         <name>__aeabi_dcmple</name>
         <value>0x1999</value>
         <object_component_ref idref="oc-1fc"/>
      </symbol>
      <symbol id="sm-399">
         <name>__aeabi_dcmpge</name>
         <value>0x19ad</value>
         <object_component_ref idref="oc-1fc"/>
      </symbol>
      <symbol id="sm-39a">
         <name>__aeabi_dcmpgt</name>
         <value>0x19c1</value>
         <object_component_ref idref="oc-1fc"/>
      </symbol>
      <symbol id="sm-3a0">
         <name>__aeabi_fcmpeq</name>
         <value>0x19d5</value>
         <object_component_ref idref="oc-9a"/>
      </symbol>
      <symbol id="sm-3a1">
         <name>__aeabi_fcmplt</name>
         <value>0x19e9</value>
         <object_component_ref idref="oc-9a"/>
      </symbol>
      <symbol id="sm-3a2">
         <name>__aeabi_fcmple</name>
         <value>0x19fd</value>
         <object_component_ref idref="oc-9a"/>
      </symbol>
      <symbol id="sm-3a3">
         <name>__aeabi_fcmpge</name>
         <value>0x1a11</value>
         <object_component_ref idref="oc-9a"/>
      </symbol>
      <symbol id="sm-3a4">
         <name>__aeabi_fcmpgt</name>
         <value>0x1a25</value>
         <object_component_ref idref="oc-9a"/>
      </symbol>
      <symbol id="sm-3aa">
         <name>__aeabi_idiv</name>
         <value>0x1af9</value>
         <object_component_ref idref="oc-61"/>
      </symbol>
      <symbol id="sm-3ab">
         <name>__aeabi_idivmod</name>
         <value>0x1af9</value>
         <object_component_ref idref="oc-61"/>
      </symbol>
      <symbol id="sm-3b1">
         <name>__aeabi_memcpy</name>
         <value>0x2a9d</value>
         <object_component_ref idref="oc-49"/>
      </symbol>
      <symbol id="sm-3b2">
         <name>__aeabi_memcpy4</name>
         <value>0x2a9d</value>
         <object_component_ref idref="oc-49"/>
      </symbol>
      <symbol id="sm-3b3">
         <name>__aeabi_memcpy8</name>
         <value>0x2a9d</value>
         <object_component_ref idref="oc-49"/>
      </symbol>
      <symbol id="sm-3ba">
         <name>__aeabi_memset</name>
         <value>0x2a51</value>
         <object_component_ref idref="oc-207"/>
      </symbol>
      <symbol id="sm-3bb">
         <name>__aeabi_memset4</name>
         <value>0x2a51</value>
         <object_component_ref idref="oc-207"/>
      </symbol>
      <symbol id="sm-3bc">
         <name>__aeabi_memset8</name>
         <value>0x2a51</value>
         <object_component_ref idref="oc-207"/>
      </symbol>
      <symbol id="sm-3c2">
         <name>__aeabi_uidiv</name>
         <value>0x1ec5</value>
         <object_component_ref idref="oc-1f4"/>
      </symbol>
      <symbol id="sm-3c3">
         <name>__aeabi_uidivmod</name>
         <value>0x1ec5</value>
         <object_component_ref idref="oc-1f4"/>
      </symbol>
      <symbol id="sm-3cc">
         <name>__eqsf2</name>
         <value>0x2035</value>
         <object_component_ref idref="oc-120"/>
      </symbol>
      <symbol id="sm-3cd">
         <name>__lesf2</name>
         <value>0x2035</value>
         <object_component_ref idref="oc-120"/>
      </symbol>
      <symbol id="sm-3ce">
         <name>__ltsf2</name>
         <value>0x2035</value>
         <object_component_ref idref="oc-120"/>
      </symbol>
      <symbol id="sm-3cf">
         <name>__nesf2</name>
         <value>0x2035</value>
         <object_component_ref idref="oc-120"/>
      </symbol>
      <symbol id="sm-3d0">
         <name>__cmpsf2</name>
         <value>0x2035</value>
         <object_component_ref idref="oc-120"/>
      </symbol>
      <symbol id="sm-3d1">
         <name>__gtsf2</name>
         <value>0x1fbd</value>
         <object_component_ref idref="oc-125"/>
      </symbol>
      <symbol id="sm-3d2">
         <name>__gesf2</name>
         <value>0x1fbd</value>
         <object_component_ref idref="oc-125"/>
      </symbol>
      <symbol id="sm-3e0">
         <name>__ledf2</name>
         <value>0x1841</value>
         <object_component_ref idref="oc-22b"/>
      </symbol>
      <symbol id="sm-3e1">
         <name>__gedf2</name>
         <value>0x16e1</value>
         <object_component_ref idref="oc-231"/>
      </symbol>
      <symbol id="sm-3e2">
         <name>__cmpdf2</name>
         <value>0x1841</value>
         <object_component_ref idref="oc-22b"/>
      </symbol>
      <symbol id="sm-3e3">
         <name>__eqdf2</name>
         <value>0x1841</value>
         <object_component_ref idref="oc-22b"/>
      </symbol>
      <symbol id="sm-3e4">
         <name>__ltdf2</name>
         <value>0x1841</value>
         <object_component_ref idref="oc-22b"/>
      </symbol>
      <symbol id="sm-3e5">
         <name>__nedf2</name>
         <value>0x1841</value>
         <object_component_ref idref="oc-22b"/>
      </symbol>
      <symbol id="sm-3e6">
         <name>__gtdf2</name>
         <value>0x16e1</value>
         <object_component_ref idref="oc-231"/>
      </symbol>
      <symbol id="sm-3f0">
         <name>__aeabi_idiv0</name>
         <value>0x15ef</value>
         <object_component_ref idref="oc-90"/>
      </symbol>
      <symbol id="sm-3fa">
         <name>TI_memcpy_small</name>
         <value>0x29ed</value>
         <object_component_ref idref="oc-d0"/>
      </symbol>
      <symbol id="sm-403">
         <name>TI_memset_small</name>
         <value>0x2a6d</value>
         <object_component_ref idref="oc-134"/>
      </symbol>
      <symbol id="sm-404">
         <name>__TI_static_base__</name>
         <value>0x0</value>
      </symbol>
      <symbol id="sm-407">
         <name>__mpu_init</name>
         <value>0x0</value>
      </symbol>
      <symbol id="sm-408">
         <name>_system_post_cinit</name>
         <value>0x0</value>
      </symbol>
   </symbol_table>
   <title>Link successful</title>
</link_info>
