******************************************************************************
            TI ARM Clang Linker PC v4.0.4                      
******************************************************************************
>> Linked Tue Jul 28 13:52:38 2026

OUTPUT FILE NAME:   <11_PID_car.out>
ENTRY POINT SYMBOL: "_c_int00_noargs"  address: 0000291d


MEMORY CONFIGURATION

         name            origin    length      used     unused   attr    fill
----------------------  --------  ---------  --------  --------  ----  --------
  FLASH                 00000000   00020000  00003188  0001ce78  R  X
  SRAM                  20200000   00008000  000003da  00007c26  RW X
  BCR_CONFIG            41c00000   000000ff  00000000  000000ff  R   
  BSL_CONFIG            41c00100   00000080  00000000  00000080  R   


SEGMENT ALLOCATION MAP

run origin  load origin   length   init length attrs members
----------  ----------- ---------- ----------- ----- -------
00000000    00000000    00003188   00003188    r-x
  00000000    00000000    000000c0   000000c0    r-- .intvecs
  000000c0    000000c0    00002fe0   00002fe0    r-x .text
  000030a0    000030a0    000000a8   000000a8    r-- .rodata
  00003148    00003148    00000040   00000040    r-- .cinit
20200000    20200000    000001da   00000000    rw-
  20200000    20200000    0000018c   00000000    rw- .bss
  2020018c    2020018c    0000004e   00000000    rw- .data
20207e00    20207e00    00000200   00000000    rw-
  20207e00    20207e00    00000200   00000000    rw- .stack


SECTION ALLOCATION MAP

 output                                  attributes/
section   page    origin      length       input sections
--------  ----  ----------  ----------   ----------------
.intvecs   0    00000000    000000c0     
                  00000000    000000c0     startup_mspm0g350x_ticlang.o (.intvecs)

.text      0    000000c0    00002fe0     
                  000000c0    00000284     libc.a : _printfi.c.obj (.text:__TI_printfi_minimal)
                  00000344    000001fc     MPU6050.o (.text.mpu6050_angle_control)
                  00000540    000001c8     ti_msp_dl_config.o (.text.SYSCFG_DL_GPIO_init)
                  00000708    000001b8     huidu.o (.text.adjust_motor)
                  000008c0    000001b4     motor.o (.text.DC_MOTOR_PID)
                  00000a74    00000138     MPU6050.o (.text.mpu6050_init)
                  00000bac    00000104     driverlib.a : dl_timer.o (.text.DL_Timer_initFourCCPWMMode)
                  00000cb0    00000100     motor.o (.text.motor_set_direction)
                  00000db0    000000fc     driverlib.a : dl_timer.o (.text.DL_Timer_initTimerMode)
                  00000eac    000000e8     ti_msp_dl_config.o (.text.SYSCFG_DL_SYSCTL_SYSPLL_init)
                  00000f94    000000e4     libclang_rt.builtins.a : muldf3.S.obj (.text.__muldf3)
                  00001078    000000e0     MPU6050.o (.text.mpu6050_read_bytes)
                  00001158    000000dc     driverlib.a : dl_sysctl_mspm0g1x0x_g3x0x.o (.text.DL_SYSCTL_configSYSPLL)
                  00001234    000000d8     libclang_rt.builtins.a : addsf3.S.obj (.text)
                  0000130c    000000c4     motor.o (.text.calculate_speed)
                  000013d0    000000c0     MPU6050.o (.text.mpu6050_update_yaw)
                  00001490    000000b8     MPU6050.o (.text.mpu6050_read_byte)
                  00001548    000000b0     ti_msp_dl_config.o (.text.SYSCFG_DL_initPower)
                  000015f8    000000a4     motor.o (.text.motor_init)
                  0000169c    000000a0     main.o (.text.main)
                  0000173c    00000094     huidu.o (.text.huidu_get_value)
                  000017d0    0000008c     ti_msp_dl_config.o (.text.SYSCFG_DL_PWMAB_init)
                  0000185c    0000008c     libclang_rt.builtins.a : mulsf3.S.obj (.text.__mulsf3)
                  000018e8    00000082                            : divsf3.S.obj (.text.__divsf3)
                  0000196a    00000002                            : aeabi_div0.c.obj (.text.__aeabi_idiv0)
                  0000196c    0000007c     libc.a : copy_decompress_lzss.c.obj (.text:decompress:lzss)
                  000019e8    00000078     MPU6050.o (.text.mpu6050_set_target_yaw)
                  00001a60    00000074     ti_msp_dl_config.o (.text.SYSCFG_DL_SYSCTL_init)
                  00001ad4    00000074     libclang_rt.builtins.a : comparedf2.c.obj (.text.__gedf2)
                  00001b48    00000008                            : aeabi_memcpy.S.obj (.text.__aeabi_memcpy)
                  00001b50    00000074                            : truncdfsf2.S.obj (.text.__truncdfsf2)
                  00001bc4    00000074     MPU6050.o (.text.mpu6050_start_turn)
                  00001c38    00000070     MPU6050.o (.text.mpu6050_write_byte)
                  00001ca8    0000006c     ti_msp_dl_config.o (.text.SYSCFG_DL_SERVO_init)
                  00001d14    00000068     libclang_rt.builtins.a : comparedf2.c.obj (.text.__ledf2)
                  00001d7c    00000064     ti_msp_dl_config.o (.text.DL_ADC12_initSingleSample)
                  00001de0    00000064     driverlib.a : dl_sysctl_mspm0g1x0x_g3x0x.o (.text.DL_SYSCTL_setHFCLKSourceHFXTParams)
                  00001e44    00000062     libclang_rt.builtins.a : aeabi_dcmp.S.obj (.text.__aeabi_dcmp)
                  00001ea6    00000002     --HOLE-- [fill = 0]
                  00001ea8    00000062                            : aeabi_fcmp.S.obj (.text.__aeabi_fcmp)
                  00001f0a    00000062     huidu.o (.text.huidu_select_offset_level)
                  00001f6c    0000005e     driverlib.a : dl_i2c.o (.text.DL_I2C_fillControllerTXFIFO)
                  00001fca    00000002     --HOLE-- [fill = 0]
                  00001fcc    00000054     motor.o (.text.TIMA0_IRQHandler)
                  00002020    00000050     ti_msp_dl_config.o (.text.DL_GPIO_initPeripheralInputFunctionFeatures)
                  00002070    00000050     MPU6050.o (.text.DL_I2C_startControllerTransfer)
                  000020c0    00000050     huidu.o (.text.huidu_get_outer_speed)
                  00002110    0000004c     ti_msp_dl_config.o (.text.DL_GPIO_initDigitalInputFeatures)
                  0000215c    0000004c     ti_msp_dl_config.o (.text.DL_UART_setBaudRateDivisor)
                  000021a8    0000004c     ti_msp_dl_config.o (.text.SYSCFG_DL_xuanniu_init)
                  000021f4    0000004c     motor.o (.text.motor_set_duty)
                  00002240    0000004a     ti_msp_dl_config.o (.text.DL_ADC12_configConversionMem)
                  0000228a    00000002     --HOLE-- [fill = 0]
                  0000228c    00000048     driverlib.a : dl_uart.o (.text.DL_UART_init)
                  000022d4    00000048     ti_msp_dl_config.o (.text.SYSCFG_DL_DEBUG_init)
                  0000231c    00000044     driverlib.a : dl_sysctl_mspm0g1x0x_g3x0x.o (.text.DL_SYSCTL_switchMCLKfromSYSOSCtoHSCLK)
                  00002360    00000044     key.o (.text.GROUP1_IRQHandler)
                  000023a4    00000044     ti_msp_dl_config.o (.text.SYSCFG_DL_init)
                  000023e8    00000040     driverlib.a : dl_adc12.o (.text.DL_ADC12_setClockConfig)
                  00002428    00000040     libclang_rt.builtins.a : aeabi_uidivmod.S.obj (.text.__aeabi_uidivmod)
                  00002468    00000040                            : extendsfdf2.S.obj (.text.__extendsfdf2)
                  000024a8    00000040     huidu.o (.text.huidu_set_command)
                  000024e8    00000040     MPU6050.o (.text.mpu6050_read_gyro_z)
                  00002528    0000003c     ti_msp_dl_config.o (.text.DL_Timer_setCounterControl)
                  00002564    0000003c     libclang_rt.builtins.a : floatsisf.S.obj (.text.__floatsisf)
                  000025a0    0000003c                            : comparesf2.S.obj (.text.__gtsf2)
                  000025dc    0000003c     libc.a : autoinit.c.obj (.text:__TI_auto_init_nobinit_nopinit)
                  00002618    0000003a     libclang_rt.builtins.a : comparesf2.S.obj (.text.__eqsf2)
                  00002652    00000002     --HOLE-- [fill = 0]
                  00002654    0000003a                            : muldsi3.S.obj (.text.__muldsi3)
                  0000268e    0000003a     motor.o (.text.motor_ramp_duty)
                  000026c8    00000038     libclang_rt.builtins.a : fixsfsi.S.obj (.text.__fixsfsi)
                  00002700    00000038     libc.a : sprintf.c.obj (.text.sprintf)
                  00002738    00000034     ti_msp_dl_config.o (.text.SYSCFG_DL_MOTOR_PID_init)
                  0000276c    00000030     driverlib.a : dl_uart.o (.text.DL_UART_transmitDataBlocking)
                  0000279c    00000030     motor.o (.text.limit_duty)
                  000027cc    0000002c     ti_msp_dl_config.o (.text.SYSCFG_DL_MPU6050_init)
                  000027f8    0000002c     main.o (.text.__NVIC_EnableIRQ)
                  00002824    0000002c     motor.o (.text.__NVIC_EnableIRQ)
                  00002850    0000002a     uart.o (.text.UART_send_string)
                  0000287a    00000028     MPU6050.o (.text.DL_Common_updateReg)
                  000028a2    00000028     ti_msp_dl_config.o (.text.DL_Common_updateReg)
                  000028ca    00000002     --HOLE-- [fill = 0]
                  000028cc    00000028     ti_msp_dl_config.o (.text.SYSCFG_DL_VREF_init)
                  000028f4    00000028     libclang_rt.builtins.a : floatunsisf.S.obj (.text.__floatunsisf)
                  0000291c    00000028     libc.a : boot_cortex_m.c.obj (.text:_c_int00_noargs)
                  00002944    00000026     ti_msp_dl_config.o (.text.DL_I2C_setAnalogGlitchFilterPulseWidth)
                  0000296a    00000026     driverlib.a : dl_i2c.o (.text.DL_I2C_setClockConfig)
                  00002990    00000024     libclang_rt.builtins.a : floatunsidf.S.obj (.text.__floatunsidf)
                  000029b4    00000022     driverlib.a : dl_vref.o (.text.DL_VREF_configReference)
                  000029d6    00000022     libc.a : memccpy.c.obj (.text.memccpy)
                  000029f8    00000020     ti_msp_dl_config.o (.text.DL_GPIO_initPeripheralInputFunction)
                  00002a18    00000020     ti_msp_dl_config.o (.text.DL_SYSCTL_setFlashWaitState)
                  00002a38    00000020     huidu.o (.text.huidu_read_lit_state)
                  00002a58    0000001e     ti_msp_dl_config.o (.text.DL_UART_setOversampling)
                  00002a76    00000002     --HOLE-- [fill = 0]
                  00002a78    0000001c     ti_msp_dl_config.o (.text.DL_GPIO_clearInterruptStatus)
                  00002a94    0000001c     ti_msp_dl_config.o (.text.DL_GPIO_enableHiZ)
                  00002ab0    0000001c     ti_msp_dl_config.o (.text.DL_GPIO_enableInterrupt)
                  00002acc    0000001c     ti_msp_dl_config.o (.text.DL_GPIO_initPeripheralOutputFunction)
                  00002ae8    0000001c     ti_msp_dl_config.o (.text.DL_GPIO_setLowerPinsPolarity)
                  00002b04    0000001c     driverlib.a : dl_sysctl_mspm0g1x0x_g3x0x.o (.text.DL_SYSCTL_configFCC)
                  00002b20    0000001c     ti_msp_dl_config.o (.text.DL_SYSCTL_setFCCPeriods)
                  00002b3c    0000001c     ti_msp_dl_config.o (.text.DL_SYSCTL_setSYSOSCFreq)
                  00002b58    0000001c     ti_msp_dl_config.o (.text.DL_SYSCTL_setULPCLKDivider)
                  00002b74    0000001c     ti_msp_dl_config.o (.text.DL_Timer_enableInterrupt)
                  00002b90    0000001c     driverlib.a : dl_timer.o (.text.DL_Timer_setCaptCompUpdateMethod)
                  00002bac    0000001c                 : dl_timer.o (.text.DL_Timer_setClockConfig)
                  00002bc8    0000001c     ti_msp_dl_config.o (.text.DL_UART_enableInterrupt)
                  00002be4    0000001c     uart.o (.text.UART_send_char)
                  00002c00    0000001c     delay.o (.text.delay_ms)
                  00002c1c    00000018     ti_msp_dl_config.o (.text.DL_ADC12_enablePower)
                  00002c34    00000018     ti_msp_dl_config.o (.text.DL_ADC12_reset)
                  00002c4c    00000018     ti_msp_dl_config.o (.text.DL_GPIO_enableOutput)
                  00002c64    00000018     ti_msp_dl_config.o (.text.DL_GPIO_enablePower)
                  00002c7c    00000018     ti_msp_dl_config.o (.text.DL_GPIO_initDigitalOutput)
                  00002c94    00000018     ti_msp_dl_config.o (.text.DL_GPIO_initPeripheralAnalogFunction)
                  00002cac    00000018     ti_msp_dl_config.o (.text.DL_GPIO_reset)
                  00002cc4    00000018     motor.o (.text.DL_GPIO_setPins)
                  00002cdc    00000018     ti_msp_dl_config.o (.text.DL_GPIO_setUpperPinsPolarity)
                  00002cf4    00000018     ti_msp_dl_config.o (.text.DL_I2C_enableAnalogGlitchFilter)
                  00002d0c    00000018     ti_msp_dl_config.o (.text.DL_I2C_enablePower)
                  00002d24    00000018     ti_msp_dl_config.o (.text.DL_I2C_reset)
                  00002d3c    00000018     ti_msp_dl_config.o (.text.DL_SYSCTL_setBORThreshold)
                  00002d54    00000018     ti_msp_dl_config.o (.text.DL_Timer_enablePower)
                  00002d6c    00000018     ti_msp_dl_config.o (.text.DL_Timer_reset)
                  00002d84    00000018     driverlib.a : dl_timer.o (.text.DL_Timer_setCaptureCompareOutCtl)
                  00002d9c    00000018     main.o (.text.DL_Timer_startCounter)
                  00002db4    00000018     motor.o (.text.DL_Timer_startCounter)
                  00002dcc    00000018     ti_msp_dl_config.o (.text.DL_UART_enablePower)
                  00002de4    00000018     ti_msp_dl_config.o (.text.DL_UART_reset)
                  00002dfc    00000018     ti_msp_dl_config.o (.text.DL_VREF_enablePower)
                  00002e14    00000018     ti_msp_dl_config.o (.text.DL_VREF_reset)
                  00002e2c    00000018     libc.a : sprintf.c.obj (.text._outs)
                  00002e44    00000016     main.o (.text.DL_ADC12_enableConversions)
                  00002e5a    00000016     ti_msp_dl_config.o (.text.DL_ADC12_enableConversions)
                  00002e70    00000016     huidu.o (.text.DL_GPIO_readPins)
                  00002e86    00000016     ti_msp_dl_config.o (.text.DL_UART_enable)
                  00002e9c    00000016     libc.a : copy_zero_init.c.obj (.text:decompress:ZI:__TI_zero_init_nomemset)
                  00002eb2    00000014     motor.o (.text.DL_GPIO_clearPins)
                  00002ec6    00000014     ti_msp_dl_config.o (.text.DL_GPIO_clearPins)
                  00002eda    00000002     --HOLE-- [fill = 0]
                  00002edc    00000014     MPU6050.o (.text.DL_I2C_getControllerStatus)
                  00002ef0    00000014     MPU6050.o (.text.DL_I2C_receiveControllerData)
                  00002f04    00000014     ti_msp_dl_config.o (.text.DL_SYSCTL_disableSYSPLL)
                  00002f18    00000014     ti_msp_dl_config.o (.text.DL_SYSCTL_enableSYSPLL)
                  00002f2c    00000014     ti_msp_dl_config.o (.text.DL_Timer_enableClock)
                  00002f40    00000014     ti_msp_dl_config.o (.text.DL_Timer_setCCPDirection)
                  00002f54    00000014     MPU6050.o (.text.mpu6050_is_active)
                  00002f68    00000014     MPU6050.o (.text.mpu6050_release_control)
                  00002f7c    00000012     key.o (.text.DL_GPIO_getPendingInterrupt)
                  00002f8e    00000012     motor.o (.text.DL_Timer_getPendingInterrupt)
                  00002fa0    00000012     driverlib.a : dl_uart.o (.text.DL_UART_setClockConfig)
                  00002fb2    00000012                 : dl_vref.o (.text.DL_VREF_setClockConfig)
                  00002fc4    00000012     libc.a : memcpy16.S.obj (.text:TI_memcpy_small)
                  00002fd6    00000012            : copy_decompress_none.c.obj (.text:decompress:none)
                  00002fe8    00000010     ti_msp_dl_config.o (.text.DL_SYSCTL_disableHFXT)
                  00002ff8    00000010     ti_msp_dl_config.o (.text.DL_SYSCTL_isFCCDone)
                  00003008    00000010     ti_msp_dl_config.o (.text.DL_SYSCTL_startFCC)
                  00003018    00000010     driverlib.a : dl_timer.o (.text.DL_Timer_setCaptureCompareValue)
                  00003028    0000000e     libclang_rt.builtins.a : aeabi_memset.S.obj (.text.__aeabi_memset)
                  00003036    0000000e     libc.a : _printfi.c.obj (.text.strlen)
                  00003044    0000000e            : memset16.S.obj (.text:TI_memset_small)
                  00003052    00000002     --HOLE-- [fill = 0]
                  00003054    0000000c     ti_msp_dl_config.o (.text.DL_SYSCTL_getClockStatus)
                  00003060    0000000c     ti_msp_dl_config.o (.text.DL_SYSCTL_readFCC)
                  0000306c    0000000a     driverlib.a : dl_common.o (.text.DL_Common_delayCycles)
                  00003076    0000000a     libc.a : sprintf.c.obj (.text._outc)
                  00003080    00000006            : exit.c.obj (.text:abort)
                  00003086    00000004     startup_mspm0g350x_ticlang.o (.text.Default_Handler)
                  0000308a    00000004     libsysbm.a : hostexit.c.obj (.text.HOSTexit)
                  0000308e    00000004     startup_mspm0g350x_ticlang.o (.text.Reset_Handler)
                  00003092    00000004     libc.a : pre_init.c.obj (.text._system_pre_init)
                  00003096    0000000a     --HOLE-- [fill = 0]

.cinit     0    00003148    00000040     
                  00003148    0000001c     (.cinit..data.load) [load image, compression = lzss]
                  00003164    0000000c     (__TI_handler_table)
                  00003170    00000008     (.cinit..bss.load) [load image, compression = zero_init]
                  00003178    00000010     (__TI_cinit_table)

.rodata    0    000030a0    000000a8     
                  000030a0    00000028     ti_msp_dl_config.o (.rodata.gSYSPLLConfig)
                  000030c8    00000014     ti_msp_dl_config.o (.rodata.gMOTOR_PIDTimerConfig)
                  000030dc    00000012     main.o (.rodata.str1.15159059442110792349.1)
                  000030ee    00000011     libc.a : _printfi.c.obj (.rodata.str1.15363888844622738466.1)
                  000030ff    00000001     --HOLE-- [fill = 0]
                  00003100    0000000a     ti_msp_dl_config.o (.rodata.gDEBUGConfig)
                  0000310a    00000002     ti_msp_dl_config.o (.rodata.gDEBUGClockConfig)
                  0000310c    00000008     ti_msp_dl_config.o (.rodata.gPWMABConfig)
                  00003114    00000008     ti_msp_dl_config.o (.rodata.gSERVOConfig)
                  0000311c    00000008     ti_msp_dl_config.o (.rodata.gVREFConfig)
                  00003124    00000008     ti_msp_dl_config.o (.rodata.gxuanniuClockConfig)
                  0000312c    00000008     huidu.o (.rodata.s_black_position_weight)
                  00003134    00000003     ti_msp_dl_config.o (.rodata.gMOTOR_PIDClockConfig)
                  00003137    00000003     ti_msp_dl_config.o (.rodata.gPWMABClockConfig)
                  0000313a    00000003     ti_msp_dl_config.o (.rodata.gSERVOClockConfig)
                  0000313d    00000002     ti_msp_dl_config.o (.rodata.gMPU6050ClockConfig)
                  0000313f    00000002     ti_msp_dl_config.o (.rodata.gVREFClockConfig)
                  00003141    00000007     --HOLE-- [fill = 0]

.init_array 
*          0    00000000    00000000     UNINITIALIZED

.binit     0    00000000    00000000     

.bss       0    20200000    0000018c     UNINITIALIZED
                  20200000    000000bc     (.common:gMOTOR_PIDBackup)
                  202000bc    000000a0     (.common:gSERVOBackup)
                  2020015c    00000030     (.common:g_mpu6050)

.data      0    2020018c    0000004e     UNINITIALIZED
                  2020018c    00000008     huidu.o (.data.huidu_value)
                  20200194    00000004     motor.o (.data.PWM_1_duty)
                  20200198    00000004     motor.o (.data.PWM_2_duty)
                  2020019c    00000004     key.o (.data.counter_1_A)
                  202001a0    00000004     key.o (.data.counter_2_A)
                  202001a4    00000004     motor.o (.data.kd)
                  202001a8    00000004     motor.o (.data.ki)
                  202001ac    00000004     motor.o (.data.kp)
                  202001b0    00000004     motor.o (.data.last_error_1)
                  202001b4    00000004     motor.o (.data.last_error_2)
                  202001b8    00000004     motor.o (.data.prev_error_1)
                  202001bc    00000004     motor.o (.data.prev_error_2)
                  202001c0    00000004     huidu.o (.data.s_last_command_speed_1)
                  202001c4    00000004     huidu.o (.data.s_last_command_speed_2)
                  202001c8    00000004     motor.o (.data.speed_1)
                  202001cc    00000004     motor.o (.data.speed_2)
                  202001d0    00000004     motor.o (.data.target_speed_1)
                  202001d4    00000004     motor.o (.data.target_speed_2)
                  202001d8    00000001     huidu.o (.data.s_last_offset_level)
                  202001d9    00000001     huidu.o (.data.s_turn_triggered)

.stack     0    20207e00    00000200     UNINITIALIZED
                  20207e00    00000004     libc.a : boot_cortex_m.c.obj (.stack)
                  20207e04    000001fc     --HOLE--

__llvm_prf_cnts 
*          0    20200000    00000000     UNINITIALIZED

__llvm_prf_bits 
*          0    20200000    00000000     UNINITIALIZED

MODULE SUMMARY

       Module                         code    ro data   rw data
       ------                         ----    -------   -------
    .\
       ti_msp_dl_config.o             3146    117       348    
       main.o                         250     18        0      
       startup_mspm0g350x_ticlang.o   8       192       0      
    +--+------------------------------+-------+---------+---------+
       Total:                         3404    327       348    
                                                               
    .\user_driver\
       MPU6050.o                      2032    0         48     
       motor.o                        1448    0         52     
       huidu.o                        884     8         18     
       key.o                          86      0         8      
       uart.o                         70      0         0      
       delay.o                        28      0         0      
    +--+------------------------------+-------+---------+---------+
       Total:                         4548    8         126    
                                                               
    D:/ti/ccs2050/mspm0_sdk_2_10_00_04/source/ti/driverlib/lib/ticlang/m0p/mspm0g1x0x_g3x0x/driverlib.a
       dl_timer.o                     608     0         0      
       dl_sysctl_mspm0g1x0x_g3x0x.o   416     0         0      
       dl_uart.o                      138     0         0      
       dl_i2c.o                       132     0         0      
       dl_adc12.o                     64      0         0      
       dl_vref.o                      52      0         0      
       dl_common.o                    10      0         0      
    +--+------------------------------+-------+---------+---------+
       Total:                         1420    0         0      
                                                               
    D:\ti\ccs2050\ccs\tools\compiler\ti-cgt-armllvm_4.0.4.LTS\lib\armv6m-ti-none-eabi/c/libc.a
       _printfi.c.obj                 658     17        0      
       copy_decompress_lzss.c.obj     124     0         0      
       sprintf.c.obj                  90      0         0      
       autoinit.c.obj                 60      0         0      
       boot_cortex_m.c.obj            40      0         0      
       memccpy.c.obj                  34      0         0      
       copy_zero_init.c.obj           22      0         0      
       copy_decompress_none.c.obj     18      0         0      
       memcpy16.S.obj                 18      0         0      
       memset16.S.obj                 14      0         0      
       exit.c.obj                     6       0         0      
       pre_init.c.obj                 4       0         0      
    +--+------------------------------+-------+---------+---------+
       Total:                         1088    17        0      
                                                               
    D:\ti\ccs2050\ccs\tools\compiler\ti-cgt-armllvm_4.0.4.LTS\lib\armv6m-ti-none-eabi/c/libsysbm.a
       hostexit.c.obj                 4       0         0      
    +--+------------------------------+-------+---------+---------+
       Total:                         4       0         0      
                                                               
    D:\ti\ccs2050\ccs\tools\compiler\ti-cgt-armllvm_4.0.4.LTS\lib\armv6m-ti-none-eabi/libclang_rt.builtins.a
       muldf3.S.obj                   228     0         0      
       comparedf2.c.obj               220     0         0      
       addsf3.S.obj                   216     0         0      
       mulsf3.S.obj                   140     0         0      
       divsf3.S.obj                   130     0         0      
       comparesf2.S.obj               118     0         0      
       truncdfsf2.S.obj               116     0         0      
       aeabi_dcmp.S.obj               98      0         0      
       aeabi_fcmp.S.obj               98      0         0      
       aeabi_uidivmod.S.obj           64      0         0      
       extendsfdf2.S.obj              64      0         0      
       floatsisf.S.obj                60      0         0      
       muldsi3.S.obj                  58      0         0      
       fixsfsi.S.obj                  56      0         0      
       floatunsisf.S.obj              40      0         0      
       floatunsidf.S.obj              36      0         0      
       aeabi_memset.S.obj             14      0         0      
       aeabi_memcpy.S.obj             8       0         0      
       aeabi_div0.c.obj               2       0         0      
    +--+------------------------------+-------+---------+---------+
       Total:                         1766    0         0      
                                                               
       Stack:                         0       0         512    
       Linker Generated:              0       64        0      
    +--+------------------------------+-------+---------+---------+
       Grand Total:                   12230   416       986    


LINKER GENERATED COPY TABLES

__TI_cinit_table @ 00003178 records: 2, size/record: 8, table size: 16
	.data: load addr=00003148, load size=0000001c bytes, run addr=2020018c, run size=0000004e bytes, compression=lzss
	.bss: load addr=00003170, load size=00000008 bytes, run addr=20200000, run size=0000018c bytes, compression=zero_init


LINKER GENERATED HANDLER TABLE

__TI_handler_table @ 00003164 records: 3, size/record: 4, table size: 12
	index: 0, handler: __TI_decompress_lzss
	index: 1, handler: __TI_decompress_none
	index: 2, handler: __TI_zero_init


GLOBAL SYMBOLS: SORTED ALPHABETICALLY BY Name 

address   name                                 
-------   ----                                 
00003087  ADC0_IRQHandler                      
00003087  ADC1_IRQHandler                      
00003087  AES_IRQHandler                       
0000308a  C$$EXIT                              
00003087  CANFD0_IRQHandler                    
00003087  DAC0_IRQHandler                      
000008c1  DC_MOTOR_PID                         
000023e9  DL_ADC12_setClockConfig              
0000306d  DL_Common_delayCycles                
00001f6d  DL_I2C_fillControllerTXFIFO          
0000296b  DL_I2C_setClockConfig                
00002b05  DL_SYSCTL_configFCC                  
00001159  DL_SYSCTL_configSYSPLL               
00001de1  DL_SYSCTL_setHFCLKSourceHFXTParams   
0000231d  DL_SYSCTL_switchMCLKfromSYSOSCtoHSCLK
00000bad  DL_Timer_initFourCCPWMMode           
00000db1  DL_Timer_initTimerMode               
00002b91  DL_Timer_setCaptCompUpdateMethod     
00002d85  DL_Timer_setCaptureCompareOutCtl     
00003019  DL_Timer_setCaptureCompareValue      
00002bad  DL_Timer_setClockConfig              
0000228d  DL_UART_init                         
00002fa1  DL_UART_setClockConfig               
0000276d  DL_UART_transmitDataBlocking         
000029b5  DL_VREF_configReference              
00002fb3  DL_VREF_setClockConfig               
00003087  DMA_IRQHandler                       
00003087  Default_Handler                      
00003087  GROUP0_IRQHandler                    
00002361  GROUP1_IRQHandler                    
0000308b  HOSTexit                             
00003087  HardFault_Handler                    
00003087  I2C0_IRQHandler                      
00003087  I2C1_IRQHandler                      
00003087  NMI_Handler                          
20200194  PWM_1_duty                           
20200198  PWM_2_duty                           
00003087  PendSV_Handler                       
00003087  RTC_IRQHandler                       
0000308f  Reset_Handler                        
00003087  SPI0_IRQHandler                      
00003087  SPI1_IRQHandler                      
00003087  SVC_Handler                          
000022d5  SYSCFG_DL_DEBUG_init                 
00000541  SYSCFG_DL_GPIO_init                  
00002739  SYSCFG_DL_MOTOR_PID_init             
000027cd  SYSCFG_DL_MPU6050_init               
000017d1  SYSCFG_DL_PWMAB_init                 
00001ca9  SYSCFG_DL_SERVO_init                 
00000ead  SYSCFG_DL_SYSCTL_SYSPLL_init         
00001a61  SYSCFG_DL_SYSCTL_init                
000028cd  SYSCFG_DL_VREF_init                  
000023a5  SYSCFG_DL_init                       
00001549  SYSCFG_DL_initPower                  
000021a9  SYSCFG_DL_xuanniu_init               
00003087  SysTick_Handler                      
00001fcd  TIMA0_IRQHandler                     
00003087  TIMA1_IRQHandler                     
00003087  TIMG0_IRQHandler                     
00003087  TIMG12_IRQHandler                    
00003087  TIMG6_IRQHandler                     
00003087  TIMG7_IRQHandler                     
00003087  TIMG8_IRQHandler                     
00002fc5  TI_memcpy_small                      
00003045  TI_memset_small                      
00003087  UART0_IRQHandler                     
00003087  UART1_IRQHandler                     
00003087  UART2_IRQHandler                     
00003087  UART3_IRQHandler                     
00002be5  UART_send_char                       
00002851  UART_send_string                     
20208000  __STACK_END                          
00000200  __STACK_SIZE                         
00000000  __TI_ATRegion0_region_sz             
00000000  __TI_ATRegion0_src_addr              
00000000  __TI_ATRegion0_trg_addr              
00000000  __TI_ATRegion1_region_sz             
00000000  __TI_ATRegion1_src_addr              
00000000  __TI_ATRegion1_trg_addr              
00000000  __TI_ATRegion2_region_sz             
00000000  __TI_ATRegion2_src_addr              
00000000  __TI_ATRegion2_trg_addr              
00003178  __TI_CINIT_Base                      
00003188  __TI_CINIT_Limit                     
00003188  __TI_CINIT_Warm                      
00003164  __TI_Handler_Table_Base              
00003170  __TI_Handler_Table_Limit             
000025dd  __TI_auto_init_nobinit_nopinit       
0000196d  __TI_decompress_lzss                 
00002fd7  __TI_decompress_none                 
ffffffff  __TI_pprof_out_hndl                  
000000c1  __TI_printfi_minimal                 
ffffffff  __TI_prof_data_size                  
ffffffff  __TI_prof_data_start                 
00000000  __TI_static_base__                   
00002e9d  __TI_zero_init_nomemset              
0000123f  __addsf3                             
00001b51  __aeabi_d2f                          
00001e45  __aeabi_dcmpeq                       
00001e81  __aeabi_dcmpge                       
00001e95  __aeabi_dcmpgt                       
00001e6d  __aeabi_dcmple                       
00001e59  __aeabi_dcmplt                       
00000f95  __aeabi_dmul                         
00002469  __aeabi_f2d                          
000026c9  __aeabi_f2iz                         
0000123f  __aeabi_fadd                         
00001ea9  __aeabi_fcmpeq                       
00001ee5  __aeabi_fcmpge                       
00001ef9  __aeabi_fcmpgt                       
00001ed1  __aeabi_fcmple                       
00001ebd  __aeabi_fcmplt                       
000018e9  __aeabi_fdiv                         
0000185d  __aeabi_fmul                         
00001235  __aeabi_fsub                         
00002565  __aeabi_i2f                          
0000196b  __aeabi_idiv0                        
00001b49  __aeabi_memcpy                       
00001b49  __aeabi_memcpy4                      
00001b49  __aeabi_memcpy8                      
00003029  __aeabi_memset                       
00003029  __aeabi_memset4                      
00003029  __aeabi_memset8                      
00002991  __aeabi_ui2d                         
000028f5  __aeabi_ui2f                         
00002429  __aeabi_uidiv                        
00002429  __aeabi_uidivmod                     
ffffffff  __binit__                            
00001d15  __cmpdf2                             
00002619  __cmpsf2                             
000018e9  __divsf3                             
00001d15  __eqdf2                              
00002619  __eqsf2                              
00002469  __extendsfdf2                        
000026c9  __fixsfsi                            
00002565  __floatsisf                          
00002991  __floatunsidf                        
000028f5  __floatunsisf                        
00001ad5  __gedf2                              
000025a1  __gesf2                              
00001ad5  __gtdf2                              
000025a1  __gtsf2                              
00001d15  __ledf2                              
00002619  __lesf2                              
00001d15  __ltdf2                              
00002619  __ltsf2                              
UNDEFED   __mpu_init                           
00000f95  __muldf3                             
00002655  __muldsi3                            
0000185d  __mulsf3                             
00001d15  __nedf2                              
00002619  __nesf2                              
20207e00  __stack                              
20200000  __start___llvm_prf_bits              
20200000  __start___llvm_prf_cnts              
20200000  __stop___llvm_prf_bits               
20200000  __stop___llvm_prf_cnts               
00001235  __subsf3                             
00001b51  __truncdfsf2                         
0000291d  _c_int00_noargs                      
UNDEFED   _system_post_cinit                   
00003093  _system_pre_init                     
00003081  abort                                
00000709  adjust_motor                         
ffffffff  binit                                
0000130d  calculate_speed                      
2020019c  counter_1_A                          
202001a0  counter_2_A                          
00002c01  delay_ms                             
20200000  gMOTOR_PIDBackup                     
202000bc  gSERVOBackup                         
2020015c  g_mpu6050                            
0000173d  huidu_get_value                      
2020018c  huidu_value                          
00000000  interruptVectors                     
202001a4  kd                                   
202001a8  ki                                   
202001ac  kp                                   
202001b0  last_error_1                         
202001b4  last_error_2                         
0000279d  limit_duty                           
0000169d  main                                 
000029d7  memccpy                              
000015f9  motor_init                           
00000cb1  motor_set_direction                  
000021f5  motor_set_duty                       
00000345  mpu6050_angle_control                
00000a75  mpu6050_init                         
00002f55  mpu6050_is_active                    
00002f69  mpu6050_release_control              
000019e9  mpu6050_set_target_yaw               
00001bc5  mpu6050_start_turn                   
000013d1  mpu6050_update_yaw                   
202001b8  prev_error_1                         
202001bc  prev_error_2                         
202001c8  speed_1                              
202001cc  speed_2                              
00002701  sprintf                              
202001d0  target_speed_1                       
202001d4  target_speed_2                       


GLOBAL SYMBOLS: SORTED BY Symbol Address 

address   name                                 
-------   ----                                 
00000000  __TI_ATRegion0_region_sz             
00000000  __TI_ATRegion0_src_addr              
00000000  __TI_ATRegion0_trg_addr              
00000000  __TI_ATRegion1_region_sz             
00000000  __TI_ATRegion1_src_addr              
00000000  __TI_ATRegion1_trg_addr              
00000000  __TI_ATRegion2_region_sz             
00000000  __TI_ATRegion2_src_addr              
00000000  __TI_ATRegion2_trg_addr              
00000000  __TI_static_base__                   
00000000  interruptVectors                     
000000c1  __TI_printfi_minimal                 
00000200  __STACK_SIZE                         
00000345  mpu6050_angle_control                
00000541  SYSCFG_DL_GPIO_init                  
00000709  adjust_motor                         
000008c1  DC_MOTOR_PID                         
00000a75  mpu6050_init                         
00000bad  DL_Timer_initFourCCPWMMode           
00000cb1  motor_set_direction                  
00000db1  DL_Timer_initTimerMode               
00000ead  SYSCFG_DL_SYSCTL_SYSPLL_init         
00000f95  __aeabi_dmul                         
00000f95  __muldf3                             
00001159  DL_SYSCTL_configSYSPLL               
00001235  __aeabi_fsub                         
00001235  __subsf3                             
0000123f  __addsf3                             
0000123f  __aeabi_fadd                         
0000130d  calculate_speed                      
000013d1  mpu6050_update_yaw                   
00001549  SYSCFG_DL_initPower                  
000015f9  motor_init                           
0000169d  main                                 
0000173d  huidu_get_value                      
000017d1  SYSCFG_DL_PWMAB_init                 
0000185d  __aeabi_fmul                         
0000185d  __mulsf3                             
000018e9  __aeabi_fdiv                         
000018e9  __divsf3                             
0000196b  __aeabi_idiv0                        
0000196d  __TI_decompress_lzss                 
000019e9  mpu6050_set_target_yaw               
00001a61  SYSCFG_DL_SYSCTL_init                
00001ad5  __gedf2                              
00001ad5  __gtdf2                              
00001b49  __aeabi_memcpy                       
00001b49  __aeabi_memcpy4                      
00001b49  __aeabi_memcpy8                      
00001b51  __aeabi_d2f                          
00001b51  __truncdfsf2                         
00001bc5  mpu6050_start_turn                   
00001ca9  SYSCFG_DL_SERVO_init                 
00001d15  __cmpdf2                             
00001d15  __eqdf2                              
00001d15  __ledf2                              
00001d15  __ltdf2                              
00001d15  __nedf2                              
00001de1  DL_SYSCTL_setHFCLKSourceHFXTParams   
00001e45  __aeabi_dcmpeq                       
00001e59  __aeabi_dcmplt                       
00001e6d  __aeabi_dcmple                       
00001e81  __aeabi_dcmpge                       
00001e95  __aeabi_dcmpgt                       
00001ea9  __aeabi_fcmpeq                       
00001ebd  __aeabi_fcmplt                       
00001ed1  __aeabi_fcmple                       
00001ee5  __aeabi_fcmpge                       
00001ef9  __aeabi_fcmpgt                       
00001f6d  DL_I2C_fillControllerTXFIFO          
00001fcd  TIMA0_IRQHandler                     
000021a9  SYSCFG_DL_xuanniu_init               
000021f5  motor_set_duty                       
0000228d  DL_UART_init                         
000022d5  SYSCFG_DL_DEBUG_init                 
0000231d  DL_SYSCTL_switchMCLKfromSYSOSCtoHSCLK
00002361  GROUP1_IRQHandler                    
000023a5  SYSCFG_DL_init                       
000023e9  DL_ADC12_setClockConfig              
00002429  __aeabi_uidiv                        
00002429  __aeabi_uidivmod                     
00002469  __aeabi_f2d                          
00002469  __extendsfdf2                        
00002565  __aeabi_i2f                          
00002565  __floatsisf                          
000025a1  __gesf2                              
000025a1  __gtsf2                              
000025dd  __TI_auto_init_nobinit_nopinit       
00002619  __cmpsf2                             
00002619  __eqsf2                              
00002619  __lesf2                              
00002619  __ltsf2                              
00002619  __nesf2                              
00002655  __muldsi3                            
000026c9  __aeabi_f2iz                         
000026c9  __fixsfsi                            
00002701  sprintf                              
00002739  SYSCFG_DL_MOTOR_PID_init             
0000276d  DL_UART_transmitDataBlocking         
0000279d  limit_duty                           
000027cd  SYSCFG_DL_MPU6050_init               
00002851  UART_send_string                     
000028cd  SYSCFG_DL_VREF_init                  
000028f5  __aeabi_ui2f                         
000028f5  __floatunsisf                        
0000291d  _c_int00_noargs                      
0000296b  DL_I2C_setClockConfig                
00002991  __aeabi_ui2d                         
00002991  __floatunsidf                        
000029b5  DL_VREF_configReference              
000029d7  memccpy                              
00002b05  DL_SYSCTL_configFCC                  
00002b91  DL_Timer_setCaptCompUpdateMethod     
00002bad  DL_Timer_setClockConfig              
00002be5  UART_send_char                       
00002c01  delay_ms                             
00002d85  DL_Timer_setCaptureCompareOutCtl     
00002e9d  __TI_zero_init_nomemset              
00002f55  mpu6050_is_active                    
00002f69  mpu6050_release_control              
00002fa1  DL_UART_setClockConfig               
00002fb3  DL_VREF_setClockConfig               
00002fc5  TI_memcpy_small                      
00002fd7  __TI_decompress_none                 
00003019  DL_Timer_setCaptureCompareValue      
00003029  __aeabi_memset                       
00003029  __aeabi_memset4                      
00003029  __aeabi_memset8                      
00003045  TI_memset_small                      
0000306d  DL_Common_delayCycles                
00003081  abort                                
00003087  ADC0_IRQHandler                      
00003087  ADC1_IRQHandler                      
00003087  AES_IRQHandler                       
00003087  CANFD0_IRQHandler                    
00003087  DAC0_IRQHandler                      
00003087  DMA_IRQHandler                       
00003087  Default_Handler                      
00003087  GROUP0_IRQHandler                    
00003087  HardFault_Handler                    
00003087  I2C0_IRQHandler                      
00003087  I2C1_IRQHandler                      
00003087  NMI_Handler                          
00003087  PendSV_Handler                       
00003087  RTC_IRQHandler                       
00003087  SPI0_IRQHandler                      
00003087  SPI1_IRQHandler                      
00003087  SVC_Handler                          
00003087  SysTick_Handler                      
00003087  TIMA1_IRQHandler                     
00003087  TIMG0_IRQHandler                     
00003087  TIMG12_IRQHandler                    
00003087  TIMG6_IRQHandler                     
00003087  TIMG7_IRQHandler                     
00003087  TIMG8_IRQHandler                     
00003087  UART0_IRQHandler                     
00003087  UART1_IRQHandler                     
00003087  UART2_IRQHandler                     
00003087  UART3_IRQHandler                     
0000308a  C$$EXIT                              
0000308b  HOSTexit                             
0000308f  Reset_Handler                        
00003093  _system_pre_init                     
00003164  __TI_Handler_Table_Base              
00003170  __TI_Handler_Table_Limit             
00003178  __TI_CINIT_Base                      
00003188  __TI_CINIT_Limit                     
00003188  __TI_CINIT_Warm                      
20200000  __start___llvm_prf_bits              
20200000  __start___llvm_prf_cnts              
20200000  __stop___llvm_prf_bits               
20200000  __stop___llvm_prf_cnts               
20200000  gMOTOR_PIDBackup                     
202000bc  gSERVOBackup                         
2020015c  g_mpu6050                            
2020018c  huidu_value                          
20200194  PWM_1_duty                           
20200198  PWM_2_duty                           
2020019c  counter_1_A                          
202001a0  counter_2_A                          
202001a4  kd                                   
202001a8  ki                                   
202001ac  kp                                   
202001b0  last_error_1                         
202001b4  last_error_2                         
202001b8  prev_error_1                         
202001bc  prev_error_2                         
202001c8  speed_1                              
202001cc  speed_2                              
202001d0  target_speed_1                       
202001d4  target_speed_2                       
20207e00  __stack                              
20208000  __STACK_END                          
ffffffff  __TI_pprof_out_hndl                  
ffffffff  __TI_prof_data_size                  
ffffffff  __TI_prof_data_start                 
ffffffff  __binit__                            
ffffffff  binit                                
UNDEFED   __mpu_init                           
UNDEFED   _system_post_cinit                   

[200 symbols]
