<?xml version="1.0" encoding="ISO-8859-1" ?>
<link_info>
   <banner>TI ARM Clang Linker Unix v4.0.2.LTS</banner>
   <copyright>Copyright (c) 1996-2018 Texas Instruments Incorporated</copyright>
   <command_line>/Users/rylum/ti/ti_cgt_arm_llvm_4.0.2.LTS/bin/tiarmlnk -I/Users/rylum/ti/ti_cgt_arm_llvm_4.0.2.LTS/lib -o 12_Encoder_Line_Car.out -m12_Encoder_Line_Car.map -i/Users/rylum/ti/mspm0_sdk_2_10_00_04/source -i/Users/rylum/workspace_ccstheia/12_Encoder_Line_Car -i/Users/rylum/workspace_ccstheia/12_Encoder_Line_Car/Debug/syscfg -i/Users/rylum/ti/ti_cgt_arm_llvm_4.0.2.LTS/lib --diag_wrap=off --display_error_number --warn_sections --xml_link_info=12_Encoder_Line_Car_linkInfo.xml --rom_model ./ti_msp_dl_config.o ./startup_mspm0g350x_ticlang.o ./main.o ./user_driver/delay.o ./user_driver/key.o ./user_driver/motor.o ./user_driver/mpu6050.o ./user_driver/uart.o -l./device_linker.cmd -ldevice.cmd.genlibs -llibc.a --start-group -llibc++.a -llibc++abi.a -llibc.a -llibsys.a -llibsysbm.a -llibclang_rt.builtins.a -llibclang_rt.profile.a --end-group --cg_opt_level=0</command_line>
   <link_time>0x6a69d403</link_time>
   <link_errors>0x0</link_errors>
   <output_file>/Users/rylum/workspace_ccstheia/12_Encoder_Line_Car/Debug/12_Encoder_Line_Car.out</output_file>
   <entry_point>
      <name>_c_int00_noargs</name>
      <address>0xee1</address>
   </entry_point>
   <input_file_list>
      <input_file id="fl-1">
         <path>/Users/rylum/workspace_ccstheia/12_Encoder_Line_Car/Debug/./</path>
         <kind>object</kind>
         <file>ti_msp_dl_config.o</file>
         <name>ti_msp_dl_config.o</name>
      </input_file>
      <input_file id="fl-2">
         <path>/Users/rylum/workspace_ccstheia/12_Encoder_Line_Car/Debug/./</path>
         <kind>object</kind>
         <file>startup_mspm0g350x_ticlang.o</file>
         <name>startup_mspm0g350x_ticlang.o</name>
      </input_file>
      <input_file id="fl-3">
         <path>/Users/rylum/workspace_ccstheia/12_Encoder_Line_Car/Debug/./</path>
         <kind>object</kind>
         <file>main.o</file>
         <name>main.o</name>
      </input_file>
      <input_file id="fl-4">
         <path>/Users/rylum/workspace_ccstheia/12_Encoder_Line_Car/Debug/./user_driver/</path>
         <kind>object</kind>
         <file>delay.o</file>
         <name>delay.o</name>
      </input_file>
      <input_file id="fl-5">
         <path>/Users/rylum/workspace_ccstheia/12_Encoder_Line_Car/Debug/./user_driver/</path>
         <kind>object</kind>
         <file>key.o</file>
         <name>key.o</name>
      </input_file>
      <input_file id="fl-6">
         <path>/Users/rylum/workspace_ccstheia/12_Encoder_Line_Car/Debug/./user_driver/</path>
         <kind>object</kind>
         <file>motor.o</file>
         <name>motor.o</name>
      </input_file>
      <input_file id="fl-7">
         <path>/Users/rylum/workspace_ccstheia/12_Encoder_Line_Car/Debug/./user_driver/</path>
         <kind>object</kind>
         <file>mpu6050.o</file>
         <name>mpu6050.o</name>
      </input_file>
      <input_file id="fl-8">
         <path>/Users/rylum/workspace_ccstheia/12_Encoder_Line_Car/Debug/./user_driver/</path>
         <kind>object</kind>
         <file>uart.o</file>
         <name>uart.o</name>
      </input_file>
      <input_file id="fl-15">
         <path>/Users/rylum/workspace_ccstheia/12_Encoder_Line_Car/Debug/</path>
         <kind>object</kind>
         <file>&lt;internal&gt;</file>
         <name>&lt;internal&gt;</name>
      </input_file>
      <input_file id="fl-16">
         <path>/Users/rylum/ti/mspm0_sdk_2_10_00_04/source/ti/driverlib/lib/ticlang/m0p/mspm0g1x0x_g3x0x/</path>
         <kind>archive</kind>
         <file>driverlib.a</file>
         <name>dl_common.o</name>
      </input_file>
      <input_file id="fl-17">
         <path>/Users/rylum/ti/mspm0_sdk_2_10_00_04/source/ti/driverlib/lib/ticlang/m0p/mspm0g1x0x_g3x0x/</path>
         <kind>archive</kind>
         <file>driverlib.a</file>
         <name>dl_i2c.o</name>
      </input_file>
      <input_file id="fl-18">
         <path>/Users/rylum/ti/mspm0_sdk_2_10_00_04/source/ti/driverlib/lib/ticlang/m0p/mspm0g1x0x_g3x0x/</path>
         <kind>archive</kind>
         <file>driverlib.a</file>
         <name>dl_timer.o</name>
      </input_file>
      <input_file id="fl-19">
         <path>/Users/rylum/ti/mspm0_sdk_2_10_00_04/source/ti/driverlib/lib/ticlang/m0p/mspm0g1x0x_g3x0x/</path>
         <kind>archive</kind>
         <file>driverlib.a</file>
         <name>dl_uart.o</name>
      </input_file>
      <input_file id="fl-1a">
         <path>/Users/rylum/ti/mspm0_sdk_2_10_00_04/source/ti/driverlib/lib/ticlang/m0p/mspm0g1x0x_g3x0x/</path>
         <kind>archive</kind>
         <file>driverlib.a</file>
         <name>dl_sysctl_mspm0g1x0x_g3x0x.o</name>
      </input_file>
      <input_file id="fl-31">
         <path>/Users/rylum/ti/ti_cgt_arm_llvm_4.0.2.LTS/lib/armv6m-ti-none-eabi/c/</path>
         <kind>archive</kind>
         <file>libc.a</file>
         <name>copy_zero_init.c.obj</name>
      </input_file>
      <input_file id="fl-32">
         <path>/Users/rylum/ti/ti_cgt_arm_llvm_4.0.2.LTS/lib/armv6m-ti-none-eabi/c/</path>
         <kind>archive</kind>
         <file>libc.a</file>
         <name>copy_decompress_none.c.obj</name>
      </input_file>
      <input_file id="fl-33">
         <path>/Users/rylum/ti/ti_cgt_arm_llvm_4.0.2.LTS/lib/armv6m-ti-none-eabi/c/</path>
         <kind>archive</kind>
         <file>libc.a</file>
         <name>copy_decompress_lzss.c.obj</name>
      </input_file>
      <input_file id="fl-34">
         <path>/Users/rylum/ti/ti_cgt_arm_llvm_4.0.2.LTS/lib/armv6m-ti-none-eabi/c/</path>
         <kind>archive</kind>
         <file>libc.a</file>
         <name>boot_cortex_m.c.obj</name>
      </input_file>
      <input_file id="fl-35">
         <path>/Users/rylum/ti/ti_cgt_arm_llvm_4.0.2.LTS/lib/armv6m-ti-none-eabi/c/</path>
         <kind>archive</kind>
         <file>libc.a</file>
         <name>mathacl_init.c.obj</name>
      </input_file>
      <input_file id="fl-36">
         <path>/Users/rylum/ti/ti_cgt_arm_llvm_4.0.2.LTS/lib/armv6m-ti-none-eabi/c/</path>
         <kind>archive</kind>
         <file>libc.a</file>
         <name>exit.c.obj</name>
      </input_file>
      <input_file id="fl-37">
         <path>/Users/rylum/ti/ti_cgt_arm_llvm_4.0.2.LTS/lib/armv6m-ti-none-eabi/c/</path>
         <kind>archive</kind>
         <file>libc.a</file>
         <name>_lock.c.obj</name>
      </input_file>
      <input_file id="fl-38">
         <path>/Users/rylum/ti/ti_cgt_arm_llvm_4.0.2.LTS/lib/armv6m-ti-none-eabi/c/</path>
         <kind>archive</kind>
         <file>libc.a</file>
         <name>args_main.c.obj</name>
      </input_file>
      <input_file id="fl-39">
         <path>/Users/rylum/ti/ti_cgt_arm_llvm_4.0.2.LTS/lib/armv6m-ti-none-eabi/c/</path>
         <kind>archive</kind>
         <file>libc.a</file>
         <name>autoinit.c.obj</name>
      </input_file>
      <input_file id="fl-3a">
         <path>/Users/rylum/ti/ti_cgt_arm_llvm_4.0.2.LTS/lib/armv6m-ti-none-eabi/c/</path>
         <kind>archive</kind>
         <file>libc.a</file>
         <name>pre_init.c.obj</name>
      </input_file>
      <input_file id="fl-3b">
         <path>/Users/rylum/ti/ti_cgt_arm_llvm_4.0.2.LTS/lib/armv6m-ti-none-eabi/c/</path>
         <kind>archive</kind>
         <file>libc.a</file>
         <name>cpy_tbl.c.obj</name>
      </input_file>
      <input_file id="fl-db">
         <path>/Users/rylum/ti/ti_cgt_arm_llvm_4.0.2.LTS/lib/armv6m-ti-none-eabi/c/</path>
         <kind>archive</kind>
         <file>libsysbm.a</file>
         <name>hostexit.c.obj</name>
      </input_file>
      <input_file id="fl-dc">
         <path>/Users/rylum/ti/ti_cgt_arm_llvm_4.0.2.LTS/lib/armv6m-ti-none-eabi/</path>
         <kind>archive</kind>
         <file>libclang_rt.builtins.a</file>
         <name>addsf3.S.obj</name>
      </input_file>
      <input_file id="fl-dd">
         <path>/Users/rylum/ti/ti_cgt_arm_llvm_4.0.2.LTS/lib/armv6m-ti-none-eabi/</path>
         <kind>archive</kind>
         <file>libclang_rt.builtins.a</file>
         <name>mulsf3.S.obj</name>
      </input_file>
      <input_file id="fl-de">
         <path>/Users/rylum/ti/ti_cgt_arm_llvm_4.0.2.LTS/lib/armv6m-ti-none-eabi/</path>
         <kind>archive</kind>
         <file>libclang_rt.builtins.a</file>
         <name>divsf3.S.obj</name>
      </input_file>
      <input_file id="fl-df">
         <path>/Users/rylum/ti/ti_cgt_arm_llvm_4.0.2.LTS/lib/armv6m-ti-none-eabi/</path>
         <kind>archive</kind>
         <file>libclang_rt.builtins.a</file>
         <name>floatsisf.S.obj</name>
      </input_file>
      <input_file id="fl-e0">
         <path>/Users/rylum/ti/ti_cgt_arm_llvm_4.0.2.LTS/lib/armv6m-ti-none-eabi/</path>
         <kind>archive</kind>
         <file>libclang_rt.builtins.a</file>
         <name>floatunsidf.S.obj</name>
      </input_file>
      <input_file id="fl-e1">
         <path>/Users/rylum/ti/ti_cgt_arm_llvm_4.0.2.LTS/lib/armv6m-ti-none-eabi/</path>
         <kind>archive</kind>
         <file>libclang_rt.builtins.a</file>
         <name>aeabi_dcmp.S.obj</name>
      </input_file>
      <input_file id="fl-e2">
         <path>/Users/rylum/ti/ti_cgt_arm_llvm_4.0.2.LTS/lib/armv6m-ti-none-eabi/</path>
         <kind>archive</kind>
         <file>libclang_rt.builtins.a</file>
         <name>aeabi_fcmp.S.obj</name>
      </input_file>
      <input_file id="fl-e3">
         <path>/Users/rylum/ti/ti_cgt_arm_llvm_4.0.2.LTS/lib/armv6m-ti-none-eabi/</path>
         <kind>archive</kind>
         <file>libclang_rt.builtins.a</file>
         <name>aeabi_memcpy.S.obj</name>
      </input_file>
      <input_file id="fl-e4">
         <path>/Users/rylum/ti/ti_cgt_arm_llvm_4.0.2.LTS/lib/armv6m-ti-none-eabi/</path>
         <kind>archive</kind>
         <file>libclang_rt.builtins.a</file>
         <name>aeabi_memset.S.obj</name>
      </input_file>
      <input_file id="fl-e5">
         <path>/Users/rylum/ti/ti_cgt_arm_llvm_4.0.2.LTS/lib/armv6m-ti-none-eabi/</path>
         <kind>archive</kind>
         <file>libclang_rt.builtins.a</file>
         <name>aeabi_uidivmod.S.obj</name>
      </input_file>
      <input_file id="fl-e6">
         <path>/Users/rylum/ti/ti_cgt_arm_llvm_4.0.2.LTS/lib/armv6m-ti-none-eabi/</path>
         <kind>archive</kind>
         <file>libclang_rt.builtins.a</file>
         <name>comparesf2.S.obj</name>
      </input_file>
      <input_file id="fl-e7">
         <path>/Users/rylum/ti/ti_cgt_arm_llvm_4.0.2.LTS/lib/armv6m-ti-none-eabi/</path>
         <kind>archive</kind>
         <file>libclang_rt.builtins.a</file>
         <name>muldsi3.S.obj</name>
      </input_file>
      <input_file id="fl-e8">
         <path>/Users/rylum/ti/ti_cgt_arm_llvm_4.0.2.LTS/lib/armv6m-ti-none-eabi/</path>
         <kind>archive</kind>
         <file>libclang_rt.builtins.a</file>
         <name>comparedf2.c.obj</name>
      </input_file>
      <input_file id="fl-e9">
         <path>/Users/rylum/ti/ti_cgt_arm_llvm_4.0.2.LTS/lib/armv6m-ti-none-eabi/</path>
         <kind>archive</kind>
         <file>libclang_rt.builtins.a</file>
         <name>aeabi_div0.c.obj</name>
      </input_file>
      <input_file id="fl-ea">
         <path>/Users/rylum/ti/ti_cgt_arm_llvm_4.0.2.LTS/lib/armv6m-ti-none-eabi/c/</path>
         <kind>archive</kind>
         <file>libc.a</file>
         <name>memcpy16.S.obj</name>
      </input_file>
      <input_file id="fl-eb">
         <path>/Users/rylum/ti/ti_cgt_arm_llvm_4.0.2.LTS/lib/armv6m-ti-none-eabi/c/</path>
         <kind>archive</kind>
         <file>libc.a</file>
         <name>memset16.S.obj</name>
      </input_file>
   </input_file_list>
   <object_component_list>
      <object_component id="oc-18">
         <name>.intvecs</name>
         <load_address>0x0</load_address>
         <readonly>true</readonly>
         <run_address>0x0</run_address>
         <size>0xc0</size>
         <alignment>0x4</alignment>
         <input_file_ref idref="fl-2"/>
      </object_component>
      <object_component id="oc-ad">
         <name>.text.SYSCFG_DL_GPIO_init</name>
         <load_address>0xc0</load_address>
         <readonly>true</readonly>
         <executable>true</executable>
         <run_address>0xc0</run_address>
         <size>0x1ec</size>
         <alignment>0x4</alignment>
         <input_file_ref idref="fl-1"/>
      </object_component>
      <object_component id="oc-fc">
         <name>.text.DL_Timer_initFourCCPWMMode</name>
         <load_address>0x2ac</load_address>
         <readonly>true</readonly>
         <executable>true</executable>
         <run_address>0x2ac</run_address>
         <size>0x104</size>
         <alignment>0x4</alignment>
         <input_file_ref idref="fl-18"/>
      </object_component>
      <object_component id="oc-107">
         <name>.text.DL_Timer_initTimerMode</name>
         <load_address>0x3b0</load_address>
         <readonly>true</readonly>
         <executable>true</executable>
         <run_address>0x3b0</run_address>
         <size>0xfc</size>
         <alignment>0x4</alignment>
         <input_file_ref idref="fl-18"/>
      </object_component>
      <object_component id="oc-f0">
         <name>.text.SYSCFG_DL_SYSCTL_SYSPLL_init</name>
         <load_address>0x4ac</load_address>
         <readonly>true</readonly>
         <executable>true</executable>
         <run_address>0x4ac</run_address>
         <size>0xe8</size>
         <alignment>0x4</alignment>
         <input_file_ref idref="fl-1"/>
      </object_component>
      <object_component id="oc-ef">
         <name>.text.DL_SYSCTL_configSYSPLL</name>
         <load_address>0x594</load_address>
         <readonly>true</readonly>
         <executable>true</executable>
         <run_address>0x594</run_address>
         <size>0xdc</size>
         <alignment>0x4</alignment>
         <input_file_ref idref="fl-1a"/>
      </object_component>
      <object_component id="oc-ac">
         <name>.text.SYSCFG_DL_initPower</name>
         <load_address>0x670</load_address>
         <readonly>true</readonly>
         <executable>true</executable>
         <run_address>0x670</run_address>
         <size>0xa0</size>
         <alignment>0x4</alignment>
         <input_file_ref idref="fl-1"/>
      </object_component>
      <object_component id="oc-b0">
         <name>.text.SYSCFG_DL_PWMAB_init</name>
         <load_address>0x710</load_address>
         <readonly>true</readonly>
         <executable>true</executable>
         <run_address>0x710</run_address>
         <size>0x8c</size>
         <alignment>0x4</alignment>
         <input_file_ref idref="fl-1"/>
      </object_component>
      <object_component id="oc-1c">
         <name>.text:decompress:lzss</name>
         <load_address>0x79c</load_address>
         <readonly>true</readonly>
         <executable>true</executable>
         <run_address>0x79c</run_address>
         <size>0x7c</size>
         <alignment>0x4</alignment>
         <input_file_ref idref="fl-33"/>
      </object_component>
      <object_component id="oc-ae">
         <name>.text.SYSCFG_DL_SYSCTL_init</name>
         <load_address>0x818</load_address>
         <readonly>true</readonly>
         <executable>true</executable>
         <run_address>0x818</run_address>
         <size>0x74</size>
         <alignment>0x4</alignment>
         <input_file_ref idref="fl-1"/>
      </object_component>
      <object_component id="oc-15e">
         <name>.text.__gedf2</name>
         <load_address>0x88c</load_address>
         <readonly>true</readonly>
         <executable>true</executable>
         <run_address>0x88c</run_address>
         <size>0x74</size>
         <alignment>0x4</alignment>
         <input_file_ref idref="fl-e8"/>
      </object_component>
      <object_component id="oc-af">
         <name>.text.SYSCFG_DL_SERVO_init</name>
         <load_address>0x900</load_address>
         <readonly>true</readonly>
         <executable>true</executable>
         <run_address>0x900</run_address>
         <size>0x6c</size>
         <alignment>0x4</alignment>
         <input_file_ref idref="fl-1"/>
      </object_component>
      <object_component id="oc-158">
         <name>.text.__ledf2</name>
         <load_address>0x96c</load_address>
         <readonly>true</readonly>
         <executable>true</executable>
         <run_address>0x96c</run_address>
         <size>0x68</size>
         <alignment>0x4</alignment>
         <input_file_ref idref="fl-e8"/>
      </object_component>
      <object_component id="oc-e9">
         <name>.text.DL_SYSCTL_setHFCLKSourceHFXTParams</name>
         <load_address>0x9d4</load_address>
         <readonly>true</readonly>
         <executable>true</executable>
         <run_address>0x9d4</run_address>
         <size>0x64</size>
         <alignment>0x4</alignment>
         <input_file_ref idref="fl-1a"/>
      </object_component>
      <object_component id="oc-147">
         <name>.text.__aeabi_dcmp</name>
         <load_address>0xa38</load_address>
         <readonly>true</readonly>
         <executable>true</executable>
         <run_address>0xa38</run_address>
         <size>0x62</size>
         <alignment>0x4</alignment>
         <input_file_ref idref="fl-e1"/>
      </object_component>
      <object_component id="oc-151">
         <name>.text.__aeabi_idiv0</name>
         <load_address>0xa9a</load_address>
         <readonly>true</readonly>
         <executable>true</executable>
         <run_address>0xa9a</run_address>
         <size>0x2</size>
         <alignment>0x2</alignment>
         <input_file_ref idref="fl-e9"/>
      </object_component>
      <object_component id="oc-b2">
         <name>.text.SYSCFG_DL_EXPANSION_I2C_init</name>
         <load_address>0xa9c</load_address>
         <readonly>true</readonly>
         <executable>true</executable>
         <run_address>0xa9c</run_address>
         <size>0x58</size>
         <alignment>0x4</alignment>
         <input_file_ref idref="fl-1"/>
      </object_component>
      <object_component id="oc-da">
         <name>.text.DL_GPIO_initPeripheralInputFunctionFeatures</name>
         <load_address>0xaf4</load_address>
         <readonly>true</readonly>
         <executable>true</executable>
         <run_address>0xaf4</run_address>
         <size>0x50</size>
         <alignment>0x4</alignment>
         <input_file_ref idref="fl-1"/>
      </object_component>
      <object_component id="oc-de">
         <name>.text.DL_GPIO_initDigitalInputFeatures</name>
         <load_address>0xb44</load_address>
         <readonly>true</readonly>
         <executable>true</executable>
         <run_address>0xb44</run_address>
         <size>0x4c</size>
         <alignment>0x4</alignment>
         <input_file_ref idref="fl-1"/>
      </object_component>
      <object_component id="oc-122">
         <name>.text.DL_UART_setBaudRateDivisor</name>
         <load_address>0xb90</load_address>
         <readonly>true</readonly>
         <executable>true</executable>
         <run_address>0xb90</run_address>
         <size>0x4c</size>
         <alignment>0x4</alignment>
         <input_file_ref idref="fl-1"/>
      </object_component>
      <object_component id="oc-120">
         <name>.text.DL_UART_init</name>
         <load_address>0xbdc</load_address>
         <readonly>true</readonly>
         <executable>true</executable>
         <run_address>0xbdc</run_address>
         <size>0x48</size>
         <alignment>0x4</alignment>
         <input_file_ref idref="fl-19"/>
      </object_component>
      <object_component id="oc-b3">
         <name>.text.SYSCFG_DL_DEBUG_init</name>
         <load_address>0xc24</load_address>
         <readonly>true</readonly>
         <executable>true</executable>
         <run_address>0xc24</run_address>
         <size>0x48</size>
         <alignment>0x4</alignment>
         <input_file_ref idref="fl-1"/>
      </object_component>
      <object_component id="oc-85">
         <name>.text.SYSCFG_DL_init</name>
         <load_address>0xc6c</load_address>
         <readonly>true</readonly>
         <executable>true</executable>
         <run_address>0xc6c</run_address>
         <size>0x48</size>
         <alignment>0x4</alignment>
         <input_file_ref idref="fl-1"/>
      </object_component>
      <object_component id="oc-f4">
         <name>.text.DL_SYSCTL_switchMCLKfromSYSOSCtoHSCLK</name>
         <load_address>0xcb4</load_address>
         <readonly>true</readonly>
         <executable>true</executable>
         <run_address>0xcb4</run_address>
         <size>0x44</size>
         <alignment>0x4</alignment>
         <input_file_ref idref="fl-1a"/>
      </object_component>
      <object_component id="oc-34">
         <name>.text.GROUP1_IRQHandler</name>
         <load_address>0xcf8</load_address>
         <readonly>true</readonly>
         <executable>true</executable>
         <run_address>0xcf8</run_address>
         <size>0x44</size>
         <alignment>0x4</alignment>
         <input_file_ref idref="fl-5"/>
      </object_component>
      <object_component id="oc-b4">
         <name>.text.SYSCFG_DL_K230_LINK_init</name>
         <load_address>0xd3c</load_address>
         <readonly>true</readonly>
         <executable>true</executable>
         <run_address>0xd3c</run_address>
         <size>0x40</size>
         <alignment>0x4</alignment>
         <input_file_ref idref="fl-1"/>
      </object_component>
      <object_component id="oc-13f">
         <name>.text.__aeabi_uidivmod</name>
         <load_address>0xd7c</load_address>
         <readonly>true</readonly>
         <executable>true</executable>
         <run_address>0xd7c</run_address>
         <size>0x40</size>
         <alignment>0x4</alignment>
         <input_file_ref idref="fl-e5"/>
      </object_component>
      <object_component id="oc-fd">
         <name>.text.DL_Timer_setCounterControl</name>
         <load_address>0xdbc</load_address>
         <readonly>true</readonly>
         <executable>true</executable>
         <run_address>0xdbc</run_address>
         <size>0x3c</size>
         <alignment>0x4</alignment>
         <input_file_ref idref="fl-1"/>
      </object_component>
      <object_component id="oc-93">
         <name>.text:__TI_auto_init_nobinit_nopinit</name>
         <load_address>0xdf8</load_address>
         <readonly>true</readonly>
         <executable>true</executable>
         <run_address>0xdf8</run_address>
         <size>0x3c</size>
         <alignment>0x4</alignment>
         <input_file_ref idref="fl-39"/>
      </object_component>
      <object_component id="oc-b1">
         <name>.text.SYSCFG_DL_CONTROL_LOOP_init</name>
         <load_address>0xe34</load_address>
         <readonly>true</readonly>
         <executable>true</executable>
         <run_address>0xe34</run_address>
         <size>0x34</size>
         <alignment>0x4</alignment>
         <input_file_ref idref="fl-1"/>
      </object_component>
      <object_component id="oc-137">
         <name>.text.DL_Common_updateReg</name>
         <load_address>0xe68</load_address>
         <readonly>true</readonly>
         <executable>true</executable>
         <run_address>0xe68</run_address>
         <size>0x28</size>
         <alignment>0x2</alignment>
         <input_file_ref idref="fl-1"/>
      </object_component>
      <object_component id="oc-116">
         <name>.text.DL_I2C_setControllerRXFIFOThreshold</name>
         <load_address>0xe90</load_address>
         <readonly>true</readonly>
         <executable>true</executable>
         <run_address>0xe90</run_address>
         <size>0x28</size>
         <alignment>0x4</alignment>
         <input_file_ref idref="fl-1"/>
      </object_component>
      <object_component id="oc-115">
         <name>.text.DL_I2C_setControllerTXFIFOThreshold</name>
         <load_address>0xeb8</load_address>
         <readonly>true</readonly>
         <executable>true</executable>
         <run_address>0xeb8</run_address>
         <size>0x28</size>
         <alignment>0x4</alignment>
         <input_file_ref idref="fl-1"/>
      </object_component>
      <object_component id="oc-54">
         <name>.text:_c_int00_noargs</name>
         <load_address>0xee0</load_address>
         <readonly>true</readonly>
         <executable>true</executable>
         <run_address>0xee0</run_address>
         <size>0x28</size>
         <alignment>0x4</alignment>
         <input_file_ref idref="fl-34"/>
      </object_component>
      <object_component id="oc-111">
         <name>.text.DL_I2C_setAnalogGlitchFilterPulseWidth</name>
         <load_address>0xf08</load_address>
         <readonly>true</readonly>
         <executable>true</executable>
         <run_address>0xf08</run_address>
         <size>0x26</size>
         <alignment>0x2</alignment>
         <input_file_ref idref="fl-1"/>
      </object_component>
      <object_component id="oc-10b">
         <name>.text.DL_I2C_setClockConfig</name>
         <load_address>0xf2e</load_address>
         <readonly>true</readonly>
         <executable>true</executable>
         <run_address>0xf2e</run_address>
         <size>0x26</size>
         <alignment>0x2</alignment>
         <input_file_ref idref="fl-17"/>
      </object_component>
      <object_component id="oc-143">
         <name>.text.__floatunsidf</name>
         <load_address>0xf54</load_address>
         <readonly>true</readonly>
         <executable>true</executable>
         <run_address>0xf54</run_address>
         <size>0x24</size>
         <alignment>0x4</alignment>
         <input_file_ref idref="fl-e0"/>
      </object_component>
      <object_component id="oc-dc">
         <name>.text.DL_GPIO_initPeripheralInputFunction</name>
         <load_address>0xf78</load_address>
         <readonly>true</readonly>
         <executable>true</executable>
         <run_address>0xf78</run_address>
         <size>0x20</size>
         <alignment>0x4</alignment>
         <input_file_ref idref="fl-1"/>
      </object_component>
      <object_component id="oc-e5">
         <name>.text.DL_SYSCTL_setFlashWaitState</name>
         <load_address>0xf98</load_address>
         <readonly>true</readonly>
         <executable>true</executable>
         <run_address>0xf98</run_address>
         <size>0x20</size>
         <alignment>0x4</alignment>
         <input_file_ref idref="fl-1"/>
      </object_component>
      <object_component id="oc-121">
         <name>.text.DL_UART_setOversampling</name>
         <load_address>0xfb8</load_address>
         <readonly>true</readonly>
         <executable>true</executable>
         <run_address>0xfb8</run_address>
         <size>0x1e</size>
         <alignment>0x2</alignment>
         <input_file_ref idref="fl-1"/>
      </object_component>
      <object_component id="oc-e2">
         <name>.text.DL_GPIO_clearInterruptStatus</name>
         <load_address>0xfd8</load_address>
         <readonly>true</readonly>
         <executable>true</executable>
         <run_address>0xfd8</run_address>
         <size>0x1c</size>
         <alignment>0x4</alignment>
         <input_file_ref idref="fl-1"/>
      </object_component>
      <object_component id="oc-db">
         <name>.text.DL_GPIO_enableHiZ</name>
         <load_address>0xff4</load_address>
         <readonly>true</readonly>
         <executable>true</executable>
         <run_address>0xff4</run_address>
         <size>0x1c</size>
         <alignment>0x4</alignment>
         <input_file_ref idref="fl-1"/>
      </object_component>
      <object_component id="oc-e3">
         <name>.text.DL_GPIO_enableInterrupt</name>
         <load_address>0x1010</load_address>
         <readonly>true</readonly>
         <executable>true</executable>
         <run_address>0x1010</run_address>
         <size>0x1c</size>
         <alignment>0x4</alignment>
         <input_file_ref idref="fl-1"/>
      </object_component>
      <object_component id="oc-d8">
         <name>.text.DL_GPIO_initPeripheralOutputFunction</name>
         <load_address>0x102c</load_address>
         <readonly>true</readonly>
         <executable>true</executable>
         <run_address>0x102c</run_address>
         <size>0x1c</size>
         <alignment>0x4</alignment>
         <input_file_ref idref="fl-1"/>
      </object_component>
      <object_component id="oc-e0">
         <name>.text.DL_GPIO_setLowerPinsPolarity</name>
         <load_address>0x1048</load_address>
         <readonly>true</readonly>
         <executable>true</executable>
         <run_address>0x1048</run_address>
         <size>0x1c</size>
         <alignment>0x4</alignment>
         <input_file_ref idref="fl-1"/>
      </object_component>
      <object_component id="oc-13b">
         <name>.text.DL_SYSCTL_configFCC</name>
         <load_address>0x1064</load_address>
         <readonly>true</readonly>
         <executable>true</executable>
         <run_address>0x1064</run_address>
         <size>0x1c</size>
         <alignment>0x4</alignment>
         <input_file_ref idref="fl-1a"/>
      </object_component>
      <object_component id="oc-13a">
         <name>.text.DL_SYSCTL_setFCCPeriods</name>
         <load_address>0x1080</load_address>
         <readonly>true</readonly>
         <executable>true</executable>
         <run_address>0x1080</run_address>
         <size>0x1c</size>
         <alignment>0x4</alignment>
         <input_file_ref idref="fl-1"/>
      </object_component>
      <object_component id="oc-e6">
         <name>.text.DL_SYSCTL_setSYSOSCFreq</name>
         <load_address>0x109c</load_address>
         <readonly>true</readonly>
         <executable>true</executable>
         <run_address>0x109c</run_address>
         <size>0x1c</size>
         <alignment>0x4</alignment>
         <input_file_ref idref="fl-1"/>
      </object_component>
      <object_component id="oc-f3">
         <name>.text.DL_SYSCTL_setULPCLKDivider</name>
         <load_address>0x10b8</load_address>
         <readonly>true</readonly>
         <executable>true</executable>
         <run_address>0x10b8</run_address>
         <size>0x1c</size>
         <alignment>0x4</alignment>
         <input_file_ref idref="fl-1"/>
      </object_component>
      <object_component id="oc-108">
         <name>.text.DL_Timer_enableInterrupt</name>
         <load_address>0x10d4</load_address>
         <readonly>true</readonly>
         <executable>true</executable>
         <run_address>0x10d4</run_address>
         <size>0x1c</size>
         <alignment>0x4</alignment>
         <input_file_ref idref="fl-1"/>
      </object_component>
      <object_component id="oc-ff">
         <name>.text.DL_Timer_setCaptCompUpdateMethod</name>
         <load_address>0x10f0</load_address>
         <readonly>true</readonly>
         <executable>true</executable>
         <run_address>0x10f0</run_address>
         <size>0x1c</size>
         <alignment>0x4</alignment>
         <input_file_ref idref="fl-18"/>
      </object_component>
      <object_component id="oc-f6">
         <name>.text.DL_Timer_setClockConfig</name>
         <load_address>0x110c</load_address>
         <readonly>true</readonly>
         <executable>true</executable>
         <run_address>0x110c</run_address>
         <size>0x1c</size>
         <alignment>0x4</alignment>
         <input_file_ref idref="fl-18"/>
      </object_component>
      <object_component id="oc-123">
         <name>.text.DL_UART_enableInterrupt</name>
         <load_address>0x1128</load_address>
         <readonly>true</readonly>
         <executable>true</executable>
         <run_address>0x1128</run_address>
         <size>0x1c</size>
         <alignment>0x4</alignment>
         <input_file_ref idref="fl-1"/>
      </object_component>
      <object_component id="oc-d9">
         <name>.text.DL_GPIO_enableOutput</name>
         <load_address>0x1144</load_address>
         <readonly>true</readonly>
         <executable>true</executable>
         <run_address>0x1144</run_address>
         <size>0x18</size>
         <alignment>0x4</alignment>
         <input_file_ref idref="fl-1"/>
      </object_component>
      <object_component id="oc-cf">
         <name>.text.DL_GPIO_enablePower</name>
         <load_address>0x115c</load_address>
         <readonly>true</readonly>
         <executable>true</executable>
         <run_address>0x115c</run_address>
         <size>0x18</size>
         <alignment>0x4</alignment>
         <input_file_ref idref="fl-1"/>
      </object_component>
      <object_component id="oc-dd">
         <name>.text.DL_GPIO_initDigitalOutput</name>
         <load_address>0x1174</load_address>
         <readonly>true</readonly>
         <executable>true</executable>
         <run_address>0x1174</run_address>
         <size>0x18</size>
         <alignment>0x4</alignment>
         <input_file_ref idref="fl-1"/>
      </object_component>
      <object_component id="oc-d7">
         <name>.text.DL_GPIO_initPeripheralAnalogFunction</name>
         <load_address>0x118c</load_address>
         <readonly>true</readonly>
         <executable>true</executable>
         <run_address>0x118c</run_address>
         <size>0x18</size>
         <alignment>0x4</alignment>
         <input_file_ref idref="fl-1"/>
      </object_component>
      <object_component id="oc-cb">
         <name>.text.DL_GPIO_reset</name>
         <load_address>0x11a4</load_address>
         <readonly>true</readonly>
         <executable>true</executable>
         <run_address>0x11a4</run_address>
         <size>0x18</size>
         <alignment>0x4</alignment>
         <input_file_ref idref="fl-1"/>
      </object_component>
      <object_component id="oc-e1">
         <name>.text.DL_GPIO_setUpperPinsPolarity</name>
         <load_address>0x11bc</load_address>
         <readonly>true</readonly>
         <executable>true</executable>
         <run_address>0x11bc</run_address>
         <size>0x18</size>
         <alignment>0x2</alignment>
         <input_file_ref idref="fl-1"/>
      </object_component>
      <object_component id="oc-112">
         <name>.text.DL_I2C_enableAnalogGlitchFilter</name>
         <load_address>0x11d4</load_address>
         <readonly>true</readonly>
         <executable>true</executable>
         <run_address>0x11d4</run_address>
         <size>0x18</size>
         <alignment>0x2</alignment>
         <input_file_ref idref="fl-1"/>
      </object_component>
      <object_component id="oc-118">
         <name>.text.DL_I2C_enableController</name>
         <load_address>0x11ec</load_address>
         <readonly>true</readonly>
         <executable>true</executable>
         <run_address>0x11ec</run_address>
         <size>0x18</size>
         <alignment>0x4</alignment>
         <input_file_ref idref="fl-1"/>
      </object_component>
      <object_component id="oc-117">
         <name>.text.DL_I2C_enableControllerClockStretching</name>
         <load_address>0x1204</load_address>
         <readonly>true</readonly>
         <executable>true</executable>
         <run_address>0x1204</run_address>
         <size>0x18</size>
         <alignment>0x4</alignment>
         <input_file_ref idref="fl-1"/>
      </object_component>
      <object_component id="oc-d1">
         <name>.text.DL_I2C_enablePower</name>
         <load_address>0x121c</load_address>
         <readonly>true</readonly>
         <executable>true</executable>
         <run_address>0x121c</run_address>
         <size>0x18</size>
         <alignment>0x4</alignment>
         <input_file_ref idref="fl-1"/>
      </object_component>
      <object_component id="oc-cd">
         <name>.text.DL_I2C_reset</name>
         <load_address>0x1234</load_address>
         <readonly>true</readonly>
         <executable>true</executable>
         <run_address>0x1234</run_address>
         <size>0x18</size>
         <alignment>0x4</alignment>
         <input_file_ref idref="fl-1"/>
      </object_component>
      <object_component id="oc-114">
         <name>.text.DL_I2C_setTimerPeriod</name>
         <load_address>0x124c</load_address>
         <readonly>true</readonly>
         <executable>true</executable>
         <run_address>0x124c</run_address>
         <size>0x18</size>
         <alignment>0x4</alignment>
         <input_file_ref idref="fl-1"/>
      </object_component>
      <object_component id="oc-e4">
         <name>.text.DL_SYSCTL_setBORThreshold</name>
         <load_address>0x1264</load_address>
         <readonly>true</readonly>
         <executable>true</executable>
         <run_address>0x1264</run_address>
         <size>0x18</size>
         <alignment>0x4</alignment>
         <input_file_ref idref="fl-1"/>
      </object_component>
      <object_component id="oc-d0">
         <name>.text.DL_Timer_enablePower</name>
         <load_address>0x127c</load_address>
         <readonly>true</readonly>
         <executable>true</executable>
         <run_address>0x127c</run_address>
         <size>0x18</size>
         <alignment>0x4</alignment>
         <input_file_ref idref="fl-1"/>
      </object_component>
      <object_component id="oc-cc">
         <name>.text.DL_Timer_reset</name>
         <load_address>0x1294</load_address>
         <readonly>true</readonly>
         <executable>true</executable>
         <run_address>0x1294</run_address>
         <size>0x18</size>
         <alignment>0x4</alignment>
         <input_file_ref idref="fl-1"/>
      </object_component>
      <object_component id="oc-fe">
         <name>.text.DL_Timer_setCaptureCompareOutCtl</name>
         <load_address>0x12ac</load_address>
         <readonly>true</readonly>
         <executable>true</executable>
         <run_address>0x12ac</run_address>
         <size>0x18</size>
         <alignment>0x4</alignment>
         <input_file_ref idref="fl-18"/>
      </object_component>
      <object_component id="oc-d2">
         <name>.text.DL_UART_enablePower</name>
         <load_address>0x12c4</load_address>
         <readonly>true</readonly>
         <executable>true</executable>
         <run_address>0x12c4</run_address>
         <size>0x18</size>
         <alignment>0x4</alignment>
         <input_file_ref idref="fl-1"/>
      </object_component>
      <object_component id="oc-ce">
         <name>.text.DL_UART_reset</name>
         <load_address>0x12dc</load_address>
         <readonly>true</readonly>
         <executable>true</executable>
         <run_address>0x12dc</run_address>
         <size>0x18</size>
         <alignment>0x4</alignment>
         <input_file_ref idref="fl-1"/>
      </object_component>
      <object_component id="oc-124">
         <name>.text.DL_UART_enable</name>
         <load_address>0x12f4</load_address>
         <readonly>true</readonly>
         <executable>true</executable>
         <run_address>0x12f4</run_address>
         <size>0x16</size>
         <alignment>0x2</alignment>
         <input_file_ref idref="fl-1"/>
      </object_component>
      <object_component id="oc-4b">
         <name>.text:decompress:ZI:__TI_zero_init_nomemset</name>
         <load_address>0x130a</load_address>
         <readonly>true</readonly>
         <executable>true</executable>
         <run_address>0x130a</run_address>
         <size>0x16</size>
         <alignment>0x2</alignment>
         <input_file_ref idref="fl-31"/>
      </object_component>
      <object_component id="oc-df">
         <name>.text.DL_GPIO_clearPins</name>
         <load_address>0x1320</load_address>
         <readonly>true</readonly>
         <executable>true</executable>
         <run_address>0x1320</run_address>
         <size>0x14</size>
         <alignment>0x2</alignment>
         <input_file_ref idref="fl-1"/>
      </object_component>
      <object_component id="oc-113">
         <name>.text.DL_I2C_resetControllerTransfer</name>
         <load_address>0x1334</load_address>
         <readonly>true</readonly>
         <executable>true</executable>
         <run_address>0x1334</run_address>
         <size>0x14</size>
         <alignment>0x4</alignment>
         <input_file_ref idref="fl-1"/>
      </object_component>
      <object_component id="oc-e8">
         <name>.text.DL_SYSCTL_disableSYSPLL</name>
         <load_address>0x1348</load_address>
         <readonly>true</readonly>
         <executable>true</executable>
         <run_address>0x1348</run_address>
         <size>0x14</size>
         <alignment>0x4</alignment>
         <input_file_ref idref="fl-1"/>
      </object_component>
      <object_component id="oc-f1">
         <name>.text.DL_SYSCTL_enableSYSPLL</name>
         <load_address>0x135c</load_address>
         <readonly>true</readonly>
         <executable>true</executable>
         <run_address>0x135c</run_address>
         <size>0x14</size>
         <alignment>0x4</alignment>
         <input_file_ref idref="fl-1"/>
      </object_component>
      <object_component id="oc-101">
         <name>.text.DL_Timer_enableClock</name>
         <load_address>0x1370</load_address>
         <readonly>true</readonly>
         <executable>true</executable>
         <run_address>0x1370</run_address>
         <size>0x14</size>
         <alignment>0x4</alignment>
         <input_file_ref idref="fl-1"/>
      </object_component>
      <object_component id="oc-102">
         <name>.text.DL_Timer_setCCPDirection</name>
         <load_address>0x1384</load_address>
         <readonly>true</readonly>
         <executable>true</executable>
         <run_address>0x1384</run_address>
         <size>0x14</size>
         <alignment>0x2</alignment>
         <input_file_ref idref="fl-1"/>
      </object_component>
      <object_component id="oc-5b">
         <name>.text.DL_GPIO_getPendingInterrupt</name>
         <load_address>0x1398</load_address>
         <readonly>true</readonly>
         <executable>true</executable>
         <run_address>0x1398</run_address>
         <size>0x12</size>
         <alignment>0x2</alignment>
         <input_file_ref idref="fl-5"/>
      </object_component>
      <object_component id="oc-11a">
         <name>.text.DL_UART_setClockConfig</name>
         <load_address>0x13aa</load_address>
         <readonly>true</readonly>
         <executable>true</executable>
         <run_address>0x13aa</run_address>
         <size>0x12</size>
         <alignment>0x2</alignment>
         <input_file_ref idref="fl-19"/>
      </object_component>
      <object_component id="oc-6d">
         <name>.text.main</name>
         <load_address>0x13bc</load_address>
         <readonly>true</readonly>
         <executable>true</executable>
         <run_address>0x13bc</run_address>
         <size>0x12</size>
         <alignment>0x2</alignment>
         <input_file_ref idref="fl-3"/>
      </object_component>
      <object_component id="oc-7b">
         <name>.text:TI_memcpy_small</name>
         <load_address>0x13ce</load_address>
         <readonly>true</readonly>
         <executable>true</executable>
         <run_address>0x13ce</run_address>
         <size>0x12</size>
         <alignment>0x1</alignment>
         <input_file_ref idref="fl-ea"/>
      </object_component>
      <object_component id="oc-20">
         <name>.text:decompress:none</name>
         <load_address>0x13e0</load_address>
         <readonly>true</readonly>
         <executable>true</executable>
         <run_address>0x13e0</run_address>
         <size>0x12</size>
         <alignment>0x2</alignment>
         <input_file_ref idref="fl-32"/>
      </object_component>
      <object_component id="oc-e7">
         <name>.text.DL_SYSCTL_disableHFXT</name>
         <load_address>0x13f4</load_address>
         <readonly>true</readonly>
         <executable>true</executable>
         <run_address>0x13f4</run_address>
         <size>0x10</size>
         <alignment>0x4</alignment>
         <input_file_ref idref="fl-1"/>
      </object_component>
      <object_component id="oc-13d">
         <name>.text.DL_SYSCTL_isFCCDone</name>
         <load_address>0x1404</load_address>
         <readonly>true</readonly>
         <executable>true</executable>
         <run_address>0x1404</run_address>
         <size>0x10</size>
         <alignment>0x2</alignment>
         <input_file_ref idref="fl-1"/>
      </object_component>
      <object_component id="oc-13c">
         <name>.text.DL_SYSCTL_startFCC</name>
         <load_address>0x1414</load_address>
         <readonly>true</readonly>
         <executable>true</executable>
         <run_address>0x1414</run_address>
         <size>0x10</size>
         <alignment>0x4</alignment>
         <input_file_ref idref="fl-1"/>
      </object_component>
      <object_component id="oc-100">
         <name>.text.DL_Timer_setCaptureCompareValue</name>
         <load_address>0x1424</load_address>
         <readonly>true</readonly>
         <executable>true</executable>
         <run_address>0x1424</run_address>
         <size>0x10</size>
         <alignment>0x4</alignment>
         <input_file_ref idref="fl-18"/>
      </object_component>
      <object_component id="oc-f2">
         <name>.text.DL_SYSCTL_getClockStatus</name>
         <load_address>0x1434</load_address>
         <readonly>true</readonly>
         <executable>true</executable>
         <run_address>0x1434</run_address>
         <size>0xc</size>
         <alignment>0x4</alignment>
         <input_file_ref idref="fl-1"/>
      </object_component>
      <object_component id="oc-13e">
         <name>.text.DL_SYSCTL_readFCC</name>
         <load_address>0x1440</load_address>
         <readonly>true</readonly>
         <executable>true</executable>
         <run_address>0x1440</run_address>
         <size>0xc</size>
         <alignment>0x4</alignment>
         <input_file_ref idref="fl-1"/>
      </object_component>
      <object_component id="oc-d3">
         <name>.text.DL_Common_delayCycles</name>
         <load_address>0x144c</load_address>
         <readonly>true</readonly>
         <executable>true</executable>
         <run_address>0x144c</run_address>
         <size>0xa</size>
         <alignment>0x2</alignment>
         <input_file_ref idref="fl-16"/>
      </object_component>
      <object_component id="oc-44">
         <name>.text.__aeabi_memcpy</name>
         <load_address>0x1458</load_address>
         <readonly>true</readonly>
         <executable>true</executable>
         <run_address>0x1458</run_address>
         <size>0x8</size>
         <alignment>0x4</alignment>
         <input_file_ref idref="fl-e3"/>
      </object_component>
      <object_component id="oc-8c">
         <name>.text:abort</name>
         <load_address>0x1460</load_address>
         <readonly>true</readonly>
         <executable>true</executable>
         <run_address>0x1460</run_address>
         <size>0x6</size>
         <alignment>0x2</alignment>
         <input_file_ref idref="fl-36"/>
      </object_component>
      <object_component id="oc-33">
         <name>.text.Default_Handler</name>
         <load_address>0x1466</load_address>
         <readonly>true</readonly>
         <executable>true</executable>
         <run_address>0x1466</run_address>
         <size>0x4</size>
         <alignment>0x2</alignment>
         <input_file_ref idref="fl-2"/>
      </object_component>
      <object_component id="oc-ba">
         <name>.text.HOSTexit</name>
         <load_address>0x146a</load_address>
         <readonly>true</readonly>
         <executable>true</executable>
         <run_address>0x146a</run_address>
         <size>0x4</size>
         <alignment>0x2</alignment>
         <input_file_ref idref="fl-db"/>
      </object_component>
      <object_component id="oc-2f">
         <name>.text.Reset_Handler</name>
         <load_address>0x146e</load_address>
         <readonly>true</readonly>
         <executable>true</executable>
         <run_address>0x146e</run_address>
         <size>0x4</size>
         <alignment>0x2</alignment>
         <input_file_ref idref="fl-2"/>
      </object_component>
      <object_component id="oc-69">
         <name>.text._system_pre_init</name>
         <load_address>0x1472</load_address>
         <readonly>true</readonly>
         <executable>true</executable>
         <run_address>0x1472</run_address>
         <size>0x4</size>
         <alignment>0x2</alignment>
         <input_file_ref idref="fl-3a"/>
      </object_component>
      <object_component id="oc-1a4">
         <name>__TI_handler_table</name>
         <load_address>0x14e8</load_address>
         <readonly>true</readonly>
         <run_address>0x14e8</run_address>
         <size>0xc</size>
         <alignment>0x4</alignment>
      </object_component>
      <object_component id="oc-1a7">
         <name>.cinit..bss.load</name>
         <load_address>0x14f4</load_address>
         <readonly>true</readonly>
         <run_address>0x14f4</run_address>
         <size>0x8</size>
         <alignment>0x4</alignment>
      </object_component>
      <object_component id="oc-1a6">
         <name>.cinit..data.load</name>
         <load_address>0x14fc</load_address>
         <readonly>true</readonly>
         <run_address>0x14fc</run_address>
         <size>0x7</size>
         <alignment>0x1</alignment>
      </object_component>
      <object_component id="oc-1a5">
         <name>__TI_cinit_table</name>
         <load_address>0x1504</load_address>
         <readonly>true</readonly>
         <run_address>0x1504</run_address>
         <size>0x10</size>
         <alignment>0x4</alignment>
      </object_component>
      <object_component id="oc-f5">
         <name>.rodata.gSYSPLLConfig</name>
         <load_address>0x1478</load_address>
         <readonly>true</readonly>
         <run_address>0x1478</run_address>
         <size>0x28</size>
         <alignment>0x4</alignment>
         <input_file_ref idref="fl-1"/>
      </object_component>
      <object_component id="oc-10a">
         <name>.rodata.gCONTROL_LOOPTimerConfig</name>
         <load_address>0x14a0</load_address>
         <readonly>true</readonly>
         <run_address>0x14a0</run_address>
         <size>0x14</size>
         <alignment>0x4</alignment>
         <input_file_ref idref="fl-1"/>
      </object_component>
      <object_component id="oc-126">
         <name>.rodata.gDEBUGConfig</name>
         <load_address>0x14b4</load_address>
         <readonly>true</readonly>
         <run_address>0x14b4</run_address>
         <size>0xa</size>
         <alignment>0x2</alignment>
         <input_file_ref idref="fl-1"/>
      </object_component>
      <object_component id="oc-128">
         <name>.rodata.gK230_LINKConfig</name>
         <load_address>0x14be</load_address>
         <readonly>true</readonly>
         <run_address>0x14be</run_address>
         <size>0xa</size>
         <alignment>0x2</alignment>
         <input_file_ref idref="fl-1"/>
      </object_component>
      <object_component id="oc-106">
         <name>.rodata.gPWMABConfig</name>
         <load_address>0x14c8</load_address>
         <readonly>true</readonly>
         <run_address>0x14c8</run_address>
         <size>0x8</size>
         <alignment>0x4</alignment>
         <input_file_ref idref="fl-1"/>
      </object_component>
      <object_component id="oc-104">
         <name>.rodata.gSERVOConfig</name>
         <load_address>0x14d0</load_address>
         <readonly>true</readonly>
         <run_address>0x14d0</run_address>
         <size>0x8</size>
         <alignment>0x4</alignment>
         <input_file_ref idref="fl-1"/>
      </object_component>
      <object_component id="oc-109">
         <name>.rodata.gCONTROL_LOOPClockConfig</name>
         <load_address>0x14d8</load_address>
         <readonly>true</readonly>
         <run_address>0x14d8</run_address>
         <size>0x3</size>
         <alignment>0x1</alignment>
         <input_file_ref idref="fl-1"/>
      </object_component>
      <object_component id="oc-105">
         <name>.rodata.gPWMABClockConfig</name>
         <load_address>0x14db</load_address>
         <readonly>true</readonly>
         <run_address>0x14db</run_address>
         <size>0x3</size>
         <alignment>0x1</alignment>
         <input_file_ref idref="fl-1"/>
      </object_component>
      <object_component id="oc-103">
         <name>.rodata.gSERVOClockConfig</name>
         <load_address>0x14de</load_address>
         <readonly>true</readonly>
         <run_address>0x14de</run_address>
         <size>0x3</size>
         <alignment>0x1</alignment>
         <input_file_ref idref="fl-1"/>
      </object_component>
      <object_component id="oc-125">
         <name>.rodata.gDEBUGClockConfig</name>
         <load_address>0x14e1</load_address>
         <readonly>true</readonly>
         <run_address>0x14e1</run_address>
         <size>0x2</size>
         <alignment>0x1</alignment>
         <input_file_ref idref="fl-1"/>
      </object_component>
      <object_component id="oc-119">
         <name>.rodata.gEXPANSION_I2CClockConfig</name>
         <load_address>0x14e3</load_address>
         <readonly>true</readonly>
         <run_address>0x14e3</run_address>
         <size>0x2</size>
         <alignment>0x1</alignment>
         <input_file_ref idref="fl-1"/>
      </object_component>
      <object_component id="oc-127">
         <name>.rodata.gK230_LINKClockConfig</name>
         <load_address>0x14e5</load_address>
         <readonly>true</readonly>
         <run_address>0x14e5</run_address>
         <size>0x2</size>
         <alignment>0x1</alignment>
         <input_file_ref idref="fl-1"/>
      </object_component>
      <object_component id="oc-16e">
         <name>.binit</name>
         <load_address>0x0</load_address>
         <readonly>true</readonly>
         <run_address>0x0</run_address>
         <size>0x0</size>
         <alignment>0x4</alignment>
      </object_component>
      <object_component id="oc-5c">
         <name>.data.counter_1_A</name>
         <load_address>0x2020018c</load_address>
         <readwrite>true</readwrite>
         <run_address>0x2020018c</run_address>
         <size>0x4</size>
         <alignment>0x4</alignment>
         <input_file_ref idref="fl-5"/>
      </object_component>
      <object_component id="oc-5d">
         <name>.data.counter_2_A</name>
         <load_address>0x20200190</load_address>
         <readwrite>true</readwrite>
         <run_address>0x20200190</run_address>
         <size>0x4</size>
         <alignment>0x4</alignment>
         <input_file_ref idref="fl-5"/>
      </object_component>
      <object_component id="oc-b5">
         <name>.common:gSERVOBackup</name>
         <uninitialized>true</uninitialized>
         <readwrite>true</readwrite>
         <run_address>0x202000bc</run_address>
         <size>0xa0</size>
         <alignment>0x4</alignment>
      </object_component>
      <object_component id="oc-b6">
         <name>.common:gCONTROL_LOOPBackup</name>
         <uninitialized>true</uninitialized>
         <readwrite>true</readwrite>
         <run_address>0x20200000</run_address>
         <size>0xbc</size>
         <alignment>0x4</alignment>
      </object_component>
      <object_component id="oc-b7">
         <name>.common:gK230_LINKBackup</name>
         <uninitialized>true</uninitialized>
         <readwrite>true</readwrite>
         <run_address>0x2020015c</run_address>
         <size>0x30</size>
         <alignment>0x4</alignment>
      </object_component>
      <object_component id="oc-1a">
         <name>.stack</name>
         <uninitialized>true</uninitialized>
         <readwrite>true</readwrite>
         <run_address>0x20207e00</run_address>
         <size>0x4</size>
         <alignment>0x4</alignment>
         <input_file_ref idref="fl-34"/>
      </object_component>
      <object_component id="oc-1a9">
         <name>.stack</name>
         <uninitialized>true</uninitialized>
         <readwrite>true</readwrite>
         <run_address>0x20207e00</run_address>
         <size>0x0</size>
         <alignment>0x8</alignment>
      </object_component>
      <object_component id="oc-b8">
         <name>.debug_abbrev</name>
         <load_address>0x0</load_address>
         <run_address>0x0</run_address>
         <size>0x218</size>
         <alignment>0x1</alignment>
         <input_file_ref idref="fl-1"/>
      </object_component>
      <object_component id="oc-39">
         <name>.debug_abbrev</name>
         <load_address>0x218</load_address>
         <run_address>0x218</run_address>
         <size>0x6d</size>
         <alignment>0x1</alignment>
         <input_file_ref idref="fl-2"/>
      </object_component>
      <object_component id="oc-8a">
         <name>.debug_abbrev</name>
         <load_address>0x285</load_address>
         <run_address>0x285</run_address>
         <size>0x47</size>
         <alignment>0x1</alignment>
         <input_file_ref idref="fl-3"/>
      </object_component>
      <object_component id="oc-5e">
         <name>.debug_abbrev</name>
         <load_address>0x2cc</load_address>
         <run_address>0x2cc</run_address>
         <size>0x118</size>
         <alignment>0x1</alignment>
         <input_file_ref idref="fl-5"/>
      </object_component>
      <object_component id="oc-134">
         <name>.debug_abbrev</name>
         <load_address>0x3e4</load_address>
         <run_address>0x3e4</run_address>
         <size>0x62</size>
         <alignment>0x1</alignment>
         <input_file_ref idref="fl-16"/>
      </object_component>
      <object_component id="oc-14d">
         <name>.debug_abbrev</name>
         <load_address>0x446</load_address>
         <run_address>0x446</run_address>
         <size>0x1e7</size>
         <alignment>0x1</alignment>
         <input_file_ref idref="fl-17"/>
      </object_component>
      <object_component id="oc-14b">
         <name>.debug_abbrev</name>
         <load_address>0x62d</load_address>
         <run_address>0x62d</run_address>
         <size>0x286</size>
         <alignment>0x1</alignment>
         <input_file_ref idref="fl-18"/>
      </object_component>
      <object_component id="oc-14f">
         <name>.debug_abbrev</name>
         <load_address>0x8b3</load_address>
         <run_address>0x8b3</run_address>
         <size>0x29b</size>
         <alignment>0x1</alignment>
         <input_file_ref idref="fl-19"/>
      </object_component>
      <object_component id="oc-138">
         <name>.debug_abbrev</name>
         <load_address>0xb4e</load_address>
         <run_address>0xb4e</run_address>
         <size>0x218</size>
         <alignment>0x1</alignment>
         <input_file_ref idref="fl-1a"/>
      </object_component>
      <object_component id="oc-62">
         <name>.debug_abbrev</name>
         <load_address>0xd66</load_address>
         <run_address>0xd66</run_address>
         <size>0xc2</size>
         <alignment>0x1</alignment>
         <input_file_ref idref="fl-31"/>
      </object_component>
      <object_component id="oc-48">
         <name>.debug_abbrev</name>
         <load_address>0xe28</load_address>
         <run_address>0xe28</run_address>
         <size>0x70</size>
         <alignment>0x1</alignment>
         <input_file_ref idref="fl-32"/>
      </object_component>
      <object_component id="oc-40">
         <name>.debug_abbrev</name>
         <load_address>0xe98</load_address>
         <run_address>0xe98</run_address>
         <size>0x8d</size>
         <alignment>0x1</alignment>
         <input_file_ref idref="fl-33"/>
      </object_component>
      <object_component id="oc-3b">
         <name>.debug_abbrev</name>
         <load_address>0xf25</load_address>
         <run_address>0xf25</run_address>
         <size>0xaf</size>
         <alignment>0x1</alignment>
         <input_file_ref idref="fl-34"/>
      </object_component>
      <object_component id="oc-be">
         <name>.debug_abbrev</name>
         <load_address>0xfd4</load_address>
         <run_address>0xfd4</run_address>
         <size>0x98</size>
         <alignment>0x1</alignment>
         <input_file_ref idref="fl-36"/>
      </object_component>
      <object_component id="oc-c4">
         <name>.debug_abbrev</name>
         <load_address>0x106c</load_address>
         <run_address>0x106c</run_address>
         <size>0x170</size>
         <alignment>0x1</alignment>
         <input_file_ref idref="fl-39"/>
      </object_component>
      <object_component id="oc-83">
         <name>.debug_abbrev</name>
         <load_address>0x11dc</load_address>
         <run_address>0x11dc</run_address>
         <size>0x39</size>
         <alignment>0x1</alignment>
         <input_file_ref idref="fl-3a"/>
      </object_component>
      <object_component id="oc-129">
         <name>.debug_abbrev</name>
         <load_address>0x1215</load_address>
         <run_address>0x1215</run_address>
         <size>0x2c</size>
         <alignment>0x1</alignment>
         <input_file_ref idref="fl-db"/>
      </object_component>
      <object_component id="oc-157">
         <name>.debug_abbrev</name>
         <load_address>0x1241</load_address>
         <run_address>0x1241</run_address>
         <size>0x27</size>
         <alignment>0x1</alignment>
         <input_file_ref idref="fl-e0"/>
      </object_component>
      <object_component id="oc-15f">
         <name>.debug_abbrev</name>
         <load_address>0x1268</load_address>
         <run_address>0x1268</run_address>
         <size>0x27</size>
         <alignment>0x1</alignment>
         <input_file_ref idref="fl-e1"/>
      </object_component>
      <object_component id="oc-61">
         <name>.debug_abbrev</name>
         <load_address>0x128f</load_address>
         <run_address>0x128f</run_address>
         <size>0x27</size>
         <alignment>0x1</alignment>
         <input_file_ref idref="fl-e3"/>
      </object_component>
      <object_component id="oc-156">
         <name>.debug_abbrev</name>
         <load_address>0x12b6</load_address>
         <run_address>0x12b6</run_address>
         <size>0x27</size>
         <alignment>0x1</alignment>
         <input_file_ref idref="fl-e5"/>
      </object_component>
      <object_component id="oc-163">
         <name>.debug_abbrev</name>
         <load_address>0x12dd</load_address>
         <run_address>0x12dd</run_address>
         <size>0xc8</size>
         <alignment>0x1</alignment>
         <input_file_ref idref="fl-e8"/>
      </object_component>
      <object_component id="oc-160">
         <name>.debug_abbrev</name>
         <load_address>0x13a5</load_address>
         <run_address>0x13a5</run_address>
         <size>0x59</size>
         <alignment>0x1</alignment>
         <input_file_ref idref="fl-e9"/>
      </object_component>
      <object_component id="oc-a5">
         <name>.debug_abbrev</name>
         <load_address>0x13fe</load_address>
         <run_address>0x13fe</run_address>
         <size>0x25</size>
         <alignment>0x1</alignment>
         <input_file_ref idref="fl-ea"/>
      </object_component>
      <object_component id="oc-1ab">
         <name>.debug_abbrev</name>
         <load_address>0x1423</load_address>
         <run_address>0x1423</run_address>
         <size>0xf</size>
         <alignment>0x0</alignment>
      </object_component>
      <object_component id="oc-86">
         <name>.debug_info</name>
         <load_address>0x0</load_address>
         <run_address>0x0</run_address>
         <size>0x3e33</size>
         <alignment>0x1</alignment>
         <input_file_ref idref="fl-1"/>
      </object_component>
      <object_component id="oc-19">
         <name>.debug_info</name>
         <load_address>0x3e33</load_address>
         <run_address>0x3e33</run_address>
         <size>0x80</size>
         <alignment>0x1</alignment>
         <input_file_ref idref="fl-2"/>
      </object_component>
      <object_component id="oc-6e">
         <name>.debug_info</name>
         <load_address>0x3eb3</load_address>
         <run_address>0x3eb3</run_address>
         <size>0x51</size>
         <alignment>0x1</alignment>
         <input_file_ref idref="fl-3"/>
      </object_component>
      <object_component id="oc-35">
         <name>.debug_info</name>
         <load_address>0x3f04</load_address>
         <run_address>0x3f04</run_address>
         <size>0x7f2</size>
         <alignment>0x1</alignment>
         <input_file_ref idref="fl-5"/>
      </object_component>
      <object_component id="oc-d4">
         <name>.debug_info</name>
         <load_address>0x46f6</load_address>
         <run_address>0x46f6</run_address>
         <size>0x75</size>
         <alignment>0x1</alignment>
         <input_file_ref idref="fl-16"/>
      </object_component>
      <object_component id="oc-10d">
         <name>.debug_info</name>
         <load_address>0x476b</load_address>
         <run_address>0x476b</run_address>
         <size>0xcd0</size>
         <alignment>0x1</alignment>
         <input_file_ref idref="fl-17"/>
      </object_component>
      <object_component id="oc-f8">
         <name>.debug_info</name>
         <load_address>0x543b</load_address>
         <run_address>0x543b</run_address>
         <size>0x32ed</size>
         <alignment>0x1</alignment>
         <input_file_ref idref="fl-18"/>
      </object_component>
      <object_component id="oc-11c">
         <name>.debug_info</name>
         <load_address>0x8728</load_address>
         <run_address>0x8728</run_address>
         <size>0x12cf</size>
         <alignment>0x1</alignment>
         <input_file_ref idref="fl-19"/>
      </object_component>
      <object_component id="oc-eb">
         <name>.debug_info</name>
         <load_address>0x99f7</load_address>
         <run_address>0x99f7</run_address>
         <size>0x10aa</size>
         <alignment>0x1</alignment>
         <input_file_ref idref="fl-1a"/>
      </object_component>
      <object_component id="oc-4d">
         <name>.debug_info</name>
         <load_address>0xaaa1</load_address>
         <run_address>0xaaa1</run_address>
         <size>0x192</size>
         <alignment>0x1</alignment>
         <input_file_ref idref="fl-31"/>
      </object_component>
      <object_component id="oc-21">
         <name>.debug_info</name>
         <load_address>0xac33</load_address>
         <run_address>0xac33</run_address>
         <size>0xc6</size>
         <alignment>0x1</alignment>
         <input_file_ref idref="fl-32"/>
      </object_component>
      <object_component id="oc-1d">
         <name>.debug_info</name>
         <load_address>0xacf9</load_address>
         <run_address>0xacf9</run_address>
         <size>0x17c</size>
         <alignment>0x1</alignment>
         <input_file_ref idref="fl-33"/>
      </object_component>
      <object_component id="oc-1b">
         <name>.debug_info</name>
         <load_address>0xae75</load_address>
         <run_address>0xae75</run_address>
         <size>0x423</size>
         <alignment>0x1</alignment>
         <input_file_ref idref="fl-34"/>
      </object_component>
      <object_component id="oc-8d">
         <name>.debug_info</name>
         <load_address>0xb298</load_address>
         <run_address>0xb298</run_address>
         <size>0xf8</size>
         <alignment>0x1</alignment>
         <input_file_ref idref="fl-36"/>
      </object_component>
      <object_component id="oc-95">
         <name>.debug_info</name>
         <load_address>0xb390</load_address>
         <run_address>0xb390</run_address>
         <size>0x744</size>
         <alignment>0x1</alignment>
         <input_file_ref idref="fl-39"/>
      </object_component>
      <object_component id="oc-6a">
         <name>.debug_info</name>
         <load_address>0xbad4</load_address>
         <run_address>0xbad4</run_address>
         <size>0x46</size>
         <alignment>0x1</alignment>
         <input_file_ref idref="fl-3a"/>
      </object_component>
      <object_component id="oc-bb">
         <name>.debug_info</name>
         <load_address>0xbb1a</load_address>
         <run_address>0xbb1a</run_address>
         <size>0x3b</size>
         <alignment>0x1</alignment>
         <input_file_ref idref="fl-db"/>
      </object_component>
      <object_component id="oc-144">
         <name>.debug_info</name>
         <load_address>0xbb55</load_address>
         <run_address>0xbb55</run_address>
         <size>0x19f</size>
         <alignment>0x1</alignment>
         <input_file_ref idref="fl-e0"/>
      </object_component>
      <object_component id="oc-148">
         <name>.debug_info</name>
         <load_address>0xbcf4</load_address>
         <run_address>0xbcf4</run_address>
         <size>0x21f</size>
         <alignment>0x1</alignment>
         <input_file_ref idref="fl-e1"/>
      </object_component>
      <object_component id="oc-45">
         <name>.debug_info</name>
         <load_address>0xbf13</load_address>
         <run_address>0xbf13</run_address>
         <size>0x1a1</size>
         <alignment>0x1</alignment>
         <input_file_ref idref="fl-e3"/>
      </object_component>
      <object_component id="oc-140">
         <name>.debug_info</name>
         <load_address>0xc0b4</load_address>
         <run_address>0xc0b4</run_address>
         <size>0x1c4</size>
         <alignment>0x1</alignment>
         <input_file_ref idref="fl-e5"/>
      </object_component>
      <object_component id="oc-15a">
         <name>.debug_info</name>
         <load_address>0xc278</load_address>
         <run_address>0xc278</run_address>
         <size>0x2f9</size>
         <alignment>0x1</alignment>
         <input_file_ref idref="fl-e8"/>
      </object_component>
      <object_component id="oc-152">
         <name>.debug_info</name>
         <load_address>0xc571</load_address>
         <run_address>0xc571</run_address>
         <size>0x85</size>
         <alignment>0x1</alignment>
         <input_file_ref idref="fl-e9"/>
      </object_component>
      <object_component id="oc-7c">
         <name>.debug_info</name>
         <load_address>0xc5f6</load_address>
         <run_address>0xc5f6</run_address>
         <size>0x2fe</size>
         <alignment>0x1</alignment>
         <input_file_ref idref="fl-ea"/>
      </object_component>
      <object_component id="oc-1aa">
         <name>.debug_info</name>
         <load_address>0xc8f4</load_address>
         <run_address>0xc8f4</run_address>
         <size>0xaf</size>
         <alignment>0x0</alignment>
      </object_component>
      <object_component id="oc-87">
         <name>.debug_ranges</name>
         <load_address>0x0</load_address>
         <run_address>0x0</run_address>
         <size>0x200</size>
         <alignment>0x1</alignment>
         <input_file_ref idref="fl-1"/>
      </object_component>
      <object_component id="oc-30">
         <name>.debug_ranges</name>
         <load_address>0x200</load_address>
         <run_address>0x200</run_address>
         <size>0x18</size>
         <alignment>0x1</alignment>
         <input_file_ref idref="fl-2"/>
      </object_component>
      <object_component id="oc-36">
         <name>.debug_ranges</name>
         <load_address>0x218</load_address>
         <run_address>0x218</run_address>
         <size>0x18</size>
         <alignment>0x1</alignment>
         <input_file_ref idref="fl-5"/>
      </object_component>
      <object_component id="oc-10e">
         <name>.debug_ranges</name>
         <load_address>0x230</load_address>
         <run_address>0x230</run_address>
         <size>0x1f8</size>
         <alignment>0x1</alignment>
         <input_file_ref idref="fl-17"/>
      </object_component>
      <object_component id="oc-f9">
         <name>.debug_ranges</name>
         <load_address>0x428</load_address>
         <run_address>0x428</run_address>
         <size>0x1d8</size>
         <alignment>0x1</alignment>
         <input_file_ref idref="fl-18"/>
      </object_component>
      <object_component id="oc-11d">
         <name>.debug_ranges</name>
         <load_address>0x600</load_address>
         <run_address>0x600</run_address>
         <size>0x1c8</size>
         <alignment>0x1</alignment>
         <input_file_ref idref="fl-19"/>
      </object_component>
      <object_component id="oc-ec">
         <name>.debug_ranges</name>
         <load_address>0x7c8</load_address>
         <run_address>0x7c8</run_address>
         <size>0x1a8</size>
         <alignment>0x1</alignment>
         <input_file_ref idref="fl-1a"/>
      </object_component>
      <object_component id="oc-4e">
         <name>.debug_ranges</name>
         <load_address>0x970</load_address>
         <run_address>0x970</run_address>
         <size>0x18</size>
         <alignment>0x1</alignment>
         <input_file_ref idref="fl-31"/>
      </object_component>
      <object_component id="oc-43">
         <name>.debug_ranges</name>
         <load_address>0x988</load_address>
         <run_address>0x988</run_address>
         <size>0x50</size>
         <alignment>0x1</alignment>
         <input_file_ref idref="fl-33"/>
      </object_component>
      <object_component id="oc-3e">
         <name>.debug_ranges</name>
         <load_address>0x9d8</load_address>
         <run_address>0x9d8</run_address>
         <size>0x48</size>
         <alignment>0x1</alignment>
         <input_file_ref idref="fl-34"/>
      </object_component>
      <object_component id="oc-8e">
         <name>.debug_ranges</name>
         <load_address>0xa20</load_address>
         <run_address>0xa20</run_address>
         <size>0x18</size>
         <alignment>0x1</alignment>
         <input_file_ref idref="fl-36"/>
      </object_component>
      <object_component id="oc-96">
         <name>.debug_ranges</name>
         <load_address>0xa38</load_address>
         <run_address>0xa38</run_address>
         <size>0x48</size>
         <alignment>0x1</alignment>
         <input_file_ref idref="fl-39"/>
      </object_component>
      <object_component id="oc-15b">
         <name>.debug_ranges</name>
         <load_address>0xa80</load_address>
         <run_address>0xa80</run_address>
         <size>0x38</size>
         <alignment>0x1</alignment>
         <input_file_ref idref="fl-e8"/>
      </object_component>
      <object_component id="oc-153">
         <name>.debug_ranges</name>
         <load_address>0xab8</load_address>
         <run_address>0xab8</run_address>
         <size>0x18</size>
         <alignment>0x1</alignment>
         <input_file_ref idref="fl-e9"/>
      </object_component>
      <object_component id="oc-7e">
         <name>.debug_ranges</name>
         <load_address>0xad0</load_address>
         <run_address>0xad0</run_address>
         <size>0x28</size>
         <alignment>0x1</alignment>
         <input_file_ref idref="fl-ea"/>
      </object_component>
      <object_component id="oc-b9">
         <name>.debug_str</name>
         <load_address>0x0</load_address>
         <run_address>0x0</run_address>
         <size>0x3679</size>
         <alignment>0x1</alignment>
         <input_file_ref idref="fl-1"/>
      </object_component>
      <object_component id="oc-3a">
         <name>.debug_str</name>
         <load_address>0x3679</load_address>
         <run_address>0x3679</run_address>
         <size>0x16e</size>
         <alignment>0x1</alignment>
         <input_file_ref idref="fl-2"/>
      </object_component>
      <object_component id="oc-8b">
         <name>.debug_str</name>
         <load_address>0x37e7</load_address>
         <run_address>0x37e7</run_address>
         <size>0xd4</size>
         <alignment>0x1</alignment>
         <input_file_ref idref="fl-3"/>
      </object_component>
      <object_component id="oc-5f">
         <name>.debug_str</name>
         <load_address>0x38bb</load_address>
         <run_address>0x38bb</run_address>
         <size>0x705</size>
         <alignment>0x1</alignment>
         <input_file_ref idref="fl-5"/>
      </object_component>
      <object_component id="oc-135">
         <name>.debug_str</name>
         <load_address>0x3fc0</load_address>
         <run_address>0x3fc0</run_address>
         <size>0x16d</size>
         <alignment>0x1</alignment>
         <input_file_ref idref="fl-16"/>
      </object_component>
      <object_component id="oc-14e">
         <name>.debug_str</name>
         <load_address>0x412d</load_address>
         <run_address>0x412d</run_address>
         <size>0x8af</size>
         <alignment>0x1</alignment>
         <input_file_ref idref="fl-17"/>
      </object_component>
      <object_component id="oc-14c">
         <name>.debug_str</name>
         <load_address>0x49dc</load_address>
         <run_address>0x49dc</run_address>
         <size>0x1fe1</size>
         <alignment>0x1</alignment>
         <input_file_ref idref="fl-18"/>
      </object_component>
      <object_component id="oc-150">
         <name>.debug_str</name>
         <load_address>0x69bd</load_address>
         <run_address>0x69bd</run_address>
         <size>0xcf2</size>
         <alignment>0x1</alignment>
         <input_file_ref idref="fl-19"/>
      </object_component>
      <object_component id="oc-139">
         <name>.debug_str</name>
         <load_address>0x76af</load_address>
         <run_address>0x76af</run_address>
         <size>0x108c</size>
         <alignment>0x1</alignment>
         <input_file_ref idref="fl-1a"/>
      </object_component>
      <object_component id="oc-63">
         <name>.debug_str</name>
         <load_address>0x873b</load_address>
         <run_address>0x873b</run_address>
         <size>0x19f</size>
         <alignment>0x1</alignment>
         <input_file_ref idref="fl-31"/>
      </object_component>
      <object_component id="oc-49">
         <name>.debug_str</name>
         <load_address>0x88da</load_address>
         <run_address>0x88da</run_address>
         <size>0x16c</size>
         <alignment>0x1</alignment>
         <input_file_ref idref="fl-32"/>
      </object_component>
      <object_component id="oc-41">
         <name>.debug_str</name>
         <load_address>0x8a46</load_address>
         <run_address>0x8a46</run_address>
         <size>0x1d9</size>
         <alignment>0x1</alignment>
         <input_file_ref idref="fl-33"/>
      </object_component>
      <object_component id="oc-3c">
         <name>.debug_str</name>
         <load_address>0x8c1f</load_address>
         <run_address>0x8c1f</run_address>
         <size>0x229</size>
         <alignment>0x1</alignment>
         <input_file_ref idref="fl-34"/>
      </object_component>
      <object_component id="oc-bf">
         <name>.debug_str</name>
         <load_address>0x8e48</load_address>
         <run_address>0x8e48</run_address>
         <size>0x14c</size>
         <alignment>0x1</alignment>
         <input_file_ref idref="fl-36"/>
      </object_component>
      <object_component id="oc-c5">
         <name>.debug_str</name>
         <load_address>0x8f94</load_address>
         <run_address>0x8f94</run_address>
         <size>0x333</size>
         <alignment>0x1</alignment>
         <input_file_ref idref="fl-39"/>
      </object_component>
      <object_component id="oc-84">
         <name>.debug_str</name>
         <load_address>0x92c7</load_address>
         <run_address>0x92c7</run_address>
         <size>0xf9</size>
         <alignment>0x1</alignment>
         <input_file_ref idref="fl-3a"/>
      </object_component>
      <object_component id="oc-12a">
         <name>.debug_str</name>
         <load_address>0x93c0</load_address>
         <run_address>0x93c0</run_address>
         <size>0xed</size>
         <alignment>0x1</alignment>
         <input_file_ref idref="fl-db"/>
      </object_component>
      <object_component id="oc-164">
         <name>.debug_str</name>
         <load_address>0x94ad</load_address>
         <run_address>0x94ad</run_address>
         <size>0x27e</size>
         <alignment>0x1</alignment>
         <input_file_ref idref="fl-e8"/>
      </object_component>
      <object_component id="oc-161">
         <name>.debug_str</name>
         <load_address>0x972b</load_address>
[...]
         <origin>0x41c00000</origin>
         <length>0xff</length>
         <used_space>0x0</used_space>
         <unused_space>0xff</unused_space>
         <attributes>R</attributes>
         <usage_details>
         </usage_details>
      </memory_area>
      <memory_area display="yes" color="green">
         <name>BSL_CONFIG</name>
         <page_id>0x0</page_id>
         <origin>0x41c00100</origin>
         <length>0x80</length>
         <used_space>0x0</used_space>
         <unused_space>0x80</unused_space>
         <attributes>R</attributes>
         <usage_details>
         </usage_details>
      </memory_area>
   </placement_map>
   <cptbl_list>
      <cptbl>
         <name>__TI_cinit_table</name>
         <cprec>
            <name>.bss</name>
            <load_address>0x14f4</load_address>
            <load_size>0x8</load_size>
            <run_address>0x20200000</run_address>
            <run_size>0x18c</run_size>
            <compression>zero_init</compression>
         </cprec>
         <cprec>
            <name>.data</name>
            <load_address>0x14fc</load_address>
            <load_size>0x7</load_size>
            <run_address>0x2020018c</run_address>
            <run_size>0x8</run_size>
            <compression>lzss</compression>
         </cprec>
      </cptbl>
   </cptbl_list>
   <handler_table>
      <handler_table_name>__TI_handler_table</handler_table_name>
      <handler>
         <index>0x0</index>
         <name>__TI_decompress_lzss</name>
      </handler>
      <handler>
         <index>0x1</index>
         <name>__TI_decompress_none</name>
      </handler>
      <handler>
         <index>0x2</index>
         <name>__TI_zero_init</name>
      </handler>
   </handler_table>
   <symbol_table>
      <symbol id="sm-1">
         <name>__start___llvm_prf_cnts</name>
         <value>0x20200000</value>
      </symbol>
      <symbol id="sm-2">
         <name>__stop___llvm_prf_cnts</name>
         <value>0x20200000</value>
      </symbol>
      <symbol id="sm-3">
         <name>__start___llvm_prf_bits</name>
         <value>0x20200000</value>
      </symbol>
      <symbol id="sm-4">
         <name>__stop___llvm_prf_bits</name>
         <value>0x20200000</value>
      </symbol>
      <symbol id="sm-5">
         <name>__TI_CINIT_Base</name>
         <value>0x1504</value>
      </symbol>
      <symbol id="sm-6">
         <name>__TI_CINIT_Limit</name>
         <value>0x1514</value>
      </symbol>
      <symbol id="sm-7">
         <name>__TI_CINIT_Warm</name>
         <value>0x1514</value>
      </symbol>
      <symbol id="sm-8">
         <name>__TI_Handler_Table_Base</name>
         <value>0x14e8</value>
      </symbol>
      <symbol id="sm-9">
         <name>__TI_Handler_Table_Limit</name>
         <value>0x14f4</value>
      </symbol>
      <symbol id="sm-a">
         <name>binit</name>
         <value>0xffffffff</value>
      </symbol>
      <symbol id="sm-b">
         <name>__binit__</name>
         <value>0xffffffff</value>
      </symbol>
      <symbol id="sm-c">
         <name>__STACK_SIZE</name>
         <value>0x200</value>
      </symbol>
      <symbol id="sm-d">
         <name>__STACK_END</name>
         <value>0x20208000</value>
      </symbol>
      <symbol id="sm-e">
         <name>__TI_pprof_out_hndl</name>
         <value>0xffffffff</value>
      </symbol>
      <symbol id="sm-f">
         <name>__TI_prof_data_start</name>
         <value>0xffffffff</value>
      </symbol>
      <symbol id="sm-10">
         <name>__TI_prof_data_size</name>
         <value>0xffffffff</value>
      </symbol>
      <symbol id="sm-131">
         <name>SYSCFG_DL_init</name>
         <value>0xc6d</value>
         <object_component_ref idref="oc-85"/>
      </symbol>
      <symbol id="sm-132">
         <name>SYSCFG_DL_initPower</name>
         <value>0x671</value>
         <object_component_ref idref="oc-ac"/>
      </symbol>
      <symbol id="sm-133">
         <name>SYSCFG_DL_GPIO_init</name>
         <value>0xc1</value>
         <object_component_ref idref="oc-ad"/>
      </symbol>
      <symbol id="sm-134">
         <name>SYSCFG_DL_SYSCTL_init</name>
         <value>0x819</value>
         <object_component_ref idref="oc-ae"/>
      </symbol>
      <symbol id="sm-135">
         <name>SYSCFG_DL_SERVO_init</name>
         <value>0x901</value>
         <object_component_ref idref="oc-af"/>
      </symbol>
      <symbol id="sm-136">
         <name>SYSCFG_DL_PWMAB_init</name>
         <value>0x711</value>
         <object_component_ref idref="oc-b0"/>
      </symbol>
      <symbol id="sm-137">
         <name>SYSCFG_DL_CONTROL_LOOP_init</name>
         <value>0xe35</value>
         <object_component_ref idref="oc-b1"/>
      </symbol>
      <symbol id="sm-138">
         <name>SYSCFG_DL_EXPANSION_I2C_init</name>
         <value>0xa9d</value>
         <object_component_ref idref="oc-b2"/>
      </symbol>
      <symbol id="sm-139">
         <name>SYSCFG_DL_DEBUG_init</name>
         <value>0xc25</value>
         <object_component_ref idref="oc-b3"/>
      </symbol>
      <symbol id="sm-13a">
         <name>SYSCFG_DL_K230_LINK_init</name>
         <value>0xd3d</value>
         <object_component_ref idref="oc-b4"/>
      </symbol>
      <symbol id="sm-13b">
         <name>gSERVOBackup</name>
         <value>0x202000bc</value>
      </symbol>
      <symbol id="sm-13c">
         <name>gCONTROL_LOOPBackup</name>
         <value>0x20200000</value>
      </symbol>
      <symbol id="sm-13d">
         <name>gK230_LINKBackup</name>
         <value>0x2020015c</value>
      </symbol>
      <symbol id="sm-13e">
         <name>SYSCFG_DL_SYSCTL_SYSPLL_init</name>
         <value>0x4ad</value>
         <object_component_ref idref="oc-f0"/>
      </symbol>
      <symbol id="sm-149">
         <name>Default_Handler</name>
         <value>0x1467</value>
         <object_component_ref idref="oc-33"/>
      </symbol>
      <symbol id="sm-14a">
         <name>Reset_Handler</name>
         <value>0x146f</value>
         <object_component_ref idref="oc-2f"/>
      </symbol>
      <symbol id="sm-14b">
         <name>interruptVectors</name>
         <value>0x0</value>
         <object_component_ref idref="oc-18"/>
      </symbol>
      <symbol id="sm-14c">
         <name>NMI_Handler</name>
         <value>0x1467</value>
         <object_component_ref idref="oc-33"/>
      </symbol>
      <symbol id="sm-14d">
         <name>HardFault_Handler</name>
         <value>0x1467</value>
         <object_component_ref idref="oc-33"/>
      </symbol>
      <symbol id="sm-14e">
         <name>SVC_Handler</name>
         <value>0x1467</value>
         <object_component_ref idref="oc-33"/>
      </symbol>
      <symbol id="sm-14f">
         <name>PendSV_Handler</name>
         <value>0x1467</value>
         <object_component_ref idref="oc-33"/>
      </symbol>
      <symbol id="sm-150">
         <name>SysTick_Handler</name>
         <value>0x1467</value>
         <object_component_ref idref="oc-33"/>
      </symbol>
      <symbol id="sm-151">
         <name>GROUP0_IRQHandler</name>
         <value>0x1467</value>
         <object_component_ref idref="oc-33"/>
      </symbol>
      <symbol id="sm-152">
         <name>TIMG8_IRQHandler</name>
         <value>0x1467</value>
         <object_component_ref idref="oc-33"/>
      </symbol>
      <symbol id="sm-153">
         <name>UART3_IRQHandler</name>
         <value>0x1467</value>
         <object_component_ref idref="oc-33"/>
      </symbol>
      <symbol id="sm-154">
         <name>ADC0_IRQHandler</name>
         <value>0x1467</value>
         <object_component_ref idref="oc-33"/>
      </symbol>
      <symbol id="sm-155">
         <name>ADC1_IRQHandler</name>
         <value>0x1467</value>
         <object_component_ref idref="oc-33"/>
      </symbol>
      <symbol id="sm-156">
         <name>CANFD0_IRQHandler</name>
         <value>0x1467</value>
         <object_component_ref idref="oc-33"/>
      </symbol>
      <symbol id="sm-157">
         <name>DAC0_IRQHandler</name>
         <value>0x1467</value>
         <object_component_ref idref="oc-33"/>
      </symbol>
      <symbol id="sm-158">
         <name>SPI0_IRQHandler</name>
         <value>0x1467</value>
         <object_component_ref idref="oc-33"/>
      </symbol>
      <symbol id="sm-159">
         <name>SPI1_IRQHandler</name>
         <value>0x1467</value>
         <object_component_ref idref="oc-33"/>
      </symbol>
      <symbol id="sm-15a">
         <name>UART1_IRQHandler</name>
         <value>0x1467</value>
         <object_component_ref idref="oc-33"/>
      </symbol>
      <symbol id="sm-15b">
         <name>UART2_IRQHandler</name>
         <value>0x1467</value>
         <object_component_ref idref="oc-33"/>
      </symbol>
      <symbol id="sm-15c">
         <name>UART0_IRQHandler</name>
         <value>0x1467</value>
         <object_component_ref idref="oc-33"/>
      </symbol>
      <symbol id="sm-15d">
         <name>TIMG0_IRQHandler</name>
         <value>0x1467</value>
         <object_component_ref idref="oc-33"/>
      </symbol>
      <symbol id="sm-15e">
         <name>TIMG6_IRQHandler</name>
         <value>0x1467</value>
         <object_component_ref idref="oc-33"/>
      </symbol>
      <symbol id="sm-15f">
         <name>TIMA0_IRQHandler</name>
         <value>0x1467</value>
         <object_component_ref idref="oc-33"/>
      </symbol>
      <symbol id="sm-160">
         <name>TIMA1_IRQHandler</name>
         <value>0x1467</value>
         <object_component_ref idref="oc-33"/>
      </symbol>
      <symbol id="sm-161">
         <name>TIMG7_IRQHandler</name>
         <value>0x1467</value>
         <object_component_ref idref="oc-33"/>
      </symbol>
      <symbol id="sm-162">
         <name>TIMG12_IRQHandler</name>
         <value>0x1467</value>
         <object_component_ref idref="oc-33"/>
      </symbol>
      <symbol id="sm-163">
         <name>I2C0_IRQHandler</name>
         <value>0x1467</value>
         <object_component_ref idref="oc-33"/>
      </symbol>
      <symbol id="sm-164">
         <name>I2C1_IRQHandler</name>
         <value>0x1467</value>
         <object_component_ref idref="oc-33"/>
      </symbol>
      <symbol id="sm-165">
         <name>AES_IRQHandler</name>
         <value>0x1467</value>
         <object_component_ref idref="oc-33"/>
      </symbol>
      <symbol id="sm-166">
         <name>RTC_IRQHandler</name>
         <value>0x1467</value>
         <object_component_ref idref="oc-33"/>
      </symbol>
      <symbol id="sm-167">
         <name>DMA_IRQHandler</name>
         <value>0x1467</value>
         <object_component_ref idref="oc-33"/>
      </symbol>
      <symbol id="sm-16f">
         <name>main</name>
         <value>0x13bd</value>
         <object_component_ref idref="oc-6d"/>
      </symbol>
      <symbol id="sm-17d">
         <name>GROUP1_IRQHandler</name>
         <value>0xcf9</value>
         <object_component_ref idref="oc-34"/>
      </symbol>
      <symbol id="sm-17e">
         <name>counter_1_A</name>
         <value>0x2020018c</value>
         <object_component_ref idref="oc-5c"/>
      </symbol>
      <symbol id="sm-17f">
         <name>counter_2_A</name>
         <value>0x20200190</value>
         <object_component_ref idref="oc-5d"/>
      </symbol>
      <symbol id="sm-183">
         <name>__TI_ATRegion0_src_addr</name>
         <value>0x0</value>
      </symbol>
      <symbol id="sm-184">
         <name>__TI_ATRegion0_trg_addr</name>
         <value>0x0</value>
      </symbol>
      <symbol id="sm-185">
         <name>__TI_ATRegion0_region_sz</name>
         <value>0x0</value>
      </symbol>
      <symbol id="sm-186">
         <name>__TI_ATRegion1_src_addr</name>
         <value>0x0</value>
      </symbol>
      <symbol id="sm-187">
         <name>__TI_ATRegion1_trg_addr</name>
         <value>0x0</value>
      </symbol>
      <symbol id="sm-188">
         <name>__TI_ATRegion1_region_sz</name>
         <value>0x0</value>
      </symbol>
      <symbol id="sm-189">
         <name>__TI_ATRegion2_src_addr</name>
         <value>0x0</value>
      </symbol>
      <symbol id="sm-18a">
         <name>__TI_ATRegion2_trg_addr</name>
         <value>0x0</value>
      </symbol>
      <symbol id="sm-18b">
         <name>__TI_ATRegion2_region_sz</name>
         <value>0x0</value>
      </symbol>
      <symbol id="sm-194">
         <name>DL_Common_delayCycles</name>
         <value>0x144d</value>
         <object_component_ref idref="oc-d3"/>
      </symbol>
      <symbol id="sm-19e">
         <name>DL_I2C_setClockConfig</name>
         <value>0xf2f</value>
         <object_component_ref idref="oc-10b"/>
      </symbol>
      <symbol id="sm-1ba">
         <name>DL_Timer_setClockConfig</name>
         <value>0x110d</value>
         <object_component_ref idref="oc-f6"/>
      </symbol>
      <symbol id="sm-1bb">
         <name>DL_Timer_initTimerMode</name>
         <value>0x3b1</value>
         <object_component_ref idref="oc-107"/>
      </symbol>
      <symbol id="sm-1bc">
         <name>DL_Timer_setCaptureCompareValue</name>
         <value>0x1425</value>
         <object_component_ref idref="oc-100"/>
      </symbol>
      <symbol id="sm-1bd">
         <name>DL_Timer_setCaptCompUpdateMethod</name>
         <value>0x10f1</value>
         <object_component_ref idref="oc-ff"/>
      </symbol>
      <symbol id="sm-1be">
         <name>DL_Timer_setCaptureCompareOutCtl</name>
         <value>0x12ad</value>
         <object_component_ref idref="oc-fe"/>
      </symbol>
      <symbol id="sm-1bf">
         <name>DL_Timer_initFourCCPWMMode</name>
         <value>0x2ad</value>
         <object_component_ref idref="oc-fc"/>
      </symbol>
      <symbol id="sm-1cc">
         <name>DL_UART_init</name>
         <value>0xbdd</value>
         <object_component_ref idref="oc-120"/>
      </symbol>
      <symbol id="sm-1cd">
         <name>DL_UART_setClockConfig</name>
         <value>0x13ab</value>
         <object_component_ref idref="oc-11a"/>
      </symbol>
      <symbol id="sm-1e1">
         <name>DL_SYSCTL_configSYSPLL</name>
         <value>0x595</value>
         <object_component_ref idref="oc-ef"/>
      </symbol>
      <symbol id="sm-1e2">
         <name>DL_SYSCTL_switchMCLKfromSYSOSCtoHSCLK</name>
         <value>0xcb5</value>
         <object_component_ref idref="oc-f4"/>
      </symbol>
      <symbol id="sm-1e3">
         <name>DL_SYSCTL_setHFCLKSourceHFXTParams</name>
         <value>0x9d5</value>
         <object_component_ref idref="oc-e9"/>
      </symbol>
      <symbol id="sm-1e4">
         <name>DL_SYSCTL_configFCC</name>
         <value>0x1065</value>
         <object_component_ref idref="oc-13b"/>
      </symbol>
      <symbol id="sm-1ee">
         <name>__TI_zero_init_nomemset</name>
         <value>0x130b</value>
         <object_component_ref idref="oc-4b"/>
      </symbol>
      <symbol id="sm-1f7">
         <name>__TI_decompress_none</name>
         <value>0x13e1</value>
         <object_component_ref idref="oc-20"/>
      </symbol>
      <symbol id="sm-202">
         <name>__TI_decompress_lzss</name>
         <value>0x79d</value>
         <object_component_ref idref="oc-1c"/>
      </symbol>
      <symbol id="sm-20d">
         <name>_c_int00_noargs</name>
         <value>0xee1</value>
         <object_component_ref idref="oc-54"/>
      </symbol>
      <symbol id="sm-20e">
         <name>__stack</name>
         <value>0x20207e00</value>
         <object_component_ref idref="oc-1a"/>
      </symbol>
      <symbol id="sm-219">
         <name>abort</name>
         <value>0x1461</value>
         <object_component_ref idref="oc-8c"/>
      </symbol>
      <symbol id="sm-226">
         <name>__TI_auto_init_nobinit_nopinit</name>
         <value>0xdf9</value>
         <object_component_ref idref="oc-93"/>
      </symbol>
      <symbol id="sm-22e">
         <name>_system_pre_init</name>
         <value>0x1473</value>
         <object_component_ref idref="oc-69"/>
      </symbol>
      <symbol id="sm-237">
         <name>HOSTexit</name>
         <value>0x146b</value>
         <object_component_ref idref="oc-ba"/>
      </symbol>
      <symbol id="sm-238">
         <name>C$$EXIT</name>
         <value>0x146a</value>
         <object_component_ref idref="oc-ba"/>
      </symbol>
      <symbol id="sm-23e">
         <name>__aeabi_ui2d</name>
         <value>0xf55</value>
         <object_component_ref idref="oc-143"/>
      </symbol>
      <symbol id="sm-23f">
         <name>__floatunsidf</name>
         <value>0xf55</value>
         <object_component_ref idref="oc-143"/>
      </symbol>
      <symbol id="sm-245">
         <name>__aeabi_dcmpeq</name>
         <value>0xa39</value>
         <object_component_ref idref="oc-147"/>
      </symbol>
      <symbol id="sm-246">
         <name>__aeabi_dcmplt</name>
         <value>0xa4d</value>
         <object_component_ref idref="oc-147"/>
      </symbol>
      <symbol id="sm-247">
         <name>__aeabi_dcmple</name>
         <value>0xa61</value>
         <object_component_ref idref="oc-147"/>
      </symbol>
      <symbol id="sm-248">
         <name>__aeabi_dcmpge</name>
         <value>0xa75</value>
         <object_component_ref idref="oc-147"/>
      </symbol>
      <symbol id="sm-249">
         <name>__aeabi_dcmpgt</name>
         <value>0xa89</value>
         <object_component_ref idref="oc-147"/>
      </symbol>
      <symbol id="sm-24f">
         <name>__aeabi_memcpy</name>
         <value>0x1459</value>
         <object_component_ref idref="oc-44"/>
      </symbol>
      <symbol id="sm-250">
         <name>__aeabi_memcpy4</name>
         <value>0x1459</value>
         <object_component_ref idref="oc-44"/>
      </symbol>
      <symbol id="sm-251">
         <name>__aeabi_memcpy8</name>
         <value>0x1459</value>
         <object_component_ref idref="oc-44"/>
      </symbol>
      <symbol id="sm-257">
         <name>__aeabi_uidiv</name>
         <value>0xd7d</value>
         <object_component_ref idref="oc-13f"/>
      </symbol>
      <symbol id="sm-258">
         <name>__aeabi_uidivmod</name>
         <value>0xd7d</value>
         <object_component_ref idref="oc-13f"/>
      </symbol>
      <symbol id="sm-266">
         <name>__ledf2</name>
         <value>0x96d</value>
         <object_component_ref idref="oc-158"/>
      </symbol>
      <symbol id="sm-267">
         <name>__gedf2</name>
         <value>0x88d</value>
         <object_component_ref idref="oc-15e"/>
      </symbol>
      <symbol id="sm-268">
         <name>__cmpdf2</name>
         <value>0x96d</value>
         <object_component_ref idref="oc-158"/>
      </symbol>
      <symbol id="sm-269">
         <name>__eqdf2</name>
         <value>0x96d</value>
         <object_component_ref idref="oc-158"/>
      </symbol>
      <symbol id="sm-26a">
         <name>__ltdf2</name>
         <value>0x96d</value>
         <object_component_ref idref="oc-158"/>
      </symbol>
      <symbol id="sm-26b">
         <name>__nedf2</name>
         <value>0x96d</value>
         <object_component_ref idref="oc-158"/>
      </symbol>
      <symbol id="sm-26c">
         <name>__gtdf2</name>
         <value>0x88d</value>
         <object_component_ref idref="oc-15e"/>
      </symbol>
      <symbol id="sm-276">
         <name>__aeabi_idiv0</name>
         <value>0xa9b</value>
         <object_component_ref idref="oc-151"/>
      </symbol>
      <symbol id="sm-27f">
         <name>TI_memcpy_small</name>
         <value>0x13cf</value>
         <object_component_ref idref="oc-7b"/>
      </symbol>
      <symbol id="sm-280">
         <name>__TI_static_base__</name>
         <value>0x0</value>
      </symbol>
      <symbol id="sm-283">
         <name>__mpu_init</name>
         <value>0x0</value>
      </symbol>
      <symbol id="sm-284">
         <name>_system_post_cinit</name>
         <value>0x0</value>
      </symbol>
   </symbol_table>
   <title>Link successful</title>
</link_info>
