******************************************************************************
            TI ARM Clang Linker Unix v4.0.2                    
******************************************************************************
>> Linked Wed Jul 29 18:20:51 2026

OUTPUT FILE NAME:   <12_Encoder_Line_Car.out>
ENTRY POINT SYMBOL: "_c_int00_noargs"  address: 00000ee1


MEMORY CONFIGURATION

         name            origin    length      used     unused   attr    fill
----------------------  --------  ---------  --------  --------  ----  --------
  FLASH                 00000000   00020000  00001518  0001eae8  R  X
  SRAM                  20200000   00008000  00000394  00007c6c  RW X
  BCR_CONFIG            41c00000   000000ff  00000000  000000ff  R   
  BSL_CONFIG            41c00100   00000080  00000000  00000080  R   


SEGMENT ALLOCATION MAP

run origin  load origin   length   init length attrs members
----------  ----------- ---------- ----------- ----- -------
00000000    00000000    00001518   00001518    r-x
  00000000    00000000    000000c0   000000c0    r-- .intvecs
  000000c0    000000c0    000013b8   000013b8    r-x .text
  00001478    00001478    00000070   00000070    r-- .rodata
  000014e8    000014e8    00000030   00000030    r-- .cinit
20200000    20200000    00000194   00000000    rw-
  20200000    20200000    0000018c   00000000    rw- .bss
  2020018c    2020018c    00000008   00000000    rw- .data
20207e00    20207e00    00000200   00000000    rw-
  20207e00    20207e00    00000200   00000000    rw- .stack


SECTION ALLOCATION MAP

 output                                  attributes/
section   page    origin      length       input sections
--------  ----  ----------  ----------   ----------------
.intvecs   0    00000000    000000c0     
                  00000000    000000c0     startup_mspm0g350x_ticlang.o (.intvecs)

.text      0    000000c0    000013b8     
                  000000c0    000001ec     ti_msp_dl_config.o (.text.SYSCFG_DL_GPIO_init)
                  000002ac    00000104     driverlib.a : dl_timer.o (.text.DL_Timer_initFourCCPWMMode)
                  000003b0    000000fc                 : dl_timer.o (.text.DL_Timer_initTimerMode)
                  000004ac    000000e8     ti_msp_dl_config.o (.text.SYSCFG_DL_SYSCTL_SYSPLL_init)
                  00000594    000000dc     driverlib.a : dl_sysctl_mspm0g1x0x_g3x0x.o (.text.DL_SYSCTL_configSYSPLL)
                  00000670    000000a0     ti_msp_dl_config.o (.text.SYSCFG_DL_initPower)
                  00000710    0000008c     ti_msp_dl_config.o (.text.SYSCFG_DL_PWMAB_init)
                  0000079c    0000007c     libc.a : copy_decompress_lzss.c.obj (.text:decompress:lzss)
                  00000818    00000074     ti_msp_dl_config.o (.text.SYSCFG_DL_SYSCTL_init)
                  0000088c    00000074     libclang_rt.builtins.a : comparedf2.c.obj (.text.__gedf2)
                  00000900    0000006c     ti_msp_dl_config.o (.text.SYSCFG_DL_SERVO_init)
                  0000096c    00000068     libclang_rt.builtins.a : comparedf2.c.obj (.text.__ledf2)
                  000009d4    00000064     driverlib.a : dl_sysctl_mspm0g1x0x_g3x0x.o (.text.DL_SYSCTL_setHFCLKSourceHFXTParams)
                  00000a38    00000062     libclang_rt.builtins.a : aeabi_dcmp.S.obj (.text.__aeabi_dcmp)
                  00000a9a    00000002                            : aeabi_div0.c.obj (.text.__aeabi_idiv0)
                  00000a9c    00000058     ti_msp_dl_config.o (.text.SYSCFG_DL_EXPANSION_I2C_init)
                  00000af4    00000050     ti_msp_dl_config.o (.text.DL_GPIO_initPeripheralInputFunctionFeatures)
                  00000b44    0000004c     ti_msp_dl_config.o (.text.DL_GPIO_initDigitalInputFeatures)
                  00000b90    0000004c     ti_msp_dl_config.o (.text.DL_UART_setBaudRateDivisor)
                  00000bdc    00000048     driverlib.a : dl_uart.o (.text.DL_UART_init)
                  00000c24    00000048     ti_msp_dl_config.o (.text.SYSCFG_DL_DEBUG_init)
                  00000c6c    00000048     ti_msp_dl_config.o (.text.SYSCFG_DL_init)
                  00000cb4    00000044     driverlib.a : dl_sysctl_mspm0g1x0x_g3x0x.o (.text.DL_SYSCTL_switchMCLKfromSYSOSCtoHSCLK)
                  00000cf8    00000044     key.o (.text.GROUP1_IRQHandler)
                  00000d3c    00000040     ti_msp_dl_config.o (.text.SYSCFG_DL_K230_LINK_init)
                  00000d7c    00000040     libclang_rt.builtins.a : aeabi_uidivmod.S.obj (.text.__aeabi_uidivmod)
                  00000dbc    0000003c     ti_msp_dl_config.o (.text.DL_Timer_setCounterControl)
                  00000df8    0000003c     libc.a : autoinit.c.obj (.text:__TI_auto_init_nobinit_nopinit)
                  00000e34    00000034     ti_msp_dl_config.o (.text.SYSCFG_DL_CONTROL_LOOP_init)
                  00000e68    00000028     ti_msp_dl_config.o (.text.DL_Common_updateReg)
                  00000e90    00000028     ti_msp_dl_config.o (.text.DL_I2C_setControllerRXFIFOThreshold)
                  00000eb8    00000028     ti_msp_dl_config.o (.text.DL_I2C_setControllerTXFIFOThreshold)
                  00000ee0    00000028     libc.a : boot_cortex_m.c.obj (.text:_c_int00_noargs)
                  00000f08    00000026     ti_msp_dl_config.o (.text.DL_I2C_setAnalogGlitchFilterPulseWidth)
                  00000f2e    00000026     driverlib.a : dl_i2c.o (.text.DL_I2C_setClockConfig)
                  00000f54    00000024     libclang_rt.builtins.a : floatunsidf.S.obj (.text.__floatunsidf)
                  00000f78    00000020     ti_msp_dl_config.o (.text.DL_GPIO_initPeripheralInputFunction)
                  00000f98    00000020     ti_msp_dl_config.o (.text.DL_SYSCTL_setFlashWaitState)
                  00000fb8    0000001e     ti_msp_dl_config.o (.text.DL_UART_setOversampling)
                  00000fd6    00000002     --HOLE-- [fill = 0]
                  00000fd8    0000001c     ti_msp_dl_config.o (.text.DL_GPIO_clearInterruptStatus)
                  00000ff4    0000001c     ti_msp_dl_config.o (.text.DL_GPIO_enableHiZ)
                  00001010    0000001c     ti_msp_dl_config.o (.text.DL_GPIO_enableInterrupt)
                  0000102c    0000001c     ti_msp_dl_config.o (.text.DL_GPIO_initPeripheralOutputFunction)
                  00001048    0000001c     ti_msp_dl_config.o (.text.DL_GPIO_setLowerPinsPolarity)
                  00001064    0000001c     driverlib.a : dl_sysctl_mspm0g1x0x_g3x0x.o (.text.DL_SYSCTL_configFCC)
                  00001080    0000001c     ti_msp_dl_config.o (.text.DL_SYSCTL_setFCCPeriods)
                  0000109c    0000001c     ti_msp_dl_config.o (.text.DL_SYSCTL_setSYSOSCFreq)
                  000010b8    0000001c     ti_msp_dl_config.o (.text.DL_SYSCTL_setULPCLKDivider)
                  000010d4    0000001c     ti_msp_dl_config.o (.text.DL_Timer_enableInterrupt)
                  000010f0    0000001c     driverlib.a : dl_timer.o (.text.DL_Timer_setCaptCompUpdateMethod)
                  0000110c    0000001c                 : dl_timer.o (.text.DL_Timer_setClockConfig)
                  00001128    0000001c     ti_msp_dl_config.o (.text.DL_UART_enableInterrupt)
                  00001144    00000018     ti_msp_dl_config.o (.text.DL_GPIO_enableOutput)
                  0000115c    00000018     ti_msp_dl_config.o (.text.DL_GPIO_enablePower)
                  00001174    00000018     ti_msp_dl_config.o (.text.DL_GPIO_initDigitalOutput)
                  0000118c    00000018     ti_msp_dl_config.o (.text.DL_GPIO_initPeripheralAnalogFunction)
                  000011a4    00000018     ti_msp_dl_config.o (.text.DL_GPIO_reset)
                  000011bc    00000018     ti_msp_dl_config.o (.text.DL_GPIO_setUpperPinsPolarity)
                  000011d4    00000018     ti_msp_dl_config.o (.text.DL_I2C_enableAnalogGlitchFilter)
                  000011ec    00000018     ti_msp_dl_config.o (.text.DL_I2C_enableController)
                  00001204    00000018     ti_msp_dl_config.o (.text.DL_I2C_enableControllerClockStretching)
                  0000121c    00000018     ti_msp_dl_config.o (.text.DL_I2C_enablePower)
                  00001234    00000018     ti_msp_dl_config.o (.text.DL_I2C_reset)
                  0000124c    00000018     ti_msp_dl_config.o (.text.DL_I2C_setTimerPeriod)
                  00001264    00000018     ti_msp_dl_config.o (.text.DL_SYSCTL_setBORThreshold)
                  0000127c    00000018     ti_msp_dl_config.o (.text.DL_Timer_enablePower)
                  00001294    00000018     ti_msp_dl_config.o (.text.DL_Timer_reset)
                  000012ac    00000018     driverlib.a : dl_timer.o (.text.DL_Timer_setCaptureCompareOutCtl)
                  000012c4    00000018     ti_msp_dl_config.o (.text.DL_UART_enablePower)
                  000012dc    00000018     ti_msp_dl_config.o (.text.DL_UART_reset)
                  000012f4    00000016     ti_msp_dl_config.o (.text.DL_UART_enable)
                  0000130a    00000016     libc.a : copy_zero_init.c.obj (.text:decompress:ZI:__TI_zero_init_nomemset)
                  00001320    00000014     ti_msp_dl_config.o (.text.DL_GPIO_clearPins)
                  00001334    00000014     ti_msp_dl_config.o (.text.DL_I2C_resetControllerTransfer)
                  00001348    00000014     ti_msp_dl_config.o (.text.DL_SYSCTL_disableSYSPLL)
                  0000135c    00000014     ti_msp_dl_config.o (.text.DL_SYSCTL_enableSYSPLL)
                  00001370    00000014     ti_msp_dl_config.o (.text.DL_Timer_enableClock)
                  00001384    00000014     ti_msp_dl_config.o (.text.DL_Timer_setCCPDirection)
                  00001398    00000012     key.o (.text.DL_GPIO_getPendingInterrupt)
                  000013aa    00000012     driverlib.a : dl_uart.o (.text.DL_UART_setClockConfig)
                  000013bc    00000012     main.o (.text.main)
                  000013ce    00000012     libc.a : memcpy16.S.obj (.text:TI_memcpy_small)
                  000013e0    00000012            : copy_decompress_none.c.obj (.text:decompress:none)
                  000013f2    00000002     --HOLE-- [fill = 0]
                  000013f4    00000010     ti_msp_dl_config.o (.text.DL_SYSCTL_disableHFXT)
                  00001404    00000010     ti_msp_dl_config.o (.text.DL_SYSCTL_isFCCDone)
                  00001414    00000010     ti_msp_dl_config.o (.text.DL_SYSCTL_startFCC)
                  00001424    00000010     driverlib.a : dl_timer.o (.text.DL_Timer_setCaptureCompareValue)
                  00001434    0000000c     ti_msp_dl_config.o (.text.DL_SYSCTL_getClockStatus)
                  00001440    0000000c     ti_msp_dl_config.o (.text.DL_SYSCTL_readFCC)
                  0000144c    0000000a     driverlib.a : dl_common.o (.text.DL_Common_delayCycles)
                  00001456    00000002     --HOLE-- [fill = 0]
                  00001458    00000008     libclang_rt.builtins.a : aeabi_memcpy.S.obj (.text.__aeabi_memcpy)
                  00001460    00000006     libc.a : exit.c.obj (.text:abort)
                  00001466    00000004     startup_mspm0g350x_ticlang.o (.text.Default_Handler)
                  0000146a    00000004     libsysbm.a : hostexit.c.obj (.text.HOSTexit)
                  0000146e    00000004     startup_mspm0g350x_ticlang.o (.text.Reset_Handler)
                  00001472    00000004     libc.a : pre_init.c.obj (.text._system_pre_init)
                  00001476    00000002     --HOLE-- [fill = 0]

.cinit     0    000014e8    00000030     
                  000014e8    0000000c     (__TI_handler_table)
                  000014f4    00000008     (.cinit..bss.load) [load image, compression = zero_init]
                  000014fc    00000007     (.cinit..data.load) [load image, compression = lzss]
                  00001503    00000001     --HOLE-- [fill = 0]
                  00001504    00000010     (__TI_cinit_table)
                  00001514    00000004     --HOLE-- [fill = 0]

.rodata    0    00001478    00000070     
                  00001478    00000028     ti_msp_dl_config.o (.rodata.gSYSPLLConfig)
                  000014a0    00000014     ti_msp_dl_config.o (.rodata.gCONTROL_LOOPTimerConfig)
                  000014b4    0000000a     ti_msp_dl_config.o (.rodata.gDEBUGConfig)
                  000014be    0000000a     ti_msp_dl_config.o (.rodata.gK230_LINKConfig)
                  000014c8    00000008     ti_msp_dl_config.o (.rodata.gPWMABConfig)
                  000014d0    00000008     ti_msp_dl_config.o (.rodata.gSERVOConfig)
                  000014d8    00000003     ti_msp_dl_config.o (.rodata.gCONTROL_LOOPClockConfig)
                  000014db    00000003     ti_msp_dl_config.o (.rodata.gPWMABClockConfig)
                  000014de    00000003     ti_msp_dl_config.o (.rodata.gSERVOClockConfig)
                  000014e1    00000002     ti_msp_dl_config.o (.rodata.gDEBUGClockConfig)
                  000014e3    00000002     ti_msp_dl_config.o (.rodata.gEXPANSION_I2CClockConfig)
                  000014e5    00000002     ti_msp_dl_config.o (.rodata.gK230_LINKClockConfig)
                  000014e7    00000001     --HOLE-- [fill = 0]

.init_array 
*          0    00000000    00000000     UNINITIALIZED

.binit     0    00000000    00000000     

.bss       0    20200000    0000018c     UNINITIALIZED
                  20200000    000000bc     (.common:gCONTROL_LOOPBackup)
                  202000bc    000000a0     (.common:gSERVOBackup)
                  2020015c    00000030     (.common:gK230_LINKBackup)

.data      0    2020018c    00000008     UNINITIALIZED
                  2020018c    00000004     key.o (.data.counter_1_A)
                  20200190    00000004     key.o (.data.counter_2_A)

.stack     0    20207e00    00000200     UNINITIALIZED
                  20207e00    00000004     libc.a : boot_cortex_m.c.obj (.stack)
                  20207e04    000001fc     --HOLE--

__llvm_prf_cnts 
*          0    20200000    00000000     UNINITIALIZED

__llvm_prf_bits 
*          0    20200000    00000000     UNINITIALIZED

MODULE SUMMARY

       Module                         code   ro data   rw data
       ------                         ----   -------   -------
    ./
       ti_msp_dl_config.o             3042   111       396    
       startup_mspm0g350x_ticlang.o   8      192       0      
       main.o                         18     0         0      
    +--+------------------------------+------+---------+---------+
       Total:                         3068   303       396    
                                                              
    ./user_driver/
       key.o                          86     0         8      
    +--+------------------------------+------+---------+---------+
       Total:                         86     0         8      
                                                              
    /Users/rylum/ti/mspm0_sdk_2_10_00_04/source/ti/driverlib/lib/ticlang/m0p/mspm0g1x0x_g3x0x/driverlib.a
       dl_timer.o                     608    0         0      
       dl_sysctl_mspm0g1x0x_g3x0x.o   416    0         0      
       dl_uart.o                      90     0         0      
       dl_i2c.o                       38     0         0      
       dl_common.o                    10     0         0      
    +--+------------------------------+------+---------+---------+
       Total:                         1162   0         0      
                                                              
    /Users/rylum/ti/ti_cgt_arm_llvm_4.0.2.LTS/lib/armv6m-ti-none-eabi/c/libc.a
       copy_decompress_lzss.c.obj     124    0         0      
       autoinit.c.obj                 60     0         0      
       boot_cortex_m.c.obj            40     0         0      
       copy_zero_init.c.obj           22     0         0      
       copy_decompress_none.c.obj     18     0         0      
       memcpy16.S.obj                 18     0         0      
       exit.c.obj                     6      0         0      
       pre_init.c.obj                 4      0         0      
    +--+------------------------------+------+---------+---------+
       Total:                         292    0         0      
                                                              
    /Users/rylum/ti/ti_cgt_arm_llvm_4.0.2.LTS/lib/armv6m-ti-none-eabi/c/libsysbm.a
       hostexit.c.obj                 4      0         0      
    +--+------------------------------+------+---------+---------+
       Total:                         4      0         0      
                                                              
    /Users/rylum/ti/ti_cgt_arm_llvm_4.0.2.LTS/lib/armv6m-ti-none-eabi/libclang_rt.builtins.a
       comparedf2.c.obj               220    0         0      
       aeabi_dcmp.S.obj               98     0         0      
       aeabi_uidivmod.S.obj           64     0         0      
       floatunsidf.S.obj              36     0         0      
       aeabi_memcpy.S.obj             8      0         0      
       aeabi_div0.c.obj               2      0         0      
    +--+------------------------------+------+---------+---------+
       Total:                         428    0         0      
                                                              
       Stack:                         0      0         512    
       Linker Generated:              0      43        0      
    +--+------------------------------+------+---------+---------+
       Grand Total:                   5040   346       916    


LINKER GENERATED COPY TABLES

__TI_cinit_table @ 00001504 records: 2, size/record: 8, table size: 16
	.bss: load addr=000014f4, load size=00000008 bytes, run addr=20200000, run size=0000018c bytes, compression=zero_init
	.data: load addr=000014fc, load size=00000007 bytes, run addr=2020018c, run size=00000008 bytes, compression=lzss


LINKER GENERATED HANDLER TABLE

__TI_handler_table @ 000014e8 records: 3, size/record: 4, table size: 12
	index: 0, handler: __TI_decompress_lzss
	index: 1, handler: __TI_decompress_none
	index: 2, handler: __TI_zero_init


GLOBAL SYMBOLS: SORTED ALPHABETICALLY BY Name 

address   name                                 
-------   ----                                 
00001467  ADC0_IRQHandler                      
00001467  ADC1_IRQHandler                      
00001467  AES_IRQHandler                       
0000146a  C$$EXIT                              
00001467  CANFD0_IRQHandler                    
00001467  DAC0_IRQHandler                      
0000144d  DL_Common_delayCycles                
00000f2f  DL_I2C_setClockConfig                
00001065  DL_SYSCTL_configFCC                  
00000595  DL_SYSCTL_configSYSPLL               
000009d5  DL_SYSCTL_setHFCLKSourceHFXTParams   
00000cb5  DL_SYSCTL_switchMCLKfromSYSOSCtoHSCLK
000002ad  DL_Timer_initFourCCPWMMode           
000003b1  DL_Timer_initTimerMode               
000010f1  DL_Timer_setCaptCompUpdateMethod     
000012ad  DL_Timer_setCaptureCompareOutCtl     
00001425  DL_Timer_setCaptureCompareValue      
0000110d  DL_Timer_setClockConfig              
00000bdd  DL_UART_init                         
000013ab  DL_UART_setClockConfig               
00001467  DMA_IRQHandler                       
00001467  Default_Handler                      
00001467  GROUP0_IRQHandler                    
00000cf9  GROUP1_IRQHandler                    
0000146b  HOSTexit                             
00001467  HardFault_Handler                    
00001467  I2C0_IRQHandler                      
00001467  I2C1_IRQHandler                      
00001467  NMI_Handler                          
00001467  PendSV_Handler                       
00001467  RTC_IRQHandler                       
0000146f  Reset_Handler                        
00001467  SPI0_IRQHandler                      
00001467  SPI1_IRQHandler                      
00001467  SVC_Handler                          
00000e35  SYSCFG_DL_CONTROL_LOOP_init          
00000c25  SYSCFG_DL_DEBUG_init                 
00000a9d  SYSCFG_DL_EXPANSION_I2C_init         
000000c1  SYSCFG_DL_GPIO_init                  
00000d3d  SYSCFG_DL_K230_LINK_init             
00000711  SYSCFG_DL_PWMAB_init                 
00000901  SYSCFG_DL_SERVO_init                 
000004ad  SYSCFG_DL_SYSCTL_SYSPLL_init         
00000819  SYSCFG_DL_SYSCTL_init                
00000c6d  SYSCFG_DL_init                       
00000671  SYSCFG_DL_initPower                  
00001467  SysTick_Handler                      
00001467  TIMA0_IRQHandler                     
00001467  TIMA1_IRQHandler                     
00001467  TIMG0_IRQHandler                     
00001467  TIMG12_IRQHandler                    
00001467  TIMG6_IRQHandler                     
00001467  TIMG7_IRQHandler                     
00001467  TIMG8_IRQHandler                     
000013cf  TI_memcpy_small                      
00001467  UART0_IRQHandler                     
00001467  UART1_IRQHandler                     
00001467  UART2_IRQHandler                     
00001467  UART3_IRQHandler                     
20208000  __STACK_END                          
00000200  __STACK_SIZE                         
00000000  __TI_ATRegion0_region_sz             
00000000  __TI_ATRegion0_src_addr              
00000000  __TI_ATRegion0_trg_addr              
00000000  __TI_ATRegion1_region_sz             
00000000  __TI_ATRegion1_src_addr              
00000000  __TI_ATRegion1_trg_addr              
00000000  __TI_ATRegion2_region_sz             
00000000  __TI_ATRegion2_src_addr              
00000000  __TI_ATRegion2_trg_addr              
00001504  __TI_CINIT_Base                      
00001514  __TI_CINIT_Limit                     
00001514  __TI_CINIT_Warm                      
000014e8  __TI_Handler_Table_Base              
000014f4  __TI_Handler_Table_Limit             
00000df9  __TI_auto_init_nobinit_nopinit       
0000079d  __TI_decompress_lzss                 
000013e1  __TI_decompress_none                 
ffffffff  __TI_pprof_out_hndl                  
ffffffff  __TI_prof_data_size                  
ffffffff  __TI_prof_data_start                 
00000000  __TI_static_base__                   
0000130b  __TI_zero_init_nomemset              
00000a39  __aeabi_dcmpeq                       
00000a75  __aeabi_dcmpge                       
00000a89  __aeabi_dcmpgt                       
00000a61  __aeabi_dcmple                       
00000a4d  __aeabi_dcmplt                       
00000a9b  __aeabi_idiv0                        
00001459  __aeabi_memcpy                       
00001459  __aeabi_memcpy4                      
00001459  __aeabi_memcpy8                      
00000f55  __aeabi_ui2d                         
00000d7d  __aeabi_uidiv                        
00000d7d  __aeabi_uidivmod                     
ffffffff  __binit__                            
0000096d  __cmpdf2                             
0000096d  __eqdf2                              
00000f55  __floatunsidf                        
0000088d  __gedf2                              
0000088d  __gtdf2                              
0000096d  __ledf2                              
0000096d  __ltdf2                              
UNDEFED   __mpu_init                           
0000096d  __nedf2                              
20207e00  __stack                              
20200000  __start___llvm_prf_bits              
20200000  __start___llvm_prf_cnts              
20200000  __stop___llvm_prf_bits               
20200000  __stop___llvm_prf_cnts               
00000ee1  _c_int00_noargs                      
UNDEFED   _system_post_cinit                   
00001473  _system_pre_init                     
00001461  abort                                
ffffffff  binit                                
2020018c  counter_1_A                          
20200190  counter_2_A                          
20200000  gCONTROL_LOOPBackup                  
2020015c  gK230_LINKBackup                     
202000bc  gSERVOBackup                         
00000000  interruptVectors                     
000013bd  main                                 


GLOBAL SYMBOLS: SORTED BY Symbol Address 

address   name                                 
-------   ----                                 
00000000  __TI_ATRegion0_region_sz             
00000000  __TI_ATRegion0_src_addr              
00000000  __TI_ATRegion0_trg_addr              
00000000  __TI_ATRegion1_region_sz             
00000000  __TI_ATRegion1_src_addr              
00000000  __TI_ATRegion1_trg_addr              
00000000  __TI_ATRegion2_region_sz             
00000000  __TI_ATRegion2_src_addr              
00000000  __TI_ATRegion2_trg_addr              
00000000  __TI_static_base__                   
00000000  interruptVectors                     
000000c1  SYSCFG_DL_GPIO_init                  
00000200  __STACK_SIZE                         
000002ad  DL_Timer_initFourCCPWMMode           
000003b1  DL_Timer_initTimerMode               
000004ad  SYSCFG_DL_SYSCTL_SYSPLL_init         
00000595  DL_SYSCTL_configSYSPLL               
00000671  SYSCFG_DL_initPower                  
00000711  SYSCFG_DL_PWMAB_init                 
0000079d  __TI_decompress_lzss                 
00000819  SYSCFG_DL_SYSCTL_init                
0000088d  __gedf2                              
0000088d  __gtdf2                              
00000901  SYSCFG_DL_SERVO_init                 
0000096d  __cmpdf2                             
0000096d  __eqdf2                              
0000096d  __ledf2                              
0000096d  __ltdf2                              
0000096d  __nedf2                              
000009d5  DL_SYSCTL_setHFCLKSourceHFXTParams   
00000a39  __aeabi_dcmpeq                       
00000a4d  __aeabi_dcmplt                       
00000a61  __aeabi_dcmple                       
00000a75  __aeabi_dcmpge                       
00000a89  __aeabi_dcmpgt                       
00000a9b  __aeabi_idiv0                        
00000a9d  SYSCFG_DL_EXPANSION_I2C_init         
00000bdd  DL_UART_init                         
00000c25  SYSCFG_DL_DEBUG_init                 
00000c6d  SYSCFG_DL_init                       
00000cb5  DL_SYSCTL_switchMCLKfromSYSOSCtoHSCLK
00000cf9  GROUP1_IRQHandler                    
00000d3d  SYSCFG_DL_K230_LINK_init             
00000d7d  __aeabi_uidiv                        
00000d7d  __aeabi_uidivmod                     
00000df9  __TI_auto_init_nobinit_nopinit       
00000e35  SYSCFG_DL_CONTROL_LOOP_init          
00000ee1  _c_int00_noargs                      
00000f2f  DL_I2C_setClockConfig                
00000f55  __aeabi_ui2d                         
00000f55  __floatunsidf                        
00001065  DL_SYSCTL_configFCC                  
000010f1  DL_Timer_setCaptCompUpdateMethod     
0000110d  DL_Timer_setClockConfig              
000012ad  DL_Timer_setCaptureCompareOutCtl     
0000130b  __TI_zero_init_nomemset              
000013ab  DL_UART_setClockConfig               
000013bd  main                                 
000013cf  TI_memcpy_small                      
000013e1  __TI_decompress_none                 
00001425  DL_Timer_setCaptureCompareValue      
0000144d  DL_Common_delayCycles                
00001459  __aeabi_memcpy                       
00001459  __aeabi_memcpy4                      
00001459  __aeabi_memcpy8                      
00001461  abort                                
00001467  ADC0_IRQHandler                      
00001467  ADC1_IRQHandler                      
00001467  AES_IRQHandler                       
00001467  CANFD0_IRQHandler                    
00001467  DAC0_IRQHandler                      
00001467  DMA_IRQHandler                       
00001467  Default_Handler                      
00001467  GROUP0_IRQHandler                    
00001467  HardFault_Handler                    
00001467  I2C0_IRQHandler                      
00001467  I2C1_IRQHandler                      
00001467  NMI_Handler                          
00001467  PendSV_Handler                       
00001467  RTC_IRQHandler                       
00001467  SPI0_IRQHandler                      
00001467  SPI1_IRQHandler                      
00001467  SVC_Handler                          
00001467  SysTick_Handler                      
00001467  TIMA0_IRQHandler                     
00001467  TIMA1_IRQHandler                     
00001467  TIMG0_IRQHandler                     
00001467  TIMG12_IRQHandler                    
00001467  TIMG6_IRQHandler                     
00001467  TIMG7_IRQHandler                     
00001467  TIMG8_IRQHandler                     
00001467  UART0_IRQHandler                     
00001467  UART1_IRQHandler                     
00001467  UART2_IRQHandler                     
00001467  UART3_IRQHandler                     
0000146a  C$$EXIT                              
0000146b  HOSTexit                             
0000146f  Reset_Handler                        
00001473  _system_pre_init                     
000014e8  __TI_Handler_Table_Base              
000014f4  __TI_Handler_Table_Limit             
00001504  __TI_CINIT_Base                      
00001514  __TI_CINIT_Limit                     
00001514  __TI_CINIT_Warm                      
20200000  __start___llvm_prf_bits              
20200000  __start___llvm_prf_cnts              
20200000  __stop___llvm_prf_bits               
20200000  __stop___llvm_prf_cnts               
20200000  gCONTROL_LOOPBackup                  
202000bc  gSERVOBackup                         
2020015c  gK230_LINKBackup                     
2020018c  counter_1_A                          
20200190  counter_2_A                          
20207e00  __stack                              
20208000  __STACK_END                          
ffffffff  __TI_pprof_out_hndl                  
ffffffff  __TI_prof_data_size                  
ffffffff  __TI_prof_data_start                 
ffffffff  __binit__                            
ffffffff  binit                                
UNDEFED   __mpu_init                           
UNDEFED   _system_post_cinit                   

[122 symbols]
